Microchip MPLAB XC8 Compiler V2.40

Linker command line:

-W-3 --edf=/opt/microchip/xc8/v2.40/pic/dat/20220703182018_en.msgs -cn \
  -h+dist/default/production/Aula10.X.production.sym \
  --cmf=dist/default/production/Aula10.X.production.cmf -z -Q18F4520 \
  -o/tmp/xcXCOejiP --defsym=__MPLAB_BUILD=1 --fixupoverflow=error \
  -Mdist/default/production/Aula10.X.production.map --md=/tmp/xcXAdHhoJ.dat \
  -E1 -ver=XC8 Compiler --acfsm=1493 -ACODE=00h-07FFFh -ACONST=00h-07FFFh \
  -ASMALLCONST=0600h-06FFhx122 -AMEDIUMCONST=0600h-07FFFh -ACOMRAM=01h-07Fh \
  -AABS1=00h-05FFh -ABIGRAM=01h-05FFh -ARAM=080h-0FFh,0100h-01FFhx5 \
  -ABANK0=080h-0FFh -ABANK1=0100h-01FFh -ABANK2=0200h-02FFh \
  -ABANK3=0300h-03FFh -ABANK4=0400h-04FFh -ABANK5=0500h-05FFh \
  -ASFR=0F80h-0FFFh -ABIGSFR=0F80h-0FFFh -ACONFIG=0300000h-030000Dh \
  -AIDLOC=0200000h-0200007h -AEEDATA=0F00000h-0F000FFh -peeprom_data=EEDATA \
  -preset_vec=00h,intcode=08h,intcodelo,powerup,init -pramtop=0600h \
  -psmallconst=SMALLCONST -pmediumconst=MEDIUMCONST -pconst=CONST \
  -AFARRAM=00h-00h \
  -prdata=COMRAM,nvrram=COMRAM,nvbit=COMRAM,rbss=COMRAM,rbit=COMRAM \
  -pfarbss=FARRAM,fardata=FARRAM,nvFARRAM=FARRAM \
  -pintsave_regs=BIGRAM,bigbss=BIGRAM,bigdata=BIGRAM -pbss=RAM \
  -pidata=CODE,irdata=CODE,ibigdata=CODE,ifardata=CODE -prparam=COMRAM \
  /tmp/xcXeOoAol.o dist/default/production/Aula10.X.production.o 

Object code version is 3.11

Machine type is 18F4520



                Name                               Link     Load   Length Selector   Space Scale
/tmp/xcXeOoAol.o
                idloc                            200000   200000        8        0       5
                config                           300000   300000        E        0       4
                init                                  E        E        4        4       0
                reset_vec                             0        0        4        0       0
dist/default/production/Aula10.X.production.o
                intcode                               8        8        6        4       0
                idloc                            200000   200000        8        0       5
                config                           300000   300000        E        0       4
                temp                                 79       79        1        1       1
                smallconst                          600      600        6      300       0
                text32                             1BEE     1BEE        E      D75       0
                text31                             1C24     1C24        4      E08       0
                text30                             17F4     17F4       8C      303       0
                text29                             1BBE     1BBE       12      D75       0
                text28                             1AEA     1AEA       2C      D75       0
                text27                             16B4     16B4       AC      303       0
                text26                             1604     1604       B0      303       0
                text25                             1552     1552       B2      303       0
                text24                             1B3C     1B3C       24      D75       0
                intcode_body                       146A     146A       E8      303       0
                text22                              A30      A30      39A      303       0
                text21                              606      606      42A      303       0
                text20                             1362     1362      108      303       0
                text19                              DCA      DCA      1B4      303       0
                text18                             10EA     10EA      146      303       0
                text17                             1880     1880       74      303       0
                text16                             19C0     19C0       64      303       0
                text15                             1C18     1C18        8      E08       0
                text14                             1B82     1B82       22      D75       0
                text13                             1B60     1B60       22      D75       0
                text12                             1A24     1A24       50      303       0
                text11                             1230     1230      132      303       0
                text10                             1760     1760       94      303       0
                text9                               F7E      F7E      16C      303       0
                text8                              1BE0     1BE0        E      D75       0
                text7                              1C10     1C10        8      E08       0
                text6                              1BFC     1BFC        A      D75       0
                text5                              1BA4     1BA4       1A      D75       0
                text4                              195A     195A       66      303       0
                text3                              1B16     1B16       26      D75       0
                text2                              1C20     1C20        4      E08       0
                text1                              1A74     1A74       42      303       0
                text0                              1BD0     1BD0       10      D75       0
                cstackCOMRAM                          1        1       4E        1       1
                cstackBANK0                          C9       C9        6       80       1
                dataBANK0                            80       80       33       80       1
                bssBANK0                             B3       B3       16       80       1
                dataCOMRAM                           70       70        9        1       1
                bssCOMRAM                            4F       4F       21        1       1
                cinit                              18F4     18F4       66      303       0
                idataBANK0                         1AB6     1AB6       33      303       0
                idataCOMRAM                        1C06     1C06        9      D75       0

TOTAL           Name                               Link     Load   Length     Space
        CLASS   CODE           
                intcode                               8        8        6         0
                init                                  E        E        4         0
                reset_vec                             0        0        4         0
                text32                             1BEE     1BEE        E         0
                text31                             1C24     1C24        4         0
                text30                             17F4     17F4       8C         0
                text29                             1BBE     1BBE       12         0
                text28                             1AEA     1AEA       2C         0
                text27                             16B4     16B4       AC         0
                text26                             1604     1604       B0         0
                text25                             1552     1552       B2         0
                text24                             1B3C     1B3C       24         0
                intcode_body                       146A     146A       E8         0
                text22                              A30      A30      39A         0
                text21                              606      606      42A         0
                text20                             1362     1362      108         0
                text19                              DCA      DCA      1B4         0
                text18                             10EA     10EA      146         0
                text17                             1880     1880       74         0
                text16                             19C0     19C0       64         0
                text15                             1C18     1C18        8         0
                text14                             1B82     1B82       22         0
                text13                             1B60     1B60       22         0
                text12                             1A24     1A24       50         0
                text11                             1230     1230      132         0
                text10                             1760     1760       94         0
                text9                               F7E      F7E      16C         0
                text8                              1BE0     1BE0        E         0
                text7                              1C10     1C10        8         0
                text6                              1BFC     1BFC        A         0
                text5                              1BA4     1BA4       1A         0
                text4                              195A     195A       66         0
                text3                              1B16     1B16       26         0
                text2                              1C20     1C20        4         0
                text1                              1A74     1A74       42         0
                text0                              1BD0     1BD0       10         0
                cinit                              18F4     18F4       66         0
                idataBANK0                         1AB6     1AB6       33         0
                idataCOMRAM                        1C06     1C06        9         0

        CLASS   CONST          

        CLASS   SMALLCONST     
                smallconst                          600      600        6         0

        CLASS   MEDIUMCONST    

        CLASS   COMRAM         
                temp                                 79       79        1         1
                cstackCOMRAM                          1        1       4E         1
                dataCOMRAM                           70       70        9         1
                bssCOMRAM                            4F       4F       21         1

        CLASS   ABS1           

        CLASS   BIGRAM         

        CLASS   RAM            

        CLASS   BANK0          
                cstackBANK0                          C9       C9        6         1
                dataBANK0                            80       80       33         1
                bssBANK0                             B3       B3       16         1

        CLASS   BANK1          

        CLASS   BANK2          

        CLASS   BANK3          

        CLASS   BANK4          

        CLASS   BANK5          

        CLASS   SFR            

        CLASS   BIGSFR         

        CLASS   CONFIG         
                config                           300000   300000        E         4

        CLASS   IDLOC          
                idloc                            200000   200000        8         5

        CLASS   EEDATA         

        CLASS   FARRAM         

        CLASS   HEAP           

        CLASS   STACK          



SEGMENTS        Name                           Load    Length   Top    Selector   Space  Class

                dataBANK0                      000080  00004F  0000CF        80       1  BANK0   
                reset_vec                      000000  000004  000004         0       0  CODE    
                text7                          001C10  000018  001C28       E08       0  CODE    
                text21                         000606  0014E3  001AE9       303       0  CODE    
                text28                         001AEA  000125  001C0F       D75       0  CODE    
                cstackCOMRAM                   000001  000079  00007A         1       1  COMRAM  
                smallconst                     000600  000006  000606       300       0  SMALLCON
                intcode                        000008  00000A  000012         4       0  CODE    


UNUSED ADDRESS RANGES

        Name                Unused          Largest block    Delta
        BANK0            0000CF-0000FF               31
        BANK1            000100-0001FF              100
        BANK2            000200-0002FF              100
        BANK3            000300-0003FF              100
        BANK4            000400-0004FF              100
        BANK5            000500-0005FF              100
        BIGRAM           00007A-00007F                6
                         0000CF-0005FF              531
        BIGSFR           000F80-000FFF               80
        CODE             000004-000007                4
                         000012-0005FF              5EE
                         001AE9-001AE9                1
                         001C0F-001C0F                1
                         001C28-007FFF             63D8
        COMRAM           00007A-00007F                6
        CONST            000004-000007                4
                         000012-0005FF              5EE
                         001AE9-001AE9                1
                         001C0F-001C0F                1
                         001C28-007FFF             63D8
        EEDATA           F00000-F000FF              100
        MEDIUMCONST      001AE9-001AE9                1
                         001C0F-001C0F                1
                         001C28-007FFF             63D8
        RAM              0000CF-0005FF              100
        SFR              000F80-000FFF               80
        SMALLCONST       001AE9-001AE9                1
                         001C0F-001C0F                1
                         001C28-007FFF              100

                                  Symbol Table

?___fldiv                      cstackCOMRAM 00002E
?___flmul                      cstackCOMRAM 000015
?___fltol                      cstackCOMRAM 000047
?___lwdiv                      cstackCOMRAM 00000C
?___lwmod                      cstackCOMRAM 000007
?___xxtofl                     cstackCOMRAM 000007
ADC_maq@estado                 bssCOMRAM    00005F
_ADCON0                        (abs)        000FC2
_ADCON1                        (abs)        000FC1
_ADCON2                        (abs)        000FC0
_ADC_maq                       text30       0017F4
_ADIE                          (abs)        007CEE
_ADIF                          (abs)        007CF6
_ADRES                         (abs)        000FC3
_AD_data                       bssBANK0     0000C3
_AD_init                       text8        001BE0
_CCP1CON                       (abs)        000FBD
_CCPR1L                        (abs)        000FBE
_GIE                           (abs)        007F97
_GO                            (abs)        007E11
_INT0IE                        (abs)        007F94
_INT0IF                        (abs)        007F91
_INT1IE                        (abs)        007F83
_INT1IF                        (abs)        007F80
_INT2IE                        (abs)        007F84
_INT2IF                        (abs)        007F81
_INTCON                        (abs)        000FF2
_INTCON2                       (abs)        000FF1
_INTCON3                       (abs)        000FF0
_IPEN                          (abs)        007E87
_LATA                          (abs)        000F89
_LATA2                         (abs)        007C4A
_LATA3                         (abs)        007C4B
_LATA4                         (abs)        007C4C
_LATA5                         (abs)        007C4D
_LATB                          (abs)        000F8A
_LATC                          (abs)        000F8B
_LATD                          (abs)        000F8C
_PEIE                          (abs)        007F96
_PORTD                         (abs)        000F83
_PORTEbits                     (abs)        000F84
_PR2                           (abs)        000FCB
_RC0                           (abs)        007C10
_RC5                           (abs)        007C15
_RPM                           bssCOMRAM    000051
_Read_AD                       text18       0010EA
_T0CON                         (abs)        000FD5
_T1                            bssCOMRAM    000059
_T2                            bssCOMRAM    000057
_T2CON                         (abs)        000FCA
_TM                            bssCOMRAM    000055
_TMR0                          (abs)        000FD6
_TMR0IE                        (abs)        007F95
_TMR0IF                        (abs)        007F92
_TMR2IE                        (abs)        007CE9
_TMR2IF                        (abs)        007CF1
_TRISA                         (abs)        000F92
_TRISB                         (abs)        000F93
_TRISC                         (abs)        000F94
_TRISD                         (abs)        000F95
_TRISE                         (abs)        000F96
__HRAM                         (abs)        000000
__Habs1                        abs1         000000
__Hbank0                       bank0        000000
__Hbank1                       bank1        000000
__Hbank2                       bank2        000000
__Hbank3                       bank3        000000
__Hbank4                       bank4        000000
__Hbank5                       bank5        000000
__Hbigbss                      bigbss       000000
__Hbigdata                     bigdata      000000
__Hbigram                      bigram       000000
__Hbigsfr                      bigsfr       000000
__Hbss                         bss          000000
__HbssBANK0                    bssBANK0     000000
__HbssCOMRAM                   bssCOMRAM    000000
__Hcinit                       cinit        000000
__Hclrtext                     clrtext      000000
__Hcomram                      comram       000000
__Hconfig                      config       30000E
__Hconst                       const        000000
__HcstackBANK0                 cstackBANK0  000000
__HcstackCOMRAM                cstackCOMRAM 000000
__Hdata                        data         000000
__HdataBANK0                   dataBANK0    000000
__HdataCOMRAM                  dataCOMRAM   000000
__Heeprom_data                 eeprom_data  000000
__Hfarbss                      farbss       000000
__Hfardata                     fardata      000000
__Hheap                        heap         000000
__Hibigdata                    ibigdata     000000
__Hidata                       idata        000000
__HidataBANK0                  idataBANK0   000000
__HidataCOMRAM                 idataCOMRAM  000000
__Hidloc                       idloc        200008
__Hifardata                    ifardata     000000
__Hinit                        init         000012
__Hintcode                     intcode      00000E
__Hintcode_body                intcode_body 000000
__Hintcodelo                   intcodelo    00000E
__Hintentry                    intentry     000000
__Hintret                      intret       000000
__Hintsave_regs                intsave_regs 000000
__Hirdata                      irdata       000000
__Hmediumconst                 mediumconst  000000
__HnvFARRAM                    nvFARRAM     000000
__Hnvbit                       nvbit        000000
__Hnvrram                      nvrram       000000
__Hparam                       rparam       000000
__Hpowerup                     powerup      00000E
__Hram                         ram          000000
__Hramtop                      ramtop       000600
__Hrbit                        rbit         000000
__Hrbss                        rbss         000000
__Hrdata                       rdata        000000
__Hreset_vec                   reset_vec    000004
__Hrparam                      rparam       000000
__Hsfr                         sfr          000000
__Hsmallconst                  smallconst   000606
__Hspace_0                     (abs)        001C28
__Hspace_1                     (abs)        0000CF
__Hspace_2                     (abs)        000000
__Hspace_4                     (abs)        60000E
__Hstack                       stack        000000
__Hstruct                      struct       000000
__Htemp                        temp         00007A
__Htext                        text         000000
__Htext0                       text0        000000
__Htext1                       text1        000000
__Htext10                      text10       000000
__Htext11                      text11       000000
__Htext12                      text12       000000
__Htext13                      text13       000000
__Htext14                      text14       000000
__Htext15                      text15       000000
__Htext16                      text16       000000
__Htext17                      text17       000000
__Htext18                      text18       000000
__Htext19                      text19       000000
__Htext2                       text2        000000
__Htext20                      text20       000000
__Htext21                      text21       000000
__Htext22                      text22       000000
__Htext24                      text24       000000
__Htext25                      text25       000000
__Htext26                      text26       000000
__Htext27                      text27       000000
__Htext28                      text28       000000
__Htext29                      text29       000000
__Htext3                       text3        000000
__Htext30                      text30       000000
__Htext31                      text31       000000
__Htext32                      text32       000000
__Htext4                       text4        000000
__Htext5                       text5        000000
__Htext6                       text6        000000
__Htext7                       text7        000000
__Htext8                       text8        000000
__Htext9                       text9        000000
__LRAM                         (abs)        000001
__Labs1                        abs1         000000
__Lbank0                       bank0        000000
__Lbank1                       bank1        000000
__Lbank2                       bank2        000000
__Lbank3                       bank3        000000
__Lbank4                       bank4        000000
__Lbank5                       bank5        000000
__Lbigbss                      bigbss       000000
__Lbigdata                     bigdata      000000
__Lbigram                      bigram       000000
__Lbigsfr                      bigsfr       000000
__Lbss                         bss          000000
__LbssBANK0                    bssBANK0     000000
__LbssCOMRAM                   bssCOMRAM    000000
__Lcinit                       cinit        000000
__Lclrtext                     clrtext      000000
__Lcomram                      comram       000000
__Lconfig                      config       000000
__Lconst                       const        000000
__LcstackBANK0                 cstackBANK0  000000
__LcstackCOMRAM                cstackCOMRAM 000000
__Ldata                        data         000000
__LdataBANK0                   dataBANK0    000000
__LdataCOMRAM                  dataCOMRAM   000000
__Leeprom_data                 eeprom_data  000000
__Lfarbss                      farbss       000000
__Lfardata                     fardata      000000
__Lheap                        heap         000000
__Libigdata                    ibigdata     000000
__Lidata                       idata        000000
__LidataBANK0                  idataBANK0   000000
__LidataCOMRAM                 idataCOMRAM  000000
__Lidloc                       idloc        000000
__Lifardata                    ifardata     000000
__Linit                        init         00000E
__Lintcode                     intcode      000008
__Lintcode_body                intcode_body 000000
__Lintcodelo                   intcodelo    00000E
__Lintentry                    intentry     000000
__Lintret                      intret       000000
__Lintsave_regs                intsave_regs 000000
__Lirdata                      irdata       000000
__Lmediumconst                 mediumconst  000000
__LnvFARRAM                    nvFARRAM     000000
__Lnvbit                       nvbit        000000
__Lnvrram                      nvrram       000000
__Lparam                       rparam       000000
__Lpowerup                     powerup      00000E
__Lram                         ram          000000
__Lramtop                      ramtop       000600
__Lrbit                        rbit         000000
__Lrbss                        rbss         000000
__Lrdata                       rdata        000000
__Lreset_vec                   reset_vec    000000
__Lrparam                      rparam       000000
__Lsfr                         sfr          000000
__Lsmallconst                  smallconst   000600
__Lspace_0                     (abs)        000000
__Lspace_1                     (abs)        000000
__Lspace_2                     (abs)        000000
__Lspace_4                     (abs)        000000
__Lstack                       stack        000000
__Lstruct                      struct       000000
__Ltemp                        temp         000079
__Ltext                        text         000000
__Ltext0                       text0        000000
__Ltext1                       text1        000000
__Ltext10                      text10       000000
__Ltext11                      text11       000000
__Ltext12                      text12       000000
__Ltext13                      text13       000000
__Ltext14                      text14       000000
__Ltext15                      text15       000000
__Ltext16                      text16       000000
__Ltext17                      text17       000000
__Ltext18                      text18       000000
__Ltext19                      text19       000000
__Ltext2                       text2        000000
__Ltext20                      text20       000000
__Ltext21                      text21       000000
__Ltext22                      text22       000000
__Ltext24                      text24       000000
__Ltext25                      text25       000000
__Ltext26                      text26       000000
__Ltext27                      text27       000000
__Ltext28                      text28       000000
__Ltext29                      text29       000000
__Ltext3                       text3        000000
__Ltext30                      text30       000000
__Ltext31                      text31       000000
__Ltext32                      text32       000000
__Ltext4                       text4        000000
__Ltext5                       text5        000000
__Ltext6                       text6        000000
__Ltext7                       text7        000000
__Ltext8                       text8        000000
__Ltext9                       text9        000000
__S0                           (abs)        001C28
__S1                           (abs)        0000CF
__S4                           (abs)        000000
__S5                           (abs)        000000
___fldiv                       text22       000A30
___fldiv@a                     cstackCOMRAM 000032
___fldiv@aexp                  cstackCOMRAM 000046
___fldiv@b                     cstackCOMRAM 00002E
___fldiv@bexp                  cstackCOMRAM 000045
___fldiv@grs                   cstackCOMRAM 000041
___fldiv@new_exp               cstackCOMRAM 00003F
___fldiv@rem                   cstackCOMRAM 00003A
___fldiv@sign                  cstackCOMRAM 00003E
___flmul                       text21       000606
___flmul@a                     cstackCOMRAM 000019
___flmul@aexp                  cstackCOMRAM 000026
___flmul@b                     cstackCOMRAM 000015
___flmul@bexp                  cstackCOMRAM 000027
___flmul@grs                   cstackCOMRAM 000022
___flmul@prod                  cstackCOMRAM 000028
___flmul@sign                  cstackCOMRAM 000021
___flmul@temp                  cstackCOMRAM 00002C
___fltol                       text20       001362
___fltol@exp1                  cstackBANK0  0000CA
___fltol@f1                    cstackCOMRAM 000047
___fltol@sign1                 cstackBANK0  0000C9
___heap_hi                     (abs)        000000
___heap_lo                     (abs)        000000
___inthi_sp                    stack        000000
___intlo_sp                    stack        000000
___lwdiv                       text17       001880
___lwdiv@counter               cstackCOMRAM 000012
___lwdiv@dividend              cstackCOMRAM 00000C
___lwdiv@divisor               cstackCOMRAM 00000E
___lwdiv@quotient              cstackCOMRAM 000010
___lwmod                       text16       0019C0
___lwmod@counter               cstackCOMRAM 00000B
___lwmod@dividend              cstackCOMRAM 000007
___lwmod@divisor               cstackCOMRAM 000009
___param_bank                  (abs)        000000
___rparam_used                 (abs)        000001
___sp                          stack        000000
___xxtofl                      text19       000DCA
___xxtofl@arg                  cstackCOMRAM 000011
___xxtofl@exp                  cstackCOMRAM 000010
___xxtofl@sign                 cstackCOMRAM 00000F
___xxtofl@val                  cstackCOMRAM 000007
__accesstop                    (abs)        000080
__activetblptr                 (abs)        000002
__end_of_ADC_maq               text30       001880
__end_of_AD_init               text8        001BEE
__end_of_Read_AD               text18       001230
__end_of___fldiv               text22       000DCA
__end_of___flmul               text21       000A30
__end_of___fltol               text20       00146A
__end_of___lwdiv               text17       0018F4
__end_of___lwmod               text16       001A24
__end_of___xxtofl              text19       000F7E
__end_of__initialization       cinit        00194C
__end_of_calculate_RPM         text29       001BD0
__end_of_controlador_ventoinha text27       001760
__end_of_disable_interrupts    text7        001C18
__end_of_enable_interrupts     text6        001C06
__end_of_f_interrupt_high      intcode_body 001552
__end_of_f_pwm                 text28       001B16
__end_of_f_timers              text25       001604
__end_of_imprime_temperatura   text11       001362
__end_of_interrupt_init        text5        001BBE
__end_of_lcd_cmd               text14       001BA4
__end_of_lcd_dat               text13       001B82
__end_of_lcd_init              text4        0019C0
__end_of_lcd_str               text12       001A74
__end_of_lcd_wr                text15       001C20
__end_of_loop                  text9        0010EA
__end_of_main                  text0        001BE0
__end_of_mux_display           text26       0016B4
__end_of_read_RPM              text24       001B60
__end_of_read_temperature      text10       0017F4
__end_of_select_channel        text32       001BFC
__end_of_setup                 text1        001AB6
__end_of_setup_io              text3        001B3C
__end_of_start_AD_conversion   text2        001C24
__end_ofi2_start_AD_conversion text31       001C28
__initialization               cinit        0018F4
__mediumconst                  mediumconst  000000
__pbssBANK0                    bssBANK0     0000B3
__pbssCOMRAM                   bssCOMRAM    00004F
__pcinit                       cinit        0018F4
__pcstackBANK0                 cstackBANK0  0000C9
__pcstackCOMRAM                cstackCOMRAM 000001
__pdataBANK0                   dataBANK0    000080
__pdataCOMRAM                  dataCOMRAM   000070
__pidataBANK0                  idataBANK0   001AB6
__pidataCOMRAM                 idataCOMRAM  001C06
__pintcode                     intcode      000008
__pintcode_body                intcode_body 00146A
__psmallconst                  smallconst   000600
__ptext0                       text0        001BD0
__ptext1                       text1        001A74
__ptext10                      text10       001760
__ptext11                      text11       001230
__ptext12                      text12       001A24
__ptext13                      text13       001B60
__ptext14                      text14       001B82
__ptext15                      text15       001C18
__ptext16                      text16       0019C0
__ptext17                      text17       001880
__ptext18                      text18       0010EA
__ptext19                      text19       000DCA
__ptext2                       text2        001C20
__ptext20                      text20       001362
__ptext21                      text21       000606
__ptext22                      text22       000A30
__ptext24                      text24       001B3C
__ptext25                      text25       001552
__ptext26                      text26       001604
__ptext27                      text27       0016B4
__ptext28                      text28       001AEA
__ptext29                      text29       001BBE
__ptext3                       text3        001B16
__ptext30                      text30       0017F4
__ptext31                      text31       001C24
__ptext32                      text32       001BEE
__ptext4                       text4        00195A
__ptext5                       text5        001BA4
__ptext6                       text6        001BFC
__ptext7                       text7        001C10
__ptext8                       text8        001BE0
__ptext9                       text9        000F7E
__ramtop                       ramtop       000600
__smallconst                   smallconst   000600
_aciona_imprime_tempratura     bssCOMRAM    000068
_aciona_read_AD                bssCOMRAM    000067
_buffer                        bssBANK0     0000B3
_calculate_RPM                 text29       001BBE
_controlador_ventoinha         text27       0016B4
_conv7seg                      dataBANK0    0000A2
_digito1_temperatura           bssCOMRAM    000066
_digito2_temperatura           bssCOMRAM    000065
_digito3_temperatura           bssCOMRAM    000064
_digito4_temperatura           bssCOMRAM    000063
_disable_interrupts            text7        001C10
_display1                      bssCOMRAM    00006F
_display2                      bssCOMRAM    00006E
_display3                      bssCOMRAM    00006D
_display4                      bssCOMRAM    00006C
_enable_interrupts             text6        001BFC
_estado_sequencia01            bssCOMRAM    00006B
_estado_sequencia02            bssCOMRAM    00006A
_f_interrupt_high              intcode      000008
_f_pwm                         text28       001AEA
_f_timers                      text25       001552
_giro                          bssCOMRAM    000053
_giro_atual                    bssBANK0     0000BD
_imprime_temperatura           text11       001230
_interrupt_init                text5        001BA4
_lcd_cmd                       text14       001B82
_lcd_dat                       text13       001B60
_lcd_init                      text4        00195A
_lcd_str                       text12       001A24
_lcd_wr                        text15       001C18
_linha1                        dataBANK0    000091
_linha2                        dataBANK0    000080
_loop                          text9        000F7E
_main                          text0        001BD0
_mux_display                   text26       001604
_pwm                           bssCOMRAM    00004F
_read_RPM                      text24       001B3C
_read_temperature              text10       001760
_select_channel                text32       001BEE
_setup                         text1        001A74
_setup_io                      text3        001B16
_start_AD_conversion           text2        001C20
_temp                          bssCOMRAM    00005B
_temperature                   bssCOMRAM    00005D
_temporizador1                 bssBANK0     0000C1
_temporizador2                 bssBANK0     0000BF
btemp                          temp         000079
controlador_ventoinha@heater   bssCOMRAM    000060
end_of_initialization          cinit        00194C
f_pwm@duty                     cstackCOMRAM 000001
f_timers@counter1              dataCOMRAM   000076
f_timers@counter2              dataCOMRAM   000074
f_timers@counter3              dataCOMRAM   000072
f_timers@counter4              dataCOMRAM   000070
i2_start_AD_conversion         text31       001C24
imprime_temperatura@old_latd   bssCOMRAM    000062
int$flags                      temp         000079
int_func                       intcode_body 00146A
intlevel0                      text         000000
intlevel1                      text         000000
intlevel2                      text         000000
intlevel3                      text         000000
isa$std                        (abs)        000001
isa$xinst                      (abs)        000000
lcd_cmd@val                    cstackCOMRAM 000008
lcd_dat@val                    cstackCOMRAM 000008
lcd_str@i                      cstackCOMRAM 00000D
lcd_str@str                    cstackCOMRAM 000009
lcd_wr@val                     cstackCOMRAM 000007
mux_display@estado             bssCOMRAM    000069
read_RPM@dado                  bssCOMRAM    000061
read_RPM@dado_old              dataCOMRAM   000078
select_channel@channel         cstackCOMRAM 000001
stackhi                        (abs)        000000
stacklo                        (abs)        000000
start                          init         00000E
start_initialization           cinit        0018F4
ttemp5                         temp         00007A
ttemp6                         temp         00007D
ttemp7                         temp         000081
wtemp8                         temp         00007A


MODULE INFORMATION

Module		Function		Class		Link	Load	Size
/opt/microchip/xc8/v2.40/pic/sources/c99/common/xxtofl.c
		___xxtofl      		CODE           	0DCA	0000	436

/opt/microchip/xc8/v2.40/pic/sources/c99/common/xxtofl.c estimated size: 436

/opt/microchip/xc8/v2.40/pic/sources/c99/common/sprcmul.c
		___flmul       		CODE           	0606	0000	1066

/opt/microchip/xc8/v2.40/pic/sources/c99/common/sprcmul.c estimated size: 1066

/opt/microchip/xc8/v2.40/pic/sources/c99/common/lwdiv.c
		___lwdiv       		CODE           	1880	0000	116

/opt/microchip/xc8/v2.40/pic/sources/c99/common/lwdiv.c estimated size: 116

/opt/microchip/xc8/v2.40/pic/sources/c99/common/fltol.c
		___fltol       		CODE           	1362	0000	264

/opt/microchip/xc8/v2.40/pic/sources/c99/common/fltol.c estimated size: 264

/opt/microchip/xc8/v2.40/pic/sources/c99/common/sprcdiv.c
		___fldiv       		CODE           	0A30	0000	922

/opt/microchip/xc8/v2.40/pic/sources/c99/common/sprcdiv.c estimated size: 922

IO.c
		_setup_io      		CODE           	1B16	0000	38
		_setup         		CODE           	1A74	0000	66

IO.c estimated size: 104

shared
		i2_start_AD_conversion		CODE           	1C24	0000	4
		__initialization		CODE           	18F4	0000	88

shared estimated size: 92

Interrupt.c
		_disable_interrupts		CODE           	1C10	0000	8
		_f_timers      		CODE           	1552	0000	178
		_enable_interrupts		CODE           	1BFC	0000	10
		_f_interrupt_high		CODE           	0008	0000	238
		_interrupt_init		CODE           	1BA4	0000	26

Interrupt.c estimated size: 460

Display.c
		_mux_display   		CODE           	1604	0000	176

Display.c estimated size: 176

ADC.c
		_ADC_maq       		CODE           	17F4	0000	140
		_AD_init       		CODE           	1BE0	0000	14
		_select_channel		CODE           	1BEE	0000	14
		_start_AD_conversion		CODE           	1C20	0000	4

ADC.c estimated size: 172

lcd.c
		_lcd_cmd       		CODE           	1B82	0000	34
		_lcd_dat       		CODE           	1B60	0000	34
		_lcd_wr        		CODE           	1C18	0000	8
		_lcd_str       		CODE           	1A24	0000	80
		_lcd_init      		CODE           	195A	0000	102

lcd.c estimated size: 258

main.c
		_f_pwm         		CODE           	1AEA	0000	44
		_loop          		CODE           	0F7E	0000	364
		_read_temperature		CODE           	1760	0000	148
		_imprime_temperatura		CODE           	1230	0000	306
		_main          		CODE           	1BD0	0000	16
		_controlador_ventoinha		CODE           	16B4	0000	172
		_Read_AD       		CODE           	10EA	0000	326
		_calculate_RPM 		CODE           	1BBE	0000	18
		_read_RPM      		CODE           	1B3C	0000	36

main.c estimated size: 1430

/opt/microchip/xc8/v2.40/pic/sources/c99/common/lwmod.c
		___lwmod       		CODE           	19C0	0000	100

/opt/microchip/xc8/v2.40/pic/sources/c99/common/lwmod.c estimated size: 100

