Microchip MPLAB XC8 Compiler V2.40

Linker command line:

-W-3 \
  --edf=C:\Program Files\Microchip\xc8\v2.40\pic\dat\20220703182018_en.msgs \
  -cn -h+dist/default/production\modelo_trabalhos.X.production.sym \
  --cmf=dist/default/production\modelo_trabalhos.X.production.cmf -z \
  -Q18F4520 -oC:\Users\ALUNO~1.LAP\AppData\Local\Temp\xcAs14k.4 \
  --defsym=__MPLAB_BUILD=1 --fixupoverflow=error \
  -Mdist/default/production/modelo_trabalhos.X.production.map \
  --md=C:\Users\ALUNO~1.LAP\AppData\Local\Temp\xcAs14k.dat -E1 \
  -ver=XC8 Compiler --acfsm=1493 -ACODE=00h-07FFFh -ACONST=00h-07FFFh \
  -ASMALLCONST=0600h-06FFhx122 -AMEDIUMCONST=0600h-07FFFh -ACOMRAM=01h-07Fh \
  -AABS1=00h-05FFh -ABIGRAM=01h-05FFh -ARAM=080h-0FFh,0100h-01FFhx5 \
  -ABANK0=080h-0FFh -ABANK1=0100h-01FFh -ABANK2=0200h-02FFh \
  -ABANK3=0300h-03FFh -ABANK4=0400h-04FFh -ABANK5=0500h-05FFh \
  -ASFR=0F80h-0FFFh -ABIGSFR=0F80h-0FFFh -ACONFIG=0300000h-030000Dh \
  -AIDLOC=0200000h-0200007h -AEEDATA=0F00000h-0F000FFh -peeprom_data=EEDATA \
  -preset_vec=00h,intcode=08h,intcodelo,powerup,init -pramtop=0600h \
  -psmallconst=SMALLCONST -pmediumconst=MEDIUMCONST -pconst=CONST \
  -AFARRAM=00h-00h \
  -prdata=COMRAM,nvrram=COMRAM,nvbit=COMRAM,rbss=COMRAM,rbit=COMRAM \
  -pfarbss=FARRAM,fardata=FARRAM,nvFARRAM=FARRAM \
  -pintsave_regs=BIGRAM,bigbss=BIGRAM,bigdata=BIGRAM -pbss=RAM \
  -pidata=CODE,irdata=CODE,ibigdata=CODE,ifardata=CODE -prparam=COMRAM \
  C:\Users\ALUNO~1.LAP\AppData\Local\Temp\xcAs14k.o \
  dist/default/production\modelo_trabalhos.X.production.o 

Object code version is 3.11

Machine type is 18F4520



                Name                               Link     Load   Length Selector   Space Scale
C:\Users\ALUNO~1.LAP\AppData\Local\Temp\xcAs14k.o
                idloc                            200000   200000        8        0       5
                config                           300000   300000        E        0       4
                init                                  E        E        4        4       0
                reset_vec                             0        0        4        0       0
dist/default/production\modelo_trabalhos.X.production.o
                intcode                               8        8        6        4       0
                idloc                            200000   200000        8        0       5
                config                           300000   300000        E        0       4
                temp                                 7F       7F        1        1       1
                smallconst                          600      600       28      300       0
                text72                             31AE     31AE       D6      314       0
                text71                             3F98     3F98        6     1E61       0
                text70                             27AE     27AE      182      314       0
                text69                             3AA4     3AA4       50      314       0
                text68                             2484     2484      19A      314       0
                text67                             3C48     3C48       40      314       0
                text66                             3F0C     3F0C       16     1E61       0
                text65                             22D0     22D0      1B4      314       0
                text64                             3D54     3D54       2C     1E61       0
                text63                             3B3A     3B3A       46      314       0
                text62                             3E1E     3E1E       26     1E61       0
                text61                             2930     2930      14A      314       0
                text60                             1D24     1D24      39A      314       0
                text59                             33FC     33FC       AA      314       0
                text58                             2CC2     2CC2      104      314       0
                text57                             18FA     18FA      42A      314       0
                text56                             3CC2     3CC2       38     1E61       0
                text55                              FFA      FFA      4C0      314       0
                text54                             3AF4     3AF4       46      314       0
                text53                             2BBC     2BBC      106      314       0
                text52                             2FCA     2FCA       FE      314       0
                text51                             20BE     20BE      212      314       0
                text50                             38F4     38F4       66      314       0
                text49                             3A54     3A54       50      314       0
                text48                             3FA4     3FA4        2     1E61       0
                text47                             3284     3284       CA      314       0
                text46                             3BC4     3BC4       44      314       0
                text45                             334E     334E       AE      314       0
                text44                             3C08     3C08       40      314       0
                text43                              628      628      9D2      314       0
                text42                             14BA     14BA      440      314       0
                text41                             3A04     3A04       50      314       0
                text40                             39B2     39B2       52      314       0
                text39                             3F8A     3F8A        8     1E61       0
                text38                             3E66     3E66       22     1E61       0
                text37                             3E44     3E44       22     1E61       0
                text36                             365E     365E       78      314       0
                text35                             3548     3548       98      314       0
                text34                             374C     374C       74      314       0
                text33                             3D28     3D28       2C     1E61       0
                text32                             2A7A     2A7A      142      314       0
                text31                             3FA2     3FA2        2     1E61       0
                text30                             30C8     30C8       E6      314       0
                text29                             3EDA     3EDA       1A     1E61       0
                text28                             3EC0     3EC0       1A     1E61       0
                text27                             3EA6     3EA6       1A     1E61       0
                intcode_body                       2EC8     2EC8      102      314       0
                text25                             3B80     3B80       44      314       0
                text24                             36D6     36D6       76      314       0
                text23                             388E     388E       66      314       0
                text22                             34A6     34A6       A2      314       0
                text21                             3DAA     3DAA       28     1E61       0
                text20                             3F78     3F78        A     1E61       0
                text19                             3DF8     3DF8       26     1E61       0
                text18                             3DD2     3DD2       26     1E61       0
                text17                             35E0     35E0       7E      314       0
                text16                             261E     261E      190      314       0
                text15                             2DC6     2DC6      102      314       0
                text14                             3EF4     3EF4       18     1E61       0
                text13                             3F82     3F82        8     1E61       0
                text12                             3F92     3F92        6     1E61       0
                text11                             3F40     3F40        E     1E61       0
                text10                             3F32     3F32        E     1E61       0
                text9                              3D80     3D80       2A     1E61       0
                text8                              3F4E     3F4E        C     1E61       0
                text7                              3F6E     3F6E        A     1E61       0
                text6                              3E88     3E88       1E     1E61       0
                text5                              37C0     37C0       68      314       0
                text4                              3CFA     3CFA       2E     1E61       0
                text3                              3F9E     3F9E        4     1E61       0
                text2                              395A     395A       58      314       0
                text1                              3F64     3F64        A     1E61       0
                text0                              3F22     3F22       10     1E61       0
                cstackCOMRAM                          1        1       7E        1       1
                cstackBANK0                          80       80       3A       80       1
                cstackBANK1                         1C1      1C1        E      100       1
                dataBANK1                           188      188       39      100       1
                bssBANK1                            100      100       88      100       1
                dataBANK0                            E9       E9        A       80       1
                bssBANK0                             BA       BA       2F       80       1
                cinit                              3828     3828       66      314       0
                nvBANK1                             1CF      1CF        B      100       1
                nvBANK0                              F3       F3        1       80       1
                idataBANK1                         3C88     3C88       39      314       0
                idataBANK0                         3F5A     3F5A        A     1E61       0

TOTAL           Name                               Link     Load   Length     Space
        CLASS   CODE           
                intcode                               8        8        6         0
                init                                  E        E        4         0
                reset_vec                             0        0        4         0
                text72                             31AE     31AE       D6         0
                text71                             3F98     3F98        6         0
                text70                             27AE     27AE      182         0
                text69                             3AA4     3AA4       50         0
                text68                             2484     2484      19A         0
                text67                             3C48     3C48       40         0
                text66                             3F0C     3F0C       16         0
                text65                             22D0     22D0      1B4         0
                text64                             3D54     3D54       2C         0
                text63                             3B3A     3B3A       46         0
                text62                             3E1E     3E1E       26         0
                text61                             2930     2930      14A         0
                text60                             1D24     1D24      39A         0
                text59                             33FC     33FC       AA         0
                text58                             2CC2     2CC2      104         0
                text57                             18FA     18FA      42A         0
                text56                             3CC2     3CC2       38         0
                text55                              FFA      FFA      4C0         0
                text54                             3AF4     3AF4       46         0
                text53                             2BBC     2BBC      106         0
                text52                             2FCA     2FCA       FE         0
                text51                             20BE     20BE      212         0
                text50                             38F4     38F4       66         0
                text49                             3A54     3A54       50         0
                text48                             3FA4     3FA4        2         0
                text47                             3284     3284       CA         0
                text46                             3BC4     3BC4       44         0
                text45                             334E     334E       AE         0
                text44                             3C08     3C08       40         0
                text43                              628      628      9D2         0
                text42                             14BA     14BA      440         0
                text41                             3A04     3A04       50         0
                text40                             39B2     39B2       52         0
                text39                             3F8A     3F8A        8         0
                text38                             3E66     3E66       22         0
                text37                             3E44     3E44       22         0
                text36                             365E     365E       78         0
                text35                             3548     3548       98         0
                text34                             374C     374C       74         0
                text33                             3D28     3D28       2C         0
                text32                             2A7A     2A7A      142         0
                text31                             3FA2     3FA2        2         0
                text30                             30C8     30C8       E6         0
                text29                             3EDA     3EDA       1A         0
                text28                             3EC0     3EC0       1A         0
                text27                             3EA6     3EA6       1A         0
                intcode_body                       2EC8     2EC8      102         0
                text25                             3B80     3B80       44         0
                text24                             36D6     36D6       76         0
                text23                             388E     388E       66         0
                text22                             34A6     34A6       A2         0
                text21                             3DAA     3DAA       28         0
                text20                             3F78     3F78        A         0
                text19                             3DF8     3DF8       26         0
                text18                             3DD2     3DD2       26         0
                text17                             35E0     35E0       7E         0
                text16                             261E     261E      190         0
                text15                             2DC6     2DC6      102         0
                text14                             3EF4     3EF4       18         0
                text13                             3F82     3F82        8         0
                text12                             3F92     3F92        6         0
                text11                             3F40     3F40        E         0
                text10                             3F32     3F32        E         0
                text9                              3D80     3D80       2A         0
                text8                              3F4E     3F4E        C         0
                text7                              3F6E     3F6E        A         0
                text6                              3E88     3E88       1E         0
                text5                              37C0     37C0       68         0
                text4                              3CFA     3CFA       2E         0
                text3                              3F9E     3F9E        4         0
                text2                              395A     395A       58         0
                text1                              3F64     3F64        A         0
                text0                              3F22     3F22       10         0
                cinit                              3828     3828       66         0
                idataBANK1                         3C88     3C88       39         0
                idataBANK0                         3F5A     3F5A        A         0

        CLASS   CONST          

        CLASS   SMALLCONST     
                smallconst                          600      600       28         0

        CLASS   MEDIUMCONST    

        CLASS   COMRAM         
                temp                                 7F       7F        1         1
                cstackCOMRAM                          1        1       7E         1

        CLASS   ABS1           

        CLASS   BIGRAM         

        CLASS   RAM            

        CLASS   BANK0          
                cstackBANK0                          80       80       3A         1
                dataBANK0                            E9       E9        A         1
                bssBANK0                             BA       BA       2F         1
                nvBANK0                              F3       F3        1         1

        CLASS   BANK1          
                cstackBANK1                         1C1      1C1        E         1
                dataBANK1                           188      188       39         1
                bssBANK1                            100      100       88         1
                nvBANK1                             1CF      1CF        B         1

        CLASS   BANK2          

        CLASS   BANK3          

        CLASS   BANK4          

        CLASS   BANK5          

        CLASS   SFR            

        CLASS   BIGSFR         

        CLASS   CONFIG         
                config                           300000   300000        E         4

        CLASS   IDLOC          
                idloc                            200000   200000        8         5

        CLASS   EEDATA         

        CLASS   FARRAM         

        CLASS   HEAP           

        CLASS   STACK          



SEGMENTS        Name                           Load    Length   Top    Selector   Space  Class

                reset_vec                      000000  000004  000004         0       0  CODE    
                cstackCOMRAM                   000001  00007F  000080         1       1  COMRAM  
                intcode                        000008  00000A  000012         4       0  CODE    
                cstackBANK0                    000080  000074  0000F4        80       1  BANK0   
                bssBANK1                       000100  0000DA  0001DA       100       1  BANK1   
                smallconst                     000600  000028  000628       300       0  SMALLCON
                text43                         000628  003699  003CC1       314       0  CODE    
                text56                         003CC2  0002E4  003FA6      1E61       0  CODE    


UNUSED ADDRESS RANGES

        Name                Unused          Largest block    Delta
        BANK0            0000F4-0000FF                C
        BANK1            0001DA-0001FF               26
        BANK2            000200-0002FF              100
        BANK3            000300-0003FF              100
        BANK4            000400-0004FF              100
        BANK5            000500-0005FF              100
        BIGRAM           0000F4-0000FF                C
                         0001DA-0005FF              426
        BIGSFR           000F80-000FFF               80
        CODE             000004-000007                4
                         000012-0005FF              5EE
                         003CC1-003CC1                1
                         003FA6-007FFF             405A
        CONST            000004-000007                4
                         000012-0005FF              5EE
                         003CC1-003CC1                1
                         003FA6-007FFF             405A
        EEDATA           F00000-F000FF              100
        MEDIUMCONST      003CC1-003CC1                1
                         003FA6-007FFF             405A
        RAM              0000F4-0000FF                C
                         0001DA-0005FF              100
        SFR              000F80-000FFF               80
        SMALLCONST       003CC1-003CC1                1
                         003FA6-007FFF              100

                                  Symbol Table

?___fladd                        cstackCOMRAM 000001
?___fldiv                        cstackCOMRAM 000001
?___flmul                        cstackCOMRAM 00001A
?___flneg                        cstackCOMRAM 000001
?___flsub                        cstackCOMRAM 000033
?___fltol                        cstackCOMRAM 000001
?___fpclassifyf                  cstackCOMRAM 000001
?___lwdiv                        cstackBANK1  0001C6
?___lwmod                        cstackBANK1  0001C1
?___wmul                         cstackBANK1  0001C1
?___xxtofl                       cstackCOMRAM 000001
?_atoi                           cstackCOMRAM 00000E
?_floorf                         cstackCOMRAM 00001A
?_isdigit                        cstackCOMRAM 000001
?_isspace                        cstackCOMRAM 000001
?_labs                           cstackCOMRAM 000001
?_read_AD_10bits                 cstackBANK1  0001C1
?_sprintf                        cstackBANK0  000091
?_vfprintf                       cstackBANK0  00008B
?i2___lwdiv                      cstackCOMRAM 000001
?i2___wmul                       cstackCOMRAM 000008
?i2_read_AD_10bits               cstackCOMRAM 000001
_ADCON0                          (abs)        000FC2
_ADCON1                          (abs)        000FC1
_ADCON2                          (abs)        000FC0
_ADIE                            (abs)        007CEE
_ADIF                            (abs)        007CF6
_ADRESH                          (abs)        000FC4
_ADRESL                          (abs)        000FC3
_CCP1CON                         (abs)        000FBD
_CCPR1L                          (abs)        000FBE
_CHS0                            (abs)        007E12
_GIE                             (abs)        007F97
_GO                              (abs)        007E11
_INT0IE                          (abs)        007F94
_INT0IF                          (abs)        007F91
_INT1IE                          (abs)        007F83
_INT1IF                          (abs)        007F80
_INT2IE                          (abs)        007F84
_INT2IF                          (abs)        007F81
_INTCON                          (abs)        000FF2
_INTCON2                         (abs)        000FF1
_INTCON3                         (abs)        000FF0
_IPEN                            (abs)        007E87
_LATA                            (abs)        000F89
_LATA2                           (abs)        007C4A
_LATA3                           (abs)        007C4B
_LATA4                           (abs)        007C4C
_LATA5                           (abs)        007C4D
_LATB                            (abs)        000F8A
_LATC                            (abs)        000F8B
_LATD                            (abs)        000F8C
_LATE0                           (abs)        007C68
_PEIE                            (abs)        007F96
_PORTB                           (abs)        000F81
_PORTD                           (abs)        000F83
_PORTEbits                       (abs)        000F84
_PR2                             (abs)        000FCB
_T0CON                           (abs)        000FD5
_T2CON                           (abs)        000FCA
_TMR0IE                          (abs)        007F95
_TMR0IF                          (abs)        007F92
_TMR0L                           (abs)        000FD6
_TRISA                           (abs)        000F92
_TRISB                           (abs)        000F93
_TRISC                           (abs)        000F94
_TRISD                           (abs)        000F95
_TRISE                           (abs)        000F96
_TRISE0                          (abs)        007CB0
__HRAM                           (abs)        000000
__Habs1                          abs1         000000
__Hbank0                         bank0        000000
__Hbank1                         bank1        000000
__Hbank2                         bank2        000000
__Hbank3                         bank3        000000
__Hbank4                         bank4        000000
__Hbank5                         bank5        000000
__Hbigbss                        bigbss       000000
__Hbigdata                       bigdata      000000
__Hbigram                        bigram       000000
__Hbigsfr                        bigsfr       000000
__Hbss                           bss          000000
__HbssBANK0                      bssBANK0     000000
__HbssBANK1                      bssBANK1     000000
__Hcinit                         cinit        000000
__Hclrtext                       clrtext      000000
__Hcomram                        comram       000000
__Hconfig                        config       30000E
__Hconst                         const        000000
__HcstackBANK0                   cstackBANK0  000000
__HcstackBANK1                   cstackBANK1  000000
__HcstackCOMRAM                  cstackCOMRAM 000000
__Hdata                          data         000000
__HdataBANK0                     dataBANK0    000000
__HdataBANK1                     dataBANK1    000000
__Heeprom_data                   eeprom_data  000000
__Hfarbss                        farbss       000000
__Hfardata                       fardata      000000
__Hheap                          heap         000000
__Hibigdata                      ibigdata     000000
__Hidata                         idata        000000
__HidataBANK0                    idataBANK0   000000
__HidataBANK1                    idataBANK1   000000
__Hidloc                         idloc        200008
__Hifardata                      ifardata     000000
__Hinit                          init         000012
__Hintcode                       intcode      00000E
__Hintcode_body                  intcode_body 000000
__Hintcodelo                     intcodelo    00000E
__Hintentry                      intentry     000000
__Hintret                        intret       000000
__Hintsave_regs                  intsave_regs 000000
__Hirdata                        irdata       000000
__Hmediumconst                   mediumconst  000000
__HnvBANK0                       nvBANK0      000000
__HnvBANK1                       nvBANK1      000000
__HnvFARRAM                      nvFARRAM     000000
__Hnvbit                         nvbit        000000
__Hnvrram                        nvrram       000000
__Hparam                         rparam       000000
__Hpowerup                       powerup      00000E
__Hram                           ram          000000
__Hramtop                        ramtop       000600
__Hrbit                          rbit         000000
__Hrbss                          rbss         000000
__Hrdata                         rdata        000000
__Hreset_vec                     reset_vec    000004
__Hrparam                        rparam       000000
__Hsfr                           sfr          000000
__Hsmallconst                    smallconst   000628
__Hspace_0                       (abs)        003FA6
__Hspace_1                       (abs)        0001DA
__Hspace_2                       (abs)        000000
__Hspace_4                       (abs)        60000E
__Hstack                         stack        000000
__Hstruct                        struct       000000
__Htemp                          temp         000080
__Htext                          text         000000
__Htext0                         text0        000000
__Htext1                         text1        000000
__Htext10                        text10       000000
__Htext11                        text11       000000
__Htext12                        text12       000000
__Htext13                        text13       000000
__Htext14                        text14       000000
__Htext15                        text15       000000
__Htext16                        text16       000000
__Htext17                        text17       000000
__Htext18                        text18       000000
__Htext19                        text19       000000
__Htext2                         text2        000000
__Htext20                        text20       000000
__Htext21                        text21       000000
__Htext22                        text22       000000
__Htext23                        text23       000000
__Htext24                        text24       000000
__Htext25                        text25       000000
__Htext27                        text27       000000
__Htext28                        text28       000000
__Htext29                        text29       000000
__Htext3                         text3        000000
__Htext30                        text30       000000
__Htext31                        text31       000000
__Htext32                        text32       000000
__Htext33                        text33       000000
__Htext34                        text34       000000
__Htext35                        text35       000000
__Htext36                        text36       000000
__Htext37                        text37       000000
__Htext38                        text38       000000
__Htext39                        text39       000000
__Htext4                         text4        000000
__Htext40                        text40       000000
__Htext41                        text41       000000
__Htext42                        text42       000000
__Htext43                        text43       000000
__Htext44                        text44       000000
__Htext45                        text45       000000
__Htext46                        text46       000000
__Htext47                        text47       000000
__Htext48                        text48       000000
__Htext49                        text49       000000
__Htext5                         text5        000000
__Htext50                        text50       000000
__Htext51                        text51       000000
__Htext52                        text52       000000
__Htext53                        text53       000000
__Htext54                        text54       000000
__Htext55                        text55       000000
__Htext56                        text56       000000
__Htext57                        text57       000000
__Htext58                        text58       000000
__Htext59                        text59       000000
__Htext6                         text6        000000
__Htext60                        text60       000000
__Htext61                        text61       000000
__Htext62                        text62       000000
__Htext63                        text63       000000
__Htext64                        text64       000000
__Htext65                        text65       000000
__Htext66                        text66       000000
__Htext67                        text67       000000
__Htext68                        text68       000000
__Htext69                        text69       000000
__Htext7                         text7        000000
__Htext70                        text70       000000
__Htext71                        text71       000000
__Htext72                        text72       000000
__Htext8                         text8        000000
__Htext9                         text9        000000
__LRAM                           (abs)        000001
__Labs1                          abs1         000000
__Lbank0                         bank0        000000
__Lbank1                         bank1        000000
__Lbank2                         bank2        000000
__Lbank3                         bank3        000000
__Lbank4                         bank4        000000
__Lbank5                         bank5        000000
__Lbigbss                        bigbss       000000
__Lbigdata                       bigdata      000000
__Lbigram                        bigram       000000
__Lbigsfr                        bigsfr       000000
__Lbss                           bss          000000
__LbssBANK0                      bssBANK0     000000
__LbssBANK1                      bssBANK1     000000
__Lcinit                         cinit        000000
__Lclrtext                       clrtext      000000
__Lcomram                        comram       000000
__Lconfig                        config       000000
__Lconst                         const        000000
__LcstackBANK0                   cstackBANK0  000000
__LcstackBANK1                   cstackBANK1  000000
__LcstackCOMRAM                  cstackCOMRAM 000000
__Ldata                          data         000000
__LdataBANK0                     dataBANK0    000000
__LdataBANK1                     dataBANK1    000000
__Leeprom_data                   eeprom_data  000000
__Lfarbss                        farbss       000000
__Lfardata                       fardata      000000
__Lheap                          heap         000000
__Libigdata                      ibigdata     000000
__Lidata                         idata        000000
__LidataBANK0                    idataBANK0   000000
__LidataBANK1                    idataBANK1   000000
__Lidloc                         idloc        000000
__Lifardata                      ifardata     000000
__Linit                          init         00000E
__Lintcode                       intcode      000008
__Lintcode_body                  intcode_body 000000
__Lintcodelo                     intcodelo    00000E
__Lintentry                      intentry     000000
__Lintret                        intret       000000
__Lintsave_regs                  intsave_regs 000000
__Lirdata                        irdata       000000
__Lmediumconst                   mediumconst  000000
__LnvBANK0                       nvBANK0      000000
__LnvBANK1                       nvBANK1      000000
__LnvFARRAM                      nvFARRAM     000000
__Lnvbit                         nvbit        000000
__Lnvrram                        nvrram       000000
__Lparam                         rparam       000000
__Lpowerup                       powerup      00000E
__Lram                           ram          000000
__Lramtop                        ramtop       000600
__Lrbit                          rbit         000000
__Lrbss                          rbss         000000
__Lrdata                         rdata        000000
__Lreset_vec                     reset_vec    000000
__Lrparam                        rparam       000000
__Lsfr                           sfr          000000
__Lsmallconst                    smallconst   000600
__Lspace_0                       (abs)        000000
__Lspace_1                       (abs)        000000
__Lspace_2                       (abs)        000000
__Lspace_4                       (abs)        000000
__Lstack                         stack        000000
__Lstruct                        struct       000000
__Ltemp                          temp         00007F
__Ltext                          text         000000
__Ltext0                         text0        000000
__Ltext1                         text1        000000
__Ltext10                        text10       000000
__Ltext11                        text11       000000
__Ltext12                        text12       000000
__Ltext13                        text13       000000
__Ltext14                        text14       000000
__Ltext15                        text15       000000
__Ltext16                        text16       000000
__Ltext17                        text17       000000
__Ltext18                        text18       000000
__Ltext19                        text19       000000
__Ltext2                         text2        000000
__Ltext20                        text20       000000
__Ltext21                        text21       000000
__Ltext22                        text22       000000
__Ltext23                        text23       000000
__Ltext24                        text24       000000
__Ltext25                        text25       000000
__Ltext27                        text27       000000
__Ltext28                        text28       000000
__Ltext29                        text29       000000
__Ltext3                         text3        000000
__Ltext30                        text30       000000
__Ltext31                        text31       000000
__Ltext32                        text32       000000
__Ltext33                        text33       000000
__Ltext34                        text34       000000
__Ltext35                        text35       000000
__Ltext36                        text36       000000
__Ltext37                        text37       000000
__Ltext38                        text38       000000
__Ltext39                        text39       000000
__Ltext4                         text4        000000
__Ltext40                        text40       000000
__Ltext41                        text41       000000
__Ltext42                        text42       000000
__Ltext43                        text43       000000
__Ltext44                        text44       000000
__Ltext45                        text45       000000
__Ltext46                        text46       000000
__Ltext47                        text47       000000
__Ltext48                        text48       000000
__Ltext49                        text49       000000
__Ltext5                         text5        000000
__Ltext50                        text50       000000
__Ltext51                        text51       000000
__Ltext52                        text52       000000
__Ltext53                        text53       000000
__Ltext54                        text54       000000
__Ltext55                        text55       000000
__Ltext56                        text56       000000
__Ltext57                        text57       000000
__Ltext58                        text58       000000
__Ltext59                        text59       000000
__Ltext6                         text6        000000
__Ltext60                        text60       000000
__Ltext61                        text61       000000
__Ltext62                        text62       000000
__Ltext63                        text63       000000
__Ltext64                        text64       000000
__Ltext65                        text65       000000
__Ltext66                        text66       000000
__Ltext67                        text67       000000
__Ltext68                        text68       000000
__Ltext69                        text69       000000
__Ltext7                         text7        000000
__Ltext70                        text70       000000
__Ltext71                        text71       000000
__Ltext72                        text72       000000
__Ltext8                         text8        000000
__Ltext9                         text9        000000
__S0                             (abs)        003FA6
__S1                             (abs)        0001DA
__S4                             (abs)        000000
__S5                             (abs)        000000
___fladd                         text55       000FFA
___fladd@a                       cstackCOMRAM 000005
___fladd@aexp                    cstackCOMRAM 00000E
___fladd@b                       cstackCOMRAM 000001
___fladd@bexp                    cstackCOMRAM 00000F
___fladd@grs                     cstackCOMRAM 000010
___fladd@signs                   cstackCOMRAM 00000D
___fldiv                         text60       001D24
___fldiv@a                       cstackCOMRAM 000005
___fldiv@aexp                    cstackCOMRAM 000019
___fldiv@b                       cstackCOMRAM 000001
___fldiv@bexp                    cstackCOMRAM 000018
___fldiv@grs                     cstackCOMRAM 000014
___fldiv@new_exp                 cstackCOMRAM 000012
___fldiv@rem                     cstackCOMRAM 00000D
___fldiv@sign                    cstackCOMRAM 000011
___fleq                          text59       0033FC
___fleq@ff1                      cstackCOMRAM 000001
___fleq@ff2                      cstackCOMRAM 000005
___flge                          text58       002CC2
___flge@ff1                      cstackCOMRAM 000033
___flge@ff2                      cstackCOMRAM 000037
___flmul                         text57       0018FA
___flmul@a                       cstackCOMRAM 00001E
___flmul@aexp                    cstackCOMRAM 00002B
___flmul@b                       cstackCOMRAM 00001A
___flmul@bexp                    cstackCOMRAM 00002C
___flmul@grs                     cstackCOMRAM 000027
___flmul@prod                    cstackCOMRAM 00002D
___flmul@sign                    cstackCOMRAM 000026
___flmul@temp                    cstackCOMRAM 000031
___flneg                         text56       003CC2
___flneg@f1                      cstackCOMRAM 000001
___flsub                         text54       003AF4
___flsub@a                       cstackCOMRAM 000037
___flsub@b                       cstackCOMRAM 000033
___fltol                         text53       002BBC
___fltol@exp1                    cstackCOMRAM 00000A
___fltol@f1                      cstackCOMRAM 000001
___fltol@sign1                   cstackCOMRAM 000009
___fpclassifyf                   text52       002FCA
___fpclassifyf@F465              bssBANK1     00012C
___fpclassifyf@e                 cstackCOMRAM 000009
___fpclassifyf@u                 cstackCOMRAM 00000B
___fpclassifyf@x                 cstackCOMRAM 000001
___heap_hi                       (abs)        000000
___heap_lo                       (abs)        000000
___inthi_sp                      stack        000000
___intlo_sp                      stack        000000
___lwdiv                         text24       0036D6
___lwdiv@counter                 cstackBANK1  0001CA
___lwdiv@dividend                cstackBANK1  0001C6
___lwdiv@divisor                 cstackBANK1  0001C8
___lwdiv@quotient                cstackBANK1  0001CB
___lwmod                         text23       00388E
___lwmod@counter                 cstackBANK1  0001C5
___lwmod@dividend                cstackBANK1  0001C1
___lwmod@divisor                 cstackBANK1  0001C3
___param_bank                    (abs)        000000
___rparam_used                   (abs)        000001
___sp                            stack        000000
___wmul                          text21       003DAA
___wmul@multiplicand             cstackBANK1  0001C3
___wmul@multiplier               cstackBANK1  0001C1
___wmul@product                  cstackBANK1  0001C5
___xxtofl                        text65       0022D0
___xxtofl@arg                    cstackCOMRAM 00000B
___xxtofl@exp                    cstackCOMRAM 00000A
___xxtofl@sign                   cstackCOMRAM 000009
___xxtofl@val                    cstackCOMRAM 000001
__accesstop                      (abs)        000080
__activetblptr                   (abs)        000002
__end_of___fladd                 text55       0014BA
__end_of___fldiv                 text60       0020BE
__end_of___fleq                  text59       0034A6
__end_of___flge                  text58       002DC6
__end_of___flmul                 text57       001D24
__end_of___flneg                 text56       003CFA
__end_of___flsub                 text54       003B3A
__end_of___fltol                 text53       002CC2
__end_of___fpclassifyf           text52       0030C8
__end_of___lwdiv                 text24       00374C
__end_of___lwmod                 text23       0038F4
__end_of___wmul                  text21       003DD2
__end_of___xxtofl                text65       002484
__end_of__initialization         cinit        003880
__end_of_atoi                    text61       002A7A
__end_of_disable_interrupts      text13       003F8A
__end_of_efgtoa                  text43       000FFA
__end_of_enable_interrupts       text12       003F98
__end_of_f_get_timers            text30       0031AE
__end_of_f_int0                  text29       003EF4
__end_of_f_int1                  text28       003EDA
__end_of_f_int2                  text27       003EC0
__end_of_f_interrupt_high        intcode_body 002FCA
__end_of_f_timer0                text71       003F9E
__end_of_f_timer1                text66       003F22
__end_of_f_timer2                text32       002BBC
__end_of_f_timer3                text31       003FA4
__end_of_floorf                  text51       0022D0
__end_of_fputc                   text47       00334E
__end_of_fputs                   text46       003C08
__end_of_isdigit                 text64       003D80
__end_of_isspace                 text63       003B80
__end_of_labs                    text50       00395A
__end_of_lcd_cmd                 text19       003E1E
__end_of_lcd_dat                 text18       003DF8
__end_of_lcd_init                text5        003828
__end_of_lcd_str                 text17       00365E
__end_of_lcd_wr                  text20       003F82
__end_of_leitura_botao_click     text70       002930
__end_of_leitura_botao_pressed   text69       003AF4
__end_of_ler_teclado             text16       0027AE
__end_of_loop                    text14       003F0C
__end_of_main                    text0        003F32
__end_of_memcpy                  text49       003AA4
__end_of_mux_display             text72       003284
__end_of_pad                     text45       0033FC
__end_of_putch                   text48       003FA6
__end_of_pwm_dutycycle           text4        003D28
__end_of_read_AD_10bits          text25       003BC4
__end_of_rotina_1_lcd            text35       0035E0
__end_of_setup                   text1        003F6E
__end_of_setup_ad                text11       003F4E
__end_of_setup_bottons           text68       00261E
__end_of_setup_hardware          text6        003EA6
__end_of_setup_interrupt         text10       003F40
__end_of_setup_io                text9        003DAA
__end_of_setup_pwm               text8        003F5A
__end_of_setup_software          text2        0039B2
__end_of_setup_timer0            text7        003F78
__end_of_show_display_10bits     text22       003548
__end_of_show_lcd                text15       002EC8
__end_of_sprintf                 text40       003A04
__end_of_start_AD_conversion     text3        003FA2
__end_of_strcpy                  text44       003C48
__end_of_vfpfcnvrt               text42       0018FA
__end_of_vfprintf                text41       003A54
__end_ofi2___lwdiv               text34       0037C0
__end_ofi2___wmul                text62       003E44
__end_ofi2_lcd_cmd               text38       003E88
__end_ofi2_lcd_dat               text37       003E66
__end_ofi2_lcd_str               text36       0036D6
__end_ofi2_lcd_wr                text39       003F92
__end_ofi2_pwm_dutycycle         text33       003D54
__end_ofi2_read_AD_10bits        text67       003C88
__initialization                 cinit        003828
__mediumconst                    mediumconst  000000
__pbssBANK0                      bssBANK0     0000BA
__pbssBANK1                      bssBANK1     000100
__pcinit                         cinit        003828
__pcstackBANK0                   cstackBANK0  000080
__pcstackBANK1                   cstackBANK1  0001C1
__pcstackCOMRAM                  cstackCOMRAM 000001
__pdataBANK0                     dataBANK0    0000E9
__pdataBANK1                     dataBANK1    000188
__pidataBANK0                    idataBANK0   003F5A
__pidataBANK1                    idataBANK1   003C88
__pintcode                       intcode      000008
__pintcode_body                  intcode_body 002EC8
__pnvBANK0                       nvBANK0      0000F3
__pnvBANK1                       nvBANK1      0001CF
__psmallconst                    smallconst   000600
__ptext0                         text0        003F22
__ptext1                         text1        003F64
__ptext10                        text10       003F32
__ptext11                        text11       003F40
__ptext12                        text12       003F92
__ptext13                        text13       003F82
__ptext14                        text14       003EF4
__ptext15                        text15       002DC6
__ptext16                        text16       00261E
__ptext17                        text17       0035E0
__ptext18                        text18       003DD2
__ptext19                        text19       003DF8
__ptext2                         text2        00395A
__ptext20                        text20       003F78
__ptext21                        text21       003DAA
__ptext22                        text22       0034A6
__ptext23                        text23       00388E
__ptext24                        text24       0036D6
__ptext25                        text25       003B80
__ptext27                        text27       003EA6
__ptext28                        text28       003EC0
__ptext29                        text29       003EDA
__ptext3                         text3        003F9E
__ptext30                        text30       0030C8
__ptext31                        text31       003FA2
__ptext32                        text32       002A7A
__ptext33                        text33       003D28
__ptext34                        text34       00374C
__ptext35                        text35       003548
__ptext36                        text36       00365E
__ptext37                        text37       003E44
__ptext38                        text38       003E66
__ptext39                        text39       003F8A
__ptext4                         text4        003CFA
__ptext40                        text40       0039B2
__ptext41                        text41       003A04
__ptext42                        text42       0014BA
__ptext43                        text43       000628
__ptext44                        text44       003C08
__ptext45                        text45       00334E
__ptext46                        text46       003BC4
__ptext47                        text47       003284
__ptext48                        text48       003FA4
__ptext49                        text49       003A54
__ptext5                         text5        0037C0
__ptext50                        text50       0038F4
__ptext51                        text51       0020BE
__ptext52                        text52       002FCA
__ptext53                        text53       002BBC
__ptext54                        text54       003AF4
__ptext55                        text55       000FFA
__ptext56                        text56       003CC2
__ptext57                        text57       0018FA
__ptext58                        text58       002CC2
__ptext59                        text59       0033FC
__ptext6                         text6        003E88
__ptext60                        text60       001D24
__ptext61                        text61       002930
__ptext62                        text62       003E1E
__ptext63                        text63       003B3A
__ptext64                        text64       003D54
__ptext65                        text65       0022D0
__ptext66                        text66       003F0C
__ptext67                        text67       003C48
__ptext68                        text68       002484
__ptext69                        text69       003AA4
__ptext7                         text7        003F6E
__ptext70                        text70       0027AE
__ptext71                        text71       003F98
__ptext72                        text72       0031AE
__ptext8                         text8        003F4E
__ptext9                         text9        003D80
__ramtop                         ramtop       000600
__smallconst                     smallconst   000600
_ad_data                         bssBANK1     000130
_atoi                            text61       002930
_contador_lcd                    bssBANK0     0000D3
_conv7seg                        dataBANK1    000188
_dado1                           bssBANK0     0000E2
_dado2                           bssBANK0     0000E1
_dado3                           bssBANK0     0000E0
_dado4                           bssBANK0     0000DF
_dado_disp_7seg                  bssBANK0     0000E4
_dado_lcd                        bssBANK0     0000E7
_dbuf                            bssBANK1     000138
_disable_interrupts              text13       003F82
_display1                        nvBANK1      0001D7
_display2                        nvBANK1      0001D8
_display3                        nvBANK1      0001D9
_display4                        nvBANK0      0000F3
_duty_LCD1                       dataBANK0    0000EF
_duty_LCD2                       dataBANK1    00019D
_duty_LCD3                       dataBANK1    00019B
_duty_LCD4                       dataBANK1    000199
_duty_teclado                    bssBANK1     000120
_efgtoa                          text43       000628
_efgtoa$1269                     cstackCOMRAM 00004E
_enable_interrupts               text12       003F92
_f_get_timers                    text30       0030C8
_f_int0                          text29       003EDA
_f_int1                          text28       003EC0
_f_int2                          text27       003EA6
_f_interrupt_high                intcode      000008
_f_timer0                        text71       003F98
_f_timer1                        text66       003F0C
_f_timer2                        text32       002A7A
_f_timer3                        text31       003FA2
_flag_b0                         bssBANK0     0000DD
_flag_b1                         bssBANK0     0000DC
_flag_b2                         bssBANK0     0000DB
_flags                           bssBANK0     0000CC
_floorf                          text51       0020BE
_fputc                           text47       003284
_fputs                           text46       003BC4
_i                               bssBANK0     0000E3
_isdigit                         text64       003D54
_isspace                         text63       003B3A
_isspace$1347                    cstackCOMRAM 000005
_labs                            text50       0038F4
_lcd_cmd                         text19       003DF8
_lcd_dat                         text18       003DD2
_lcd_init                        text5        0037C0
_lcd_str                         text17       0035E0
_lcd_wr                          text20       003F78
_leitura_b3                      bssBANK0     0000DA
_leitura_b4                      bssBANK0     0000D9
_leitura_b5                      bssBANK0     0000D8
_leitura_botao_click             text70       0027AE
_leitura_botao_pressed           text69       003AA4
_ler_teclado                     text16       00261E
_linha1                          dataBANK1    0001B0
_linha2                          dataBANK1    00019F
_loop                            text14       003EF4
_main                            text0        003F22
_memcpy                          text49       003A54
_memoria_ad                      bssBANK0     0000C8
_memoria_dado                    bssBANK0     0000DE
_mux_display                     text72       0031AE
_pad                             text45       00334E
_porcentagem                     bssBANK1     000136
_prec                            bssBANK0     0000BC
_putch                           text48       003FA4
_pwm_dutycycle                   text4        003CFA
_read_AD_10bits                  text25       003B80
_rotina_1_lcd                    text35       003548
_set_portd                       bssBANK0     0000D7
_setup                           text1        003F64
_setup_ad                        text11       003F40
_setup_bottons                   text68       002484
_setup_hardware                  text6        003E88
_setup_interrupt                 text10       003F32
_setup_io                        text9        003D80
_setup_pwm                       text8        003F4E
_setup_software                  text2        00395A
_setup_timer0                    text7        003F6E
_show_display_10bits             text22       0034A6
_show_lcd                        text15       002DC6
_sprintf                         text40       0039B2
_start_AD_conversion             text3        003F9E
_strcpy                          text44       003C08
_temperature                     bssBANK1     000134
_timer_0                         nvBANK1      0001D5
_timer_1                         nvBANK1      0001D3
_timer_2                         nvBANK1      0001D1
_timer_3                         nvBANK1      0001CF
_valor_teclado                   bssBANK0     0000CA
_vetor                           bssBANK1     000100
_vfpfcnvrt                       text42       0014BA
_vfprintf                        text41       003A04
_width                           bssBANK0     0000BA
atoi@n                           cstackCOMRAM 000015
atoi@neg                         cstackCOMRAM 000013
atoi@s                           cstackCOMRAM 00000E
btemp                            temp         00007F
contagem_dec@cont_dec            bssBANK0     0000D5
contagem_hex@cont_hex            bssBANK0     0000D4
efgtoa@c                         cstackCOMRAM 000045
efgtoa@d                         cstackCOMRAM 000053
efgtoa@e                         cstackCOMRAM 000057
efgtoa@f                         cstackCOMRAM 000041
efgtoa@fp                        cstackCOMRAM 00003F
efgtoa@g                         cstackCOMRAM 00006C
efgtoa@h                         cstackCOMRAM 000061
efgtoa@i                         cstackCOMRAM 00005F
efgtoa@l                         cstackCOMRAM 000065
efgtoa@m                         cstackCOMRAM 000055
efgtoa@mode                      cstackCOMRAM 000051
efgtoa@n                         cstackCOMRAM 00006A
efgtoa@ne                        cstackCOMRAM 000048
efgtoa@nmode                     cstackCOMRAM 000052
efgtoa@ou                        cstackCOMRAM 00005B
efgtoa@p                         cstackCOMRAM 00004A
efgtoa@pp                        cstackCOMRAM 000050
efgtoa@sign                      cstackCOMRAM 000069
efgtoa@t                         cstackCOMRAM 00004C
efgtoa@u                         cstackCOMRAM 000070
efgtoa@w                         cstackCOMRAM 000059
end_of_initialization            cinit        003880
f_get_timers@counter0            dataBANK0    0000ED
f_get_timers@counter1            dataBANK0    0000EB
f_get_timers@counter2            dataBANK0    0000E9
f_get_timers@counter3            bssBANK0     0000C4
floorf@F526                      bssBANK1     000128
floorf@e                         cstackCOMRAM 000028
floorf@m                         cstackCOMRAM 000024
floorf@u                         cstackCOMRAM 00002A
floorf@x                         cstackCOMRAM 00001A
fputc@c                          cstackCOMRAM 000001
fputc@fp                         cstackCOMRAM 000003
fputs@c                          cstackCOMRAM 00000E
fputs@fp                         cstackCOMRAM 00000C
fputs@i                          cstackCOMRAM 00000F
fputs@s                          cstackCOMRAM 00000A
i2___lwdiv                       text34       00374C
i2___lwdiv@counter               cstackCOMRAM 000007
i2___lwdiv@dividend              cstackCOMRAM 000001
i2___lwdiv@divisor               cstackCOMRAM 000003
i2___lwdiv@quotient              cstackCOMRAM 000005
i2___wmul                        text62       003E1E
i2___wmul@multiplicand           cstackCOMRAM 00000A
i2___wmul@multiplier             cstackCOMRAM 000008
i2___wmul@product                cstackCOMRAM 00000C
i2_lcd_cmd                       text38       003E66
i2_lcd_dat                       text37       003E44
i2_lcd_str                       text36       00365E
i2_lcd_wr                        text39       003F8A
i2_pwm_dutycycle                 text33       003D28
i2_read_AD_10bits                text67       003C48
i2lcd_cmd@val                    cstackCOMRAM 000002
i2lcd_dat@val                    cstackCOMRAM 000002
i2lcd_str@i                      cstackCOMRAM 000007
i2lcd_str@str                    cstackCOMRAM 000003
i2lcd_wr@val                     cstackCOMRAM 000001
i2pwm_dutycycle@dutycycle        cstackCOMRAM 000001
i2read_AD_10bits@channel         cstackCOMRAM 000003
int$flags                        temp         00007F
int_func                         intcode_body 002EC8
intlevel0                        text         000000
intlevel1                        text         000000
intlevel2                        text         000000
intlevel3                        text         000000
isa$std                          (abs)        000001
isa$xinst                        (abs)        000000
isdigit@c                        cstackCOMRAM 000001
isspace@c                        cstackCOMRAM 000001
labs@a                           cstackCOMRAM 000001
lcd_cmd@val                      cstackBANK1  0001C2
lcd_dat@val                      cstackBANK1  0001C2
lcd_str@i                        cstackBANK1  0001C7
lcd_str@str                      cstackBANK1  0001C3
lcd_wr@val                       cstackBANK1  0001C1
leitura_botao_click@click        cstackCOMRAM 000005
leitura_botao_click@dado         cstackCOMRAM 000003
leitura_botao_click@f_cont       cstackCOMRAM 000006
leitura_botao_click@m3_cont      dataBANK0    0000F1
leitura_botao_click@m4_cont      bssBANK0     0000CE
leitura_botao_click@m5_cont      bssBANK0     0000CD
leitura_botao_click@select       cstackCOMRAM 000004
leitura_botao_pressed@dado       cstackCOMRAM 000004
leitura_botao_pressed@pressed    cstackCOMRAM 000005
leitura_botao_pressed@select     cstackCOMRAM 000003
ler_teclado@entrada              cstackBANK1  0001C8
ler_teclado@i                    cstackBANK1  0001C1
ler_teclado@i_678                cstackBANK1  0001C3
ler_teclado@i_679                cstackBANK1  0001C5
ler_teclado@saida                cstackBANK1  0001C7
memcpy@d                         cstackCOMRAM 000007
memcpy@d1                        cstackCOMRAM 000001
memcpy@n                         cstackCOMRAM 000005
memcpy@s                         cstackCOMRAM 000009
memcpy@s1                        cstackCOMRAM 000003
memcpy@tmp                       cstackCOMRAM 00000B
mux_display@estado               bssBANK0     0000D6
pad@buf                          cstackCOMRAM 000013
pad@fp                           cstackCOMRAM 000011
pad@i                            cstackCOMRAM 000018
pad@p                            cstackCOMRAM 000015
pad@w                            cstackCOMRAM 00001A
pwm_dutycycle@dutycycle          cstackBANK1  0001C1
read_AD_10bits@channel           cstackBANK1  0001C3
read_AD_10bits@leitura           bssBANK0     0000BE
read_AD_10bits@leitura_high      bssBANK0     0000C0
read_AD_10bits@leitura_low       bssBANK0     0000C2
read_AD_8bits@leitura            bssBANK0     0000D0
read_AD_8bits@leitura_high       bssBANK0     0000D1
read_AD_8bits@leitura_low        bssBANK0     0000D2
read_temperature@LM35            bssBANK0     0000E5
rotina_1_lcd@porcentagem         cstackBANK0  0000AA
rotina_1_lcd@valor_1             cstackBANK0  0000A6
setup_bottons@botao3             cstackCOMRAM 00000B
setup_bottons@botao4             cstackCOMRAM 000007
setup_bottons@botao5             cstackCOMRAM 000008
show_display_10bits@dado_10_bits cstackBANK1  0001CD
show_display_10bits@memoria      bssBANK0     0000C6
show_lcd@tecla                   bssBANK0     0000CF
show_lcd@tecla_old               dataBANK0    0000F2
sprintf@ap                       cstackBANK0  000099
sprintf@f                        cstackBANK0  00009B
sprintf@fmt                      cstackBANK0  000093
sprintf@s                        cstackBANK0  000091
stackhi                          (abs)        000000
stacklo                          (abs)        000000
start                            init         00000E
start_initialization             cinit        003828
strcpy@d                         cstackCOMRAM 000007
strcpy@dest                      cstackCOMRAM 000001
strcpy@s                         cstackCOMRAM 000005
strcpy@src                       cstackCOMRAM 000003
ttemp5                           temp         000080
ttemp6                           temp         000083
ttemp7                           temp         000087
vfpfcnvrt@ap                     cstackCOMRAM 000078
vfpfcnvrt@c                      cstackBANK0  000088
vfpfcnvrt@convarg                cstackBANK0  000080
vfpfcnvrt@cp                     cstackBANK0  000089
vfpfcnvrt@fmt                    cstackCOMRAM 000076
vfpfcnvrt@fp                     cstackCOMRAM 000074
vfprintf@ap                      cstackBANK0  00008F
vfprintf@cfmt                    cstackCOMRAM 00007D
vfprintf@fmt                     cstackBANK0  00008D
vfprintf@fp                      cstackBANK0  00008B
wtemp8                           temp         000080


MODULE INFORMATION

Module		Function		Class		Link	Load	Size
C:\Program Files\Microchip\xc8\v2.40\pic\sources\c99\common\sprcmul.c
		___flmul       		CODE           	18FA	0000	1066

C:\Program Files\Microchip\xc8\v2.40\pic\sources\c99\common\sprcmul.c estimated size: 1066

C:\Program Files\Microchip\xc8\v2.40\pic\sources\c99\common\nf_fputc.c
		_fputc         		CODE           	3284	0000	202

C:\Program Files\Microchip\xc8\v2.40\pic\sources\c99\common\nf_fputc.c estimated size: 202

C:\Program Files\Microchip\xc8\v2.40\pic\sources\c99\common\sprcdiv.c
		___fldiv       		CODE           	1D24	0000	922

C:\Program Files\Microchip\xc8\v2.40\pic\sources\c99\common\sprcdiv.c estimated size: 922

C:\Program Files\Microchip\xc8\v2.40\pic\sources\c99\common\lwdiv.c
		___lwdiv       		CODE           	36D6	0000	118

C:\Program Files\Microchip\xc8\v2.40\pic\sources\c99\common\lwdiv.c estimated size: 118

C:\Program Files\Microchip\xc8\v2.40\pic\sources\c99\common\nf_sprintf.c
		_sprintf       		CODE           	39B2	0000	82

C:\Program Files\Microchip\xc8\v2.40\pic\sources\c99\common\nf_sprintf.c estimated size: 82

C:\Program Files\Microchip\xc8\v2.40\pic\sources\c99\common\memcpy.c
		_memcpy        		CODE           	3A54	0000	80

C:\Program Files\Microchip\xc8\v2.40\pic\sources\c99\common\memcpy.c estimated size: 80

C:\Program Files\Microchip\xc8\v2.40\pic\sources\c99\common\fltol.c
		___fltol       		CODE           	2BBC	0000	262

C:\Program Files\Microchip\xc8\v2.40\pic\sources\c99\common\fltol.c estimated size: 262

C:\Program Files\Microchip\xc8\v2.40\pic\sources\c99\common\isspace.c
		_isspace       		CODE           	3B3A	0000	70

C:\Program Files\Microchip\xc8\v2.40\pic\sources\c99\common\isspace.c estimated size: 70

C:\Program Files\Microchip\xc8\v2.40\pic\sources\c99\common\atoi.c
		_atoi          		CODE           	2930	0000	330

C:\Program Files\Microchip\xc8\v2.40\pic\sources\c99\common\atoi.c estimated size: 330

C:\Program Files\Microchip\xc8\v2.40\pic\sources\c99\common\Umul16.c
		___wmul        		CODE           	3DAA	0000	40

C:\Program Files\Microchip\xc8\v2.40\pic\sources\c99\common\Umul16.c estimated size: 40

C:\Program Files\Microchip\xc8\v2.40\pic\sources\c99\common\fleq.c
		___fleq        		CODE           	33FC	0000	170

C:\Program Files\Microchip\xc8\v2.40\pic\sources\c99\common\fleq.c estimated size: 170

botoes.c
		_ler_teclado   		CODE           	261E	0000	400
		_leitura_botao_pressed		CODE           	3AA4	0000	80
		_leitura_botao_click		CODE           	27AE	0000	386

botoes.c estimated size: 866

setup_config.c
		_setup_bottons 		CODE           	2484	0000	410
		_disable_interrupts		CODE           	3F82	0000	8
		_setup_ad      		CODE           	3F40	0000	14
		_enable_interrupts		CODE           	3F92	0000	6
		_setup_hardware		CODE           	3E88	0000	30
		_setup_interrupt		CODE           	3F32	0000	14
		_setup_timer0  		CODE           	3F6E	0000	10
		_setup_pwm     		CODE           	3F4E	0000	12
		_setup_io      		CODE           	3D80	0000	42
		_setup         		CODE           	3F64	0000	10
		_setup_software		CODE           	395A	0000	88

setup_config.c estimated size: 644

C:\Program Files\Microchip\xc8\v2.40\pic\sources\c99\common\__fpclassifyf.c
		___fpclassifyf 		CODE           	2FCA	0000	254

C:\Program Files\Microchip\xc8\v2.40\pic\sources\c99\common\__fpclassifyf.c estimated size: 254

C:\Program Files\Microchip\xc8\v2.40\pic\sources\c99\common\isdigit.c
		_isdigit       		CODE           	3D54	0000	44

C:\Program Files\Microchip\xc8\v2.40\pic\sources\c99\common\isdigit.c estimated size: 44

C:\Program Files\Microchip\xc8\v2.40\pic\sources\c99\common\sprcadd.c
		___flsub       		CODE           	3AF4	0000	70
		___fladd       		CODE           	0FFA	0000	1216

C:\Program Files\Microchip\xc8\v2.40\pic\sources\c99\common\sprcadd.c estimated size: 1286

pwm.c
		_pwm_dutycycle 		CODE           	3CFA	0000	46

pwm.c estimated size: 46

C:\Program Files\Microchip\xc8\v2.40\pic\sources\c99\common\floorf.c
		_floorf        		CODE           	20BE	0000	530

C:\Program Files\Microchip\xc8\v2.40\pic\sources\c99\common\floorf.c estimated size: 530

C:\Program Files\Microchip\xc8\v2.40\pic\sources\c99\common\flneg.c
		___flneg       		CODE           	3CC2	0000	56

C:\Program Files\Microchip\xc8\v2.40\pic\sources\c99\common\flneg.c estimated size: 56

adc.c
		_read_AD_10bits		CODE           	3B80	0000	68
		_start_AD_conversion		CODE           	3F9E	0000	4

adc.c estimated size: 72

C:\Program Files\Microchip\xc8\v2.40\pic\sources\c99\common\labs.c
		_labs          		CODE           	38F4	0000	102

C:\Program Files\Microchip\xc8\v2.40\pic\sources\c99\common\labs.c estimated size: 102

C:\Program Files\Microchip\xc8\v2.40\pic\sources\c99\common\xxtofl.c
		___xxtofl      		CODE           	22D0	0000	436

C:\Program Files\Microchip\xc8\v2.40\pic\sources\c99\common\xxtofl.c estimated size: 436

C:\Program Files\Microchip\xc8\v2.40\pic\sources\c99\common\nf_fputs.c
		_fputs         		CODE           	3BC4	0000	68

C:\Program Files\Microchip\xc8\v2.40\pic\sources\c99\common\nf_fputs.c estimated size: 68

shared
		i2___lwdiv     		CODE           	374C	0000	116
		i2___wmul      		CODE           	3E1E	0000	38
		__initialization		CODE           	3828	0000	88
		i2_pwm_dutycycle		CODE           	3D28	0000	44
		i2_lcd_dat     		CODE           	3E44	0000	34
		i2_lcd_wr      		CODE           	3F8A	0000	8
		i2_lcd_cmd     		CODE           	3E66	0000	34
		i2_lcd_str     		CODE           	365E	0000	120
		i2_read_AD_10bits		CODE           	3C48	0000	64

shared estimated size: 546

C:\Program Files\Microchip\xc8\v2.40\pic\sources\c99\common\strcpy.c
		_strcpy        		CODE           	3C08	0000	64

C:\Program Files\Microchip\xc8\v2.40\pic\sources\c99\common\strcpy.c estimated size: 64

C:\Program Files\Microchip\xc8\v2.40\pic\sources\c99\common\flge.c
		___flge        		CODE           	2CC2	0000	260

C:\Program Files\Microchip\xc8\v2.40\pic\sources\c99\common\flge.c estimated size: 260

C:\Program Files\Microchip\xc8\v2.40\pic\sources\c99\common\lwmod.c
		___lwmod       		CODE           	388E	0000	102

C:\Program Files\Microchip\xc8\v2.40\pic\sources\c99\common\lwmod.c estimated size: 102

C:\Program Files\Microchip\xc8\v2.40\pic\sources\c99\common\putch.c
		_putch         		CODE           	3FA4	0000	2

C:\Program Files\Microchip\xc8\v2.40\pic\sources\c99\common\putch.c estimated size: 2

lcd.c
		_lcd_cmd       		CODE           	3DF8	0000	38
		_show_lcd      		CODE           	2DC6	0000	258
		_lcd_dat       		CODE           	3DD2	0000	38
		_rotina_1_lcd  		CODE           	3548	0000	152
		_lcd_wr        		CODE           	3F78	0000	10
		_lcd_str       		CODE           	35E0	0000	126
		_lcd_init      		CODE           	37C0	0000	104

lcd.c estimated size: 726

C:\Program Files\Microchip\xc8\v2.40\pic\sources\c99\common\doprnt.c
		_vfpfcnvrt     		CODE           	14BA	0000	1088
		_efgtoa        		CODE           	0628	0000	2514
		_pad           		CODE           	334E	0000	174
		_vfprintf      		CODE           	3A04	0000	80

C:\Program Files\Microchip\xc8\v2.40\pic\sources\c99\common\doprnt.c estimated size: 3856

disp_7seg.c
		_mux_display   		CODE           	31AE	0000	214

disp_7seg.c estimated size: 214

main.c
		_loop          		CODE           	3EF4	0000	24
		_f_timer0      		CODE           	3F98	0000	6
		_f_timer1      		CODE           	3F0C	0000	22
		_f_timer2      		CODE           	2A7A	0000	322
		_f_timer3      		CODE           	3FA2	0000	2
		_main          		CODE           	3F22	0000	16
		_f_int2        		CODE           	3EA6	0000	26
		_f_interrupt_high		CODE           	0008	0000	264
		_f_int0        		CODE           	3EDA	0000	26
		_f_get_timers  		CODE           	30C8	0000	230
		_show_display_10bits		CODE           	34A6	0000	162
		_f_int1        		CODE           	3EC0	0000	26

main.c estimated size: 1126

