Microchip MPLAB XC8 Compiler V2.40

Linker command line:

-W-3 \
  --edf=C:\Program Files\Microchip\xc8\v2.40\pic\dat\20220703182018_en.msgs \
  -cn -h+dist/default/production\Trab04.X.production.sym \
  --cmf=dist/default/production\Trab04.X.production.cmf -z -Q18F4520 \
  -oC:\Users\johan\AppData\Local\Temp\xcAs6qc.4 --defsym=__MPLAB_BUILD=1 \
  --fixupoverflow=error -Mdist/default/production/Trab04.X.production.map \
  --md=C:\Users\johan\AppData\Local\Temp\xcAs6qc.dat -E1 -ver=XC8 Compiler \
  --acfsm=1493 -ACODE=00h-07FFFh -ACONST=00h-07FFFh \
  -ASMALLCONST=0600h-06FFhx122 -AMEDIUMCONST=0600h-07FFFh -ACOMRAM=01h-07Fh \
  -AABS1=00h-05FFh -ABIGRAM=01h-05FFh -ARAM=080h-0FFh,0100h-01FFhx5 \
  -ABANK0=080h-0FFh -ABANK1=0100h-01FFh -ABANK2=0200h-02FFh \
  -ABANK3=0300h-03FFh -ABANK4=0400h-04FFh -ABANK5=0500h-05FFh \
  -ASFR=0F80h-0FFFh -ABIGSFR=0F80h-0FFFh -ACONFIG=0300000h-030000Dh \
  -AIDLOC=0200000h-0200007h -AEEDATA=0F00000h-0F000FFh -peeprom_data=EEDATA \
  -preset_vec=00h,intcode=08h,intcodelo,powerup,init -pramtop=0600h \
  -psmallconst=SMALLCONST -pmediumconst=MEDIUMCONST -pconst=CONST \
  -AFARRAM=00h-00h \
  -prdata=COMRAM,nvrram=COMRAM,nvbit=COMRAM,rbss=COMRAM,rbit=COMRAM \
  -pfarbss=FARRAM,fardata=FARRAM,nvFARRAM=FARRAM \
  -pintsave_regs=BIGRAM,bigbss=BIGRAM,bigdata=BIGRAM -pbss=RAM \
  -pidata=CODE,irdata=CODE,ibigdata=CODE,ifardata=CODE -prparam=COMRAM \
  C:\Users\johan\AppData\Local\Temp\xcAs6qc.o \
  dist/default/production\Trab04.X.production.o 

Object code version is 3.11

Machine type is 18F4520



                Name                               Link     Load   Length Selector   Space Scale
C:\Users\johan\AppData\Local\Temp\xcAs6qc.o
                idloc                            200000   200000        8        0       5
                config                           300000   300000        E        0       4
                init                                  E        E        4        4       0
                reset_vec                             0        0        4        0       0
dist/default/production\Trab04.X.production.o
                intcode                               8        8        6        4       0
                idloc                            200000   200000        8        0       5
                config                           300000   300000        E        0       4
                temp                                 7F       7F        1        1       1
                smallconst                          600      600        6      300       0
                text41                             2794     2794        E     13BB       0
                text40                             27D2     27D2        4     13BB       0
                text39                             2228     2228       8C      303       0
                text38                             11F8     11F8      39A      303       0
                text37                              A32      A32      42A      303       0
                text36                             1C7C     1C7C      106      303       0
                text35                             174A     174A      1B4      303       0
                text34                             18FE     18FE      144      303       0
                text33                             26BE     26BE       26      303       0
                text32                             2698     2698       26      303       0
                text31                             25F6     25F6       2C      303       0
                text30                             20E2     20E2       AE      303       0
                text29                             27C6     27C6        8     13BB       0
                text28                             2728     2728       22      303       0
                text27                             2562     2562       50      303       0
                text26                             2424     2424       74      303       0
                text25                             24FE     24FE       64      303       0
                text24                             2706     2706       22      303       0
                text23                             1A42     1A42      132      303       0
                text22                             202C     202C       B6      303       0
                text21                             2622     2622       2A      303       0
                text20                             1F6C     1F6C       C0      303       0
                intcode_body                       1E84     1E84       E8      303       0
                text18                             2498     2498       66      303       0
                text17                              E5C      E5C      39C      303       0
                text16                              606      606      42C      303       0
                text15                             1B74     1B74      108      303       0
                text14                             233A     233A       76      303       0
                text13                             1592     1592      1B8      303       0
                text12                             2190     2190       98      303       0
                text11                             1D82     1D82      102      303       0
                text10                             2786     2786        E     13BB       0
                text9                              27BE     27BE        8     13BB       0
                text8                              27AC     27AC        A     13BB       0
                text7                              274A     274A       1A      303       0
                text6                              27A2     27A2        A     13BB       0
                text5                              2672     2672       26      303       0
                text4                              23B0     23B0       74      303       0
                text3                              264C     264C       26      303       0
                text2                              27CE     27CE        4     13BB       0
                text1                              25B2     25B2       44      303       0
                text0                              2776     2776       10     13BB       0
                cstackCOMRAM                          1        1       56        1       1
                cstackBANK0                          80       80       4A       80       1
                dataBANK1                           100      100       11      100       1
                dataBANK0                            CA       CA       22       80       1
                bssBANK0                             EC       EC       13       80       1
                dataCOMRAM                           77       77        8        1       1
                bssCOMRAM                            57       57       20        1       1
                cinit                              22B4     22B4       86      303       0
                idataBANK1                         2764     2764       11      303       0
                idataBANK0                         26E4     26E4       22      303       0
                idataCOMRAM                        27B6     27B6        8     13BB       0

TOTAL           Name                               Link     Load   Length     Space
        CLASS   CODE           
                intcode                               8        8        6         0
                init                                  E        E        4         0
                reset_vec                             0        0        4         0
                text41                             2794     2794        E         0
                text40                             27D2     27D2        4         0
                text39                             2228     2228       8C         0
                text38                             11F8     11F8      39A         0
                text37                              A32      A32      42A         0
                text36                             1C7C     1C7C      106         0
                text35                             174A     174A      1B4         0
                text34                             18FE     18FE      144         0
                text33                             26BE     26BE       26         0
                text32                             2698     2698       26         0
                text31                             25F6     25F6       2C         0
                text30                             20E2     20E2       AE         0
                text29                             27C6     27C6        8         0
                text28                             2728     2728       22         0
                text27                             2562     2562       50         0
                text26                             2424     2424       74         0
                text25                             24FE     24FE       64         0
                text24                             2706     2706       22         0
                text23                             1A42     1A42      132         0
                text22                             202C     202C       B6         0
                text21                             2622     2622       2A         0
                text20                             1F6C     1F6C       C0         0
                intcode_body                       1E84     1E84       E8         0
                text18                             2498     2498       66         0
                text17                              E5C      E5C      39C         0
                text16                              606      606      42C         0
                text15                             1B74     1B74      108         0
                text14                             233A     233A       76         0
                text13                             1592     1592      1B8         0
                text12                             2190     2190       98         0
                text11                             1D82     1D82      102         0
                text10                             2786     2786        E         0
                text9                              27BE     27BE        8         0
                text8                              27AC     27AC        A         0
                text7                              274A     274A       1A         0
                text6                              27A2     27A2        A         0
                text5                              2672     2672       26         0
                text4                              23B0     23B0       74         0
                text3                              264C     264C       26         0
                text2                              27CE     27CE        4         0
                text1                              25B2     25B2       44         0
                text0                              2776     2776       10         0
                cinit                              22B4     22B4       86         0
                idataBANK1                         2764     2764       11         0
                idataBANK0                         26E4     26E4       22         0
                idataCOMRAM                        27B6     27B6        8         0

        CLASS   CONST          

        CLASS   SMALLCONST     
                smallconst                          600      600        6         0

        CLASS   MEDIUMCONST    

        CLASS   COMRAM         
                temp                                 7F       7F        1         1
                cstackCOMRAM                          1        1       56         1
                dataCOMRAM                           77       77        8         1
                bssCOMRAM                            57       57       20         1

        CLASS   ABS1           

        CLASS   BIGRAM         

        CLASS   RAM            

        CLASS   BANK0          
                cstackBANK0                          80       80       4A         1
                dataBANK0                            CA       CA       22         1
                bssBANK0                             EC       EC       13         1

        CLASS   BANK1          
                dataBANK1                           100      100       11         1

        CLASS   BANK2          

        CLASS   BANK3          

        CLASS   BANK4          

        CLASS   BANK5          

        CLASS   SFR            

        CLASS   BIGSFR         

        CLASS   CONFIG         
                config                           300000   300000        E         4

        CLASS   IDLOC          
                idloc                            200000   200000        8         5

        CLASS   EEDATA         

        CLASS   FARRAM         

        CLASS   HEAP           

        CLASS   STACK          



SEGMENTS        Name                           Load    Length   Top    Selector   Space  Class

                reset_vec                      000000  000004  000004         0       0  CODE    
                cstackCOMRAM                   000001  00007F  000080         1       1  COMRAM  
                intcode                        000008  00000A  000012         4       0  CODE    
                cstackBANK0                    000080  00007F  0000FF        80       1  BANK0   
                dataBANK1                      000100  000011  000111       100       1  BANK1   
                smallconst                     000600  000006  000606       300       0  SMALLCON
                text16                         000606  00216F  002775       303       0  CODE    
                text0                          002776  000060  0027D6      13BB       0  CODE    


UNUSED ADDRESS RANGES

        Name                Unused          Largest block    Delta
        BANK0            0000FF-0000FF                1
        BANK1            000111-0001FF               EF
        BANK2            000200-0002FF              100
        BANK3            000300-0003FF              100
        BANK4            000400-0004FF              100
        BANK5            000500-0005FF              100
        BIGRAM           0000FF-0000FF                1
                         000111-0005FF              4EF
        BIGSFR           000F80-000FFF               80
        CODE             000004-000007                4
                         000012-0005FF              5EE
                         002775-002775                1
                         0027D6-007FFF             582A
        CONST            000004-000007                4
                         000012-0005FF              5EE
                         002775-002775                1
                         0027D6-007FFF             582A
        EEDATA           F00000-F000FF              100
        MEDIUMCONST      002775-002775                1
                         0027D6-007FFF             582A
        RAM              0000FF-0000FF                1
                         000111-0005FF              100
        SFR              000F80-000FFF               80
        SMALLCONST       002775-002775                1
                         0027D6-007FFF              100

                                  Symbol Table

?___fldiv                      cstackBANK0  0000A7
?___flmul                      cstackBANK0  00008E
?___fltol                      cstackBANK0  0000C0
?___lwdiv                      cstackBANK0  000085
?___lwmod                      cstackBANK0  000080
?___wmul                       cstackCOMRAM 000001
?___xxtofl                     cstackBANK0  000080
?i2___fldiv                    cstackCOMRAM 000028
?i2___flmul                    cstackCOMRAM 00000F
?i2___fltol                    cstackCOMRAM 000041
?i2___lwdiv                    cstackCOMRAM 000001
?i2___lwmod                    cstackCOMRAM 000001
?i2___xxtofl                   cstackCOMRAM 000001
ADC_maq@estado                 bssCOMRAM    000070
_ADCON0                        (abs)        000FC2
_ADCON1                        (abs)        000FC1
_ADCON2                        (abs)        000FC0
_ADC_maq                       text39       002228
_ADIE                          (abs)        007CEE
_ADIF                          (abs)        007CF6
_ADRES                         (abs)        000FC3
_AD_data                       bssCOMRAM    000071
_AD_init                       text10       002786
_CCP1CON                       (abs)        000FBD
_CCPR1L                        (abs)        000FBE
_GIE                           (abs)        007F97
_GO                            (abs)        007E11
_HZ                            bssBANK0     0000F6
_INT0IE                        (abs)        007F94
_INT0IF                        (abs)        007F91
_INT1IE                        (abs)        007F83
_INT1IF                        (abs)        007F80
_INT2IE                        (abs)        007F84
_INT2IF                        (abs)        007F81
_INTCON                        (abs)        000FF2
_INTCON2                       (abs)        000FF1
_INTCON3                       (abs)        000FF0
_IPEN                          (abs)        007E87
_LATA                          (abs)        000F89
_LATA2                         (abs)        007C4A
_LATA3                         (abs)        007C4B
_LATA4                         (abs)        007C4C
_LATA5                         (abs)        007C4D
_LATB                          (abs)        000F8A
_LATC                          (abs)        000F8B
_LATD                          (abs)        000F8C
_LATE                          (abs)        000F8D
_PEIE                          (abs)        007F96
_PORTC                         (abs)        000F82
_PORTD                         (abs)        000F83
_PORTEbits                     (abs)        000F84
_PR2                           (abs)        000FCB
_RC5                           (abs)        007C15
_Read_AD                       text34       0018FE
_T0CON                         (abs)        000FD5
_T1                            bssCOMRAM    00005F
_T2                            bssCOMRAM    00005D
_T2CON                         (abs)        000FCA
_TM                            bssCOMRAM    00005B
_TMR0                          (abs)        000FD6
_TMR0IE                        (abs)        007F95
_TMR0IF                        (abs)        007F92
_TRISA                         (abs)        000F92
_TRISB                         (abs)        000F93
_TRISC                         (abs)        000F94
_TRISD                         (abs)        000F95
_TRISE                         (abs)        000F96
__HRAM                         (abs)        000000
__Habs1                        abs1         000000
__Hbank0                       bank0        000000
__Hbank1                       bank1        000000
__Hbank2                       bank2        000000
__Hbank3                       bank3        000000
__Hbank4                       bank4        000000
__Hbank5                       bank5        000000
__Hbigbss                      bigbss       000000
__Hbigdata                     bigdata      000000
__Hbigram                      bigram       000000
__Hbigsfr                      bigsfr       000000
__Hbss                         bss          000000
__HbssBANK0                    bssBANK0     000000
__HbssCOMRAM                   bssCOMRAM    000000
__Hcinit                       cinit        000000
__Hclrtext                     clrtext      000000
__Hcomram                      comram       000000
__Hconfig                      config       30000E
__Hconst                       const        000000
__HcstackBANK0                 cstackBANK0  000000
__HcstackCOMRAM                cstackCOMRAM 000000
__Hdata                        data         000000
__HdataBANK0                   dataBANK0    000000
__HdataBANK1                   dataBANK1    000000
__HdataCOMRAM                  dataCOMRAM   000000
__Heeprom_data                 eeprom_data  000000
__Hfarbss                      farbss       000000
__Hfardata                     fardata      000000
__Hheap                        heap         000000
__Hibigdata                    ibigdata     000000
__Hidata                       idata        000000
__HidataBANK0                  idataBANK0   000000
__HidataBANK1                  idataBANK1   000000
__HidataCOMRAM                 idataCOMRAM  000000
__Hidloc                       idloc        200008
__Hifardata                    ifardata     000000
__Hinit                        init         000012
__Hintcode                     intcode      00000E
__Hintcode_body                intcode_body 000000
__Hintcodelo                   intcodelo    00000E
__Hintentry                    intentry     000000
__Hintret                      intret       000000
__Hintsave_regs                intsave_regs 000000
__Hirdata                      irdata       000000
__Hmediumconst                 mediumconst  000000
__HnvFARRAM                    nvFARRAM     000000
__Hnvbit                       nvbit        000000
__Hnvrram                      nvrram       000000
__Hparam                       rparam       000000
__Hpowerup                     powerup      00000E
__Hram                         ram          000000
__Hramtop                      ramtop       000600
__Hrbit                        rbit         000000
__Hrbss                        rbss         000000
__Hrdata                       rdata        000000
__Hreset_vec                   reset_vec    000004
__Hrparam                      rparam       000000
__Hsfr                         sfr          000000
__Hsmallconst                  smallconst   000606
__Hspace_0                     (abs)        0027D6
__Hspace_1                     (abs)        000111
__Hspace_2                     (abs)        000000
__Hspace_4                     (abs)        60000E
__Hstack                       stack        000000
__Hstruct                      struct       000000
__Htemp                        temp         000080
__Htext                        text         000000
__Htext0                       text0        000000
__Htext1                       text1        000000
__Htext10                      text10       000000
__Htext11                      text11       000000
__Htext12                      text12       000000
__Htext13                      text13       000000
__Htext14                      text14       000000
__Htext15                      text15       000000
__Htext16                      text16       000000
__Htext17                      text17       000000
__Htext18                      text18       000000
__Htext2                       text2        000000
__Htext20                      text20       000000
__Htext21                      text21       000000
__Htext22                      text22       000000
__Htext23                      text23       000000
__Htext24                      text24       000000
__Htext25                      text25       000000
__Htext26                      text26       000000
__Htext27                      text27       000000
__Htext28                      text28       000000
__Htext29                      text29       000000
__Htext3                       text3        000000
__Htext30                      text30       000000
__Htext31                      text31       000000
__Htext32                      text32       000000
__Htext33                      text33       000000
__Htext34                      text34       000000
__Htext35                      text35       000000
__Htext36                      text36       000000
__Htext37                      text37       000000
__Htext38                      text38       000000
__Htext39                      text39       000000
__Htext4                       text4        000000
__Htext40                      text40       000000
__Htext41                      text41       000000
__Htext5                       text5        000000
__Htext6                       text6        000000
__Htext7                       text7        000000
__Htext8                       text8        000000
__Htext9                       text9        000000
__LRAM                         (abs)        000001
__Labs1                        abs1         000000
__Lbank0                       bank0        000000
__Lbank1                       bank1        000000
__Lbank2                       bank2        000000
__Lbank3                       bank3        000000
__Lbank4                       bank4        000000
__Lbank5                       bank5        000000
__Lbigbss                      bigbss       000000
__Lbigdata                     bigdata      000000
__Lbigram                      bigram       000000
__Lbigsfr                      bigsfr       000000
__Lbss                         bss          000000
__LbssBANK0                    bssBANK0     000000
__LbssCOMRAM                   bssCOMRAM    000000
__Lcinit                       cinit        000000
__Lclrtext                     clrtext      000000
__Lcomram                      comram       000000
__Lconfig                      config       000000
__Lconst                       const        000000
__LcstackBANK0                 cstackBANK0  000000
__LcstackCOMRAM                cstackCOMRAM 000000
__Ldata                        data         000000
__LdataBANK0                   dataBANK0    000000
__LdataBANK1                   dataBANK1    000000
__LdataCOMRAM                  dataCOMRAM   000000
__Leeprom_data                 eeprom_data  000000
__Lfarbss                      farbss       000000
__Lfardata                     fardata      000000
__Lheap                        heap         000000
__Libigdata                    ibigdata     000000
__Lidata                       idata        000000
__LidataBANK0                  idataBANK0   000000
__LidataBANK1                  idataBANK1   000000
__LidataCOMRAM                 idataCOMRAM  000000
__Lidloc                       idloc        000000
__Lifardata                    ifardata     000000
__Linit                        init         00000E
__Lintcode                     intcode      000008
__Lintcode_body                intcode_body 000000
__Lintcodelo                   intcodelo    00000E
__Lintentry                    intentry     000000
__Lintret                      intret       000000
__Lintsave_regs                intsave_regs 000000
__Lirdata                      irdata       000000
__Lmediumconst                 mediumconst  000000
__LnvFARRAM                    nvFARRAM     000000
__Lnvbit                       nvbit        000000
__Lnvrram                      nvrram       000000
__Lparam                       rparam       000000
__Lpowerup                     powerup      00000E
__Lram                         ram          000000
__Lramtop                      ramtop       000600
__Lrbit                        rbit         000000
__Lrbss                        rbss         000000
__Lrdata                       rdata        000000
__Lreset_vec                   reset_vec    000000
__Lrparam                      rparam       000000
__Lsfr                         sfr          000000
__Lsmallconst                  smallconst   000600
__Lspace_0                     (abs)        000000
__Lspace_1                     (abs)        000000
__Lspace_2                     (abs)        000000
__Lspace_4                     (abs)        000000
__Lstack                       stack        000000
__Lstruct                      struct       000000
__Ltemp                        temp         00007F
__Ltext                        text         000000
__Ltext0                       text0        000000
__Ltext1                       text1        000000
__Ltext10                      text10       000000
__Ltext11                      text11       000000
__Ltext12                      text12       000000
__Ltext13                      text13       000000
__Ltext14                      text14       000000
__Ltext15                      text15       000000
__Ltext16                      text16       000000
__Ltext17                      text17       000000
__Ltext18                      text18       000000
__Ltext2                       text2        000000
__Ltext20                      text20       000000
__Ltext21                      text21       000000
__Ltext22                      text22       000000
__Ltext23                      text23       000000
__Ltext24                      text24       000000
__Ltext25                      text25       000000
__Ltext26                      text26       000000
__Ltext27                      text27       000000
__Ltext28                      text28       000000
__Ltext29                      text29       000000
__Ltext3                       text3        000000
__Ltext30                      text30       000000
__Ltext31                      text31       000000
__Ltext32                      text32       000000
__Ltext33                      text33       000000
__Ltext34                      text34       000000
__Ltext35                      text35       000000
__Ltext36                      text36       000000
__Ltext37                      text37       000000
__Ltext38                      text38       000000
__Ltext39                      text39       000000
__Ltext4                       text4        000000
__Ltext40                      text40       000000
__Ltext41                      text41       000000
__Ltext5                       text5        000000
__Ltext6                       text6        000000
__Ltext7                       text7        000000
__Ltext8                       text8        000000
__Ltext9                       text9        000000
__S0                           (abs)        0027D6
__S1                           (abs)        000111
__S4                           (abs)        000000
__S5                           (abs)        000000
___fldiv                       text17       000E5C
___fldiv@a                     cstackBANK0  0000AB
___fldiv@aexp                  cstackBANK0  0000BF
___fldiv@b                     cstackBANK0  0000A7
___fldiv@bexp                  cstackBANK0  0000BE
___fldiv@grs                   cstackBANK0  0000BA
___fldiv@new_exp               cstackBANK0  0000B8
___fldiv@rem                   cstackBANK0  0000B3
___fldiv@sign                  cstackBANK0  0000B7
___flmul                       text16       000606
___flmul@a                     cstackBANK0  000092
___flmul@aexp                  cstackBANK0  00009F
___flmul@b                     cstackBANK0  00008E
___flmul@bexp                  cstackBANK0  0000A0
___flmul@grs                   cstackBANK0  00009B
___flmul@prod                  cstackBANK0  0000A1
___flmul@sign                  cstackBANK0  00009A
___flmul@temp                  cstackBANK0  0000A5
___fltol                       text15       001B74
___fltol@exp1                  cstackBANK0  0000C9
___fltol@f1                    cstackBANK0  0000C0
___fltol@sign1                 cstackBANK0  0000C8
___heap_hi                     (abs)        000000
___heap_lo                     (abs)        000000
___inthi_sp                    stack        000000
___intlo_sp                    stack        000000
___lwdiv                       text14       00233A
___lwdiv@counter               cstackBANK0  00008B
___lwdiv@dividend              cstackBANK0  000085
___lwdiv@divisor               cstackBANK0  000087
___lwdiv@quotient              cstackBANK0  000089
___lwmod                       text18       002498
___lwmod@counter               cstackBANK0  000084
___lwmod@dividend              cstackBANK0  000080
___lwmod@divisor               cstackBANK0  000082
___param_bank                  (abs)        000000
___rparam_used                 (abs)        000001
___sp                          stack        000000
___wmul                        text33       0026BE
___wmul@multiplicand           cstackCOMRAM 000003
___wmul@multiplier             cstackCOMRAM 000001
___wmul@product                cstackCOMRAM 000005
___xxtofl                      text13       001592
___xxtofl@arg                  cstackBANK0  00008A
___xxtofl@exp                  cstackBANK0  000089
___xxtofl@sign                 cstackBANK0  000088
___xxtofl@val                  cstackBANK0  000080
__accesstop                    (abs)        000080
__activetblptr                 (abs)        000002
__end_of_ADC_maq               text39       0022B4
__end_of_AD_init               text10       002794
__end_of_Read_AD               text34       001A42
__end_of___fldiv               text17       0011F8
__end_of___flmul               text16       000A32
__end_of___fltol               text15       001C7C
__end_of___lwdiv               text14       0023B0
__end_of___lwmod               text18       0024FE
__end_of___wmul                text33       0026E4
__end_of___xxtofl              text13       00174A
__end_of__initialization       cinit        00232C
__end_of_calculate_RPM         text32       0026BE
__end_of_controlador_ventoinha text30       002190
__end_of_disable_interrupts    text9        0027C6
__end_of_enable_interrupts     text8        0027B6
__end_of_f_interrupt_high      intcode_body 001F6C
__end_of_f_pwm                 text31       002622
__end_of_f_timers              text20       00202C
__end_of_imprime_temperatura   text23       001B74
__end_of_interrupt_init        text7        002764
__end_of_lcd_cmd               text5        002698
__end_of_lcd_dat               text28       00274A
__end_of_lcd_init              text4        002424
__end_of_lcd_str               text27       0025B2
__end_of_lcd_wr                text6        0027AC
__end_of_loop                  text11       001E84
__end_of_main                  text0        002786
__end_of_mux_display           text22       0020E2
__end_of_read_RPM              text21       00264C
__end_of_read_temperature      text12       002228
__end_of_select_channel        text41       0027A2
__end_of_setup                 text1        0025F6
__end_of_setup_io              text3        002672
__end_of_start_AD_conversion   text2        0027D2
__end_ofi2___fldiv             text38       001592
__end_ofi2___flmul             text37       000E5C
__end_ofi2___fltol             text36       001D82
__end_ofi2___lwdiv             text26       002498
__end_ofi2___lwmod             text25       002562
__end_ofi2___xxtofl            text35       0018FE
__end_ofi2_lcd_cmd             text24       002728
__end_ofi2_lcd_wr              text29       0027CE
__end_ofi2_start_AD_conversion text40       0027D6
__initialization               cinit        0022B4
__mediumconst                  mediumconst  000000
__pbssBANK0                    bssBANK0     0000EC
__pbssCOMRAM                   bssCOMRAM    000057
__pcinit                       cinit        0022B4
__pcstackBANK0                 cstackBANK0  000080
__pcstackCOMRAM                cstackCOMRAM 000001
__pdataBANK0                   dataBANK0    0000CA
__pdataBANK1                   dataBANK1    000100
__pdataCOMRAM                  dataCOMRAM   000077
__pidataBANK0                  idataBANK0   0026E4
__pidataBANK1                  idataBANK1   002764
__pidataCOMRAM                 idataCOMRAM  0027B6
__pintcode                     intcode      000008
__pintcode_body                intcode_body 001E84
__psmallconst                  smallconst   000600
__ptext0                       text0        002776
__ptext1                       text1        0025B2
__ptext10                      text10       002786
__ptext11                      text11       001D82
__ptext12                      text12       002190
__ptext13                      text13       001592
__ptext14                      text14       00233A
__ptext15                      text15       001B74
__ptext16                      text16       000606
__ptext17                      text17       000E5C
__ptext18                      text18       002498
__ptext2                       text2        0027CE
__ptext20                      text20       001F6C
__ptext21                      text21       002622
__ptext22                      text22       00202C
__ptext23                      text23       001A42
__ptext24                      text24       002706
__ptext25                      text25       0024FE
__ptext26                      text26       002424
__ptext27                      text27       002562
__ptext28                      text28       002728
__ptext29                      text29       0027C6
__ptext3                       text3        00264C
__ptext30                      text30       0020E2
__ptext31                      text31       0025F6
__ptext32                      text32       002698
__ptext33                      text33       0026BE
__ptext34                      text34       0018FE
__ptext35                      text35       00174A
__ptext36                      text36       001C7C
__ptext37                      text37       000A32
__ptext38                      text38       0011F8
__ptext39                      text39       002228
__ptext4                       text4        0023B0
__ptext40                      text40       0027D2
__ptext41                      text41       002794
__ptext5                       text5        002672
__ptext6                       text6        0027A2
__ptext7                       text7        00274A
__ptext8                       text8        0027AC
__ptext9                       text9        0027BE
__ramtop                       ramtop       000600
__smallconst                   smallconst   000600
_buffer                        bssBANK0     0000EC
_calculate_RPM                 text32       002698
_controlador_ventoinha         text30       0020E2
_conv7seg                      dataBANK0    0000DB
_digito1_temperatura           bssCOMRAM    00006B
_digito2_temperatura           bssCOMRAM    00006A
_digito3_temperatura           bssCOMRAM    000069
_digito4_temperatura           bssCOMRAM    000068
_disable_interrupts            text9        0027BE
_display1                      bssCOMRAM    00006F
_display2                      bssBANK0     0000FE
_display3                      bssBANK0     0000FD
_display4                      bssBANK0     0000FC
_enable_interrupts             text8        0027AC
_estado_sequencia01            bssCOMRAM    00006E
_estado_sequencia02            bssCOMRAM    00006D
_f_interrupt_high              intcode      000008
_f_pwm                         text31       0025F6
_f_timers                      text20       001F6C
_giro                          bssCOMRAM    000059
_imprime_temperatura           text23       001A42
_interrupt_init                text7        00274A
_lcd_cmd                       text5        002672
_lcd_dat                       text28       002728
_lcd_init                      text4        0023B0
_lcd_str                       text27       002562
_lcd_wr                        text6        0027A2
_linha1                        dataBANK0    0000CA
_linha2                        dataBANK1    000100
_loop                          text11       001D82
_main                          text0        002776
_mux_display                   text22       00202C
_pwm                           bssCOMRAM    000057
_read_RPM                      text21       002622
_read_temperature              text12       002190
_select_channel                text41       002794
_setup                         text1        0025B2
_setup_io                      text3        00264C
_start_AD_conversion           text2        0027CE
_temp                          bssCOMRAM    000061
_temperature                   bssBANK0     0000F8
_temporizador1                 bssCOMRAM    000063
_temporizador2                 bssBANK0     0000FA
btemp                          temp         00007F
controlador_ventoinha@heater   bssCOMRAM    000065
end_of_initialization          cinit        00232C
f_pwm@duty                     cstackCOMRAM 000001
f_timers@counter0              dataCOMRAM   00007D
f_timers@counter1              dataCOMRAM   00007B
f_timers@counter2              dataCOMRAM   000079
f_timers@counter3              dataCOMRAM   000077
i2___fldiv                     text38       0011F8
i2___fldiv@a                   cstackCOMRAM 00002C
i2___fldiv@aexp                cstackCOMRAM 000040
i2___fldiv@b                   cstackCOMRAM 000028
i2___fldiv@bexp                cstackCOMRAM 00003F
i2___fldiv@grs                 cstackCOMRAM 00003B
i2___fldiv@new_exp             cstackCOMRAM 000039
i2___fldiv@rem                 cstackCOMRAM 000034
i2___fldiv@sign                cstackCOMRAM 000038
i2___flmul                     text37       000A32
i2___flmul@a                   cstackCOMRAM 000013
i2___flmul@aexp                cstackCOMRAM 000020
i2___flmul@b                   cstackCOMRAM 00000F
i2___flmul@bexp                cstackCOMRAM 000021
i2___flmul@grs                 cstackCOMRAM 00001C
i2___flmul@prod                cstackCOMRAM 000022
i2___flmul@sign                cstackCOMRAM 00001B
i2___flmul@temp                cstackCOMRAM 000026
i2___fltol                     text36       001C7C
i2___fltol@exp1                cstackCOMRAM 00004A
i2___fltol@f1                  cstackCOMRAM 000041
i2___fltol@sign1               cstackCOMRAM 000049
i2___lwdiv                     text26       002424
i2___lwdiv@counter             cstackCOMRAM 000007
i2___lwdiv@dividend            cstackCOMRAM 000001
i2___lwdiv@divisor             cstackCOMRAM 000003
i2___lwdiv@quotient            cstackCOMRAM 000005
i2___lwmod                     text25       0024FE
i2___lwmod@counter             cstackCOMRAM 000005
i2___lwmod@dividend            cstackCOMRAM 000001
i2___lwmod@divisor             cstackCOMRAM 000003
i2___xxtofl                    text35       00174A
i2___xxtofl@arg                cstackCOMRAM 00000B
i2___xxtofl@exp                cstackCOMRAM 00000A
i2___xxtofl@sign               cstackCOMRAM 000009
i2___xxtofl@val                cstackCOMRAM 000001
i2_lcd_cmd                     text24       002706
i2_lcd_wr                      text29       0027C6
i2_start_AD_conversion         text40       0027D2
i2lcd_cmd@val                  cstackCOMRAM 000002
i2lcd_wr@val                   cstackCOMRAM 000001
imprime_temperatura@old_latd   bssCOMRAM    000067
int$flags                      temp         00007F
int_func                       intcode_body 001E84
intlevel0                      text         000000
intlevel1                      text         000000
intlevel2                      text         000000
intlevel3                      text         000000
isa$std                        (abs)        000001
isa$xinst                      (abs)        000000
lcd_cmd@val                    cstackBANK0  000081
lcd_dat@val                    cstackCOMRAM 000002
lcd_str@i                      cstackCOMRAM 000007
lcd_str@str                    cstackCOMRAM 000003
lcd_wr@val                     cstackBANK0  000080
mux_display@estado             bssCOMRAM    00006C
read_RPM@contagem_de_pulsos    bssCOMRAM    000066
select_channel@channel         cstackCOMRAM 000001
stackhi                        (abs)        000000
stacklo                        (abs)        000000
start                          init         00000E
start_initialization           cinit        0022B4
ttemp5                         temp         000080
ttemp6                         temp         000083
ttemp7                         temp         000087
wtemp8                         temp         000080


MODULE INFORMATION

Module		Function		Class		Link	Load	Size
C:\Program Files\Microchip\xc8\v2.40\pic\sources\c99\common\sprcmul.c
		___flmul       		CODE           	0606	0000	1068

C:\Program Files\Microchip\xc8\v2.40\pic\sources\c99\common\sprcmul.c estimated size: 1068

C:\Program Files\Microchip\xc8\v2.40\pic\sources\c99\common\sprcdiv.c
		___fldiv       		CODE           	0E5C	0000	924

C:\Program Files\Microchip\xc8\v2.40\pic\sources\c99\common\sprcdiv.c estimated size: 924

C:\Program Files\Microchip\xc8\v2.40\pic\sources\c99\common\lwdiv.c
		___lwdiv       		CODE           	233A	0000	118

C:\Program Files\Microchip\xc8\v2.40\pic\sources\c99\common\lwdiv.c estimated size: 118

C:\Program Files\Microchip\xc8\v2.40\pic\sources\c99\common\fltol.c
		___fltol       		CODE           	1B74	0000	264

C:\Program Files\Microchip\xc8\v2.40\pic\sources\c99\common\fltol.c estimated size: 264

C:\Program Files\Microchip\xc8\v2.40\pic\sources\c99\common\Umul16.c
		___wmul        		CODE           	26BE	0000	38

C:\Program Files\Microchip\xc8\v2.40\pic\sources\c99\common\Umul16.c estimated size: 38

IO.c
		_setup_io      		CODE           	264C	0000	38
		_setup         		CODE           	25B2	0000	68

IO.c estimated size: 106

C:\Program Files\Microchip\xc8\v2.40\pic\sources\c99\common\xxtofl.c
		___xxtofl      		CODE           	1592	0000	440

C:\Program Files\Microchip\xc8\v2.40\pic\sources\c99\common\xxtofl.c estimated size: 440

shared
		i2_start_AD_conversion		CODE           	27D2	0000	4
		i2___lwdiv     		CODE           	2424	0000	116
		i2___fldiv     		CODE           	11F8	0000	922
		i2___lwmod     		CODE           	24FE	0000	100
		i2___fltol     		CODE           	1C7C	0000	262
		__initialization		CODE           	22B4	0000	120
		i2_lcd_wr      		CODE           	27C6	0000	8
		i2___flmul     		CODE           	0A32	0000	1066
		i2___xxtofl    		CODE           	174A	0000	436
		i2_lcd_cmd     		CODE           	2706	0000	34

shared estimated size: 3068

Interrupt.c
		_disable_interrupts		CODE           	27BE	0000	8
		_f_timers      		CODE           	1F6C	0000	192
		_enable_interrupts		CODE           	27AC	0000	10
		_f_interrupt_high		CODE           	0008	0000	238
		_interrupt_init		CODE           	274A	0000	26

Interrupt.c estimated size: 474

Display.c
		_mux_display   		CODE           	202C	0000	182

Display.c estimated size: 182

ADC.c
		_ADC_maq       		CODE           	2228	0000	140
		_AD_init       		CODE           	2786	0000	14
		_select_channel		CODE           	2794	0000	14
		_start_AD_conversion		CODE           	27CE	0000	4

ADC.c estimated size: 172

C:\Program Files\Microchip\xc8\v2.40\pic\sources\c99\common\lwmod.c
		___lwmod       		CODE           	2498	0000	102

C:\Program Files\Microchip\xc8\v2.40\pic\sources\c99\common\lwmod.c estimated size: 102

lcd.c
		_lcd_cmd       		CODE           	2672	0000	38
		_lcd_dat       		CODE           	2728	0000	34
		_lcd_wr        		CODE           	27A2	0000	10
		_lcd_str       		CODE           	2562	0000	80
		_lcd_init      		CODE           	23B0	0000	116

lcd.c estimated size: 278

main.c
		_f_pwm         		CODE           	25F6	0000	44
		_loop          		CODE           	1D82	0000	258
		_read_temperature		CODE           	2190	0000	152
		_imprime_temperatura		CODE           	1A42	0000	306
		_main          		CODE           	2776	0000	16
		_controlador_ventoinha		CODE           	20E2	0000	174
		_Read_AD       		CODE           	18FE	0000	324
		_calculate_RPM 		CODE           	2698	0000	38
		_read_RPM      		CODE           	2622	0000	42

main.c estimated size: 1354

