Microchip MPLAB XC8 Compiler V2.40

Linker command line:

-W-3 \
  --edf=C:\Program Files\Microchip\xc8\v2.40\pic\dat\20220703182018_en.msgs \
  -cn -h+dist/default/production\Trab02.X.production.sym \
  --cmf=dist/default/production\Trab02.X.production.cmf -z -Q18F4520 \
  -oC:\Users\ALUNO~1.LAP\AppData\Local\Temp\xcAs5f4.4 \
  --defsym=__MPLAB_BUILD=1 --fixupoverflow=error \
  -Mdist/default/production/Trab02.X.production.map \
  --md=C:\Users\ALUNO~1.LAP\AppData\Local\Temp\xcAs5f4.dat -E1 \
  -ver=XC8 Compiler --acfsm=1493 -ACODE=00h-07FFFh -ACONST=00h-07FFFh \
  -ASMALLCONST=0600h-06FFhx122 -AMEDIUMCONST=0600h-07FFFh -ACOMRAM=01h-07Fh \
  -AABS1=00h-05FFh -ABIGRAM=01h-05FFh -ARAM=080h-0FFh,0100h-01FFhx5 \
  -ABANK0=080h-0FFh -ABANK1=0100h-01FFh -ABANK2=0200h-02FFh \
  -ABANK3=0300h-03FFh -ABANK4=0400h-04FFh -ABANK5=0500h-05FFh \
  -ASFR=0F80h-0FFFh -ABIGSFR=0F80h-0FFFh -ACONFIG=0300000h-030000Dh \
  -AIDLOC=0200000h-0200007h -AEEDATA=0F00000h-0F000FFh -peeprom_data=EEDATA \
  -preset_vec=00h,intcode=08h,intcodelo,powerup,init -pramtop=0600h \
  -psmallconst=SMALLCONST -pmediumconst=MEDIUMCONST -pconst=CONST \
  -AFARRAM=00h-00h \
  -prdata=COMRAM,nvrram=COMRAM,nvbit=COMRAM,rbss=COMRAM,rbit=COMRAM \
  -pfarbss=FARRAM,fardata=FARRAM,nvFARRAM=FARRAM \
  -pintsave_regs=BIGRAM,bigbss=BIGRAM,bigdata=BIGRAM -pbss=RAM \
  -pidata=CODE,irdata=CODE,ibigdata=CODE,ifardata=CODE -prparam=COMRAM \
  C:\Users\ALUNO~1.LAP\AppData\Local\Temp\xcAs5f4.o \
  dist/default/production\Trab02.X.production.o 

Object code version is 3.11

Machine type is 18F4520



                Name                               Link     Load   Length Selector   Space Scale
C:\Users\ALUNO~1.LAP\AppData\Local\Temp\xcAs5f4.o
                idloc                            200000   200000        8        0       5
                config                           300000   300000        E        0       4
                init                                  E        E        4        4       0
                reset_vec                             0        0        4        0       0
dist/default/production\Trab02.X.production.o
                intcode                               8        8        6        4       0
                idloc                            200000   200000        8        0       5
                config                           300000   300000        E        0       4
                temp                                 31       31        1        1       1
                text19                              89E      89E       48        4       0
                text18                              856      856       48        4       0
                text17                              80E      80E       48        4       0
                text16                              192      192      180        4       0
                text15                               12       12      180        4       0
                text14                              94E      94E       2E        4       0
                text13                              312      312      168        4       0
                text12                              47A      47A      158        4       0
                text11                              920      920       2E        4       0
                text10                              5D2      5D2       B0        4       0
                text9                               7C4      7C4       4A        4       0
                text8                               682      682       AA        4       0
                intcode_body                        72C      72C       98        4       0
                text6                               A18      A18        2        4       0
                text5                               A0A      A0A        8        4       0
                text4                               A12      A12        6        4       0
                text3                               9E0      9E0       1A        4       0
                text2                               9A6      9A6       1E        4       0
                text1                               97C      97C       2A        4       0
                text0                               9FA      9FA       10        4       0
                cstackCOMRAM                         2D       2D        4        1       1
                dataCOMRAM                            1        1       1C        1       1
                bssCOMRAM                            1D       1D        C        1       1
                cinit                               8E6      8E6       3A        4       0
                nvCOMRAM                             29       29        4        1       1
                idataCOMRAM                         9C4      9C4       1C        4       0

TOTAL           Name                               Link     Load   Length     Space
        CLASS   CODE           
                intcode                               8        8        6         0
                init                                  E        E        4         0
                reset_vec                             0        0        4         0
                text19                              89E      89E       48         0
                text18                              856      856       48         0
                text17                              80E      80E       48         0
                text16                              192      192      180         0
                text15                               12       12      180         0
                text14                              94E      94E       2E         0
                text13                              312      312      168         0
                text12                              47A      47A      158         0
                text11                              920      920       2E         0
                text10                              5D2      5D2       B0         0
                text9                               7C4      7C4       4A         0
                text8                               682      682       AA         0
                intcode_body                        72C      72C       98         0
                text6                               A18      A18        2         0
                text5                               A0A      A0A        8         0
                text4                               A12      A12        6         0
                text3                               9E0      9E0       1A         0
                text2                               9A6      9A6       1E         0
                text1                               97C      97C       2A         0
                text0                               9FA      9FA       10         0
                cinit                               8E6      8E6       3A         0
                idataCOMRAM                         9C4      9C4       1C         0

        CLASS   CONST          

        CLASS   SMALLCONST     

        CLASS   MEDIUMCONST    

        CLASS   COMRAM         
                temp                                 31       31        1         1
                cstackCOMRAM                         2D       2D        4         1
                dataCOMRAM                            1        1       1C         1
                bssCOMRAM                            1D       1D        C         1
                nvCOMRAM                             29       29        4         1

        CLASS   ABS1           

        CLASS   BIGRAM         

        CLASS   RAM            

        CLASS   BANK0          

        CLASS   BANK1          

        CLASS   BANK2          

        CLASS   BANK3          

        CLASS   BANK4          

        CLASS   BANK5          

        CLASS   SFR            

        CLASS   BIGSFR         

        CLASS   CONFIG         
                config                           300000   300000        E         4

        CLASS   IDLOC          
                idloc                            200000   200000        8         5

        CLASS   EEDATA         

        CLASS   FARRAM         

        CLASS   HEAP           

        CLASS   STACK          



SEGMENTS        Name                           Load    Length   Top    Selector   Space  Class

                reset_vec                      000000  000004  000004         0       0  CODE    
                dataCOMRAM                     000001  000031  000032         1       1  COMRAM  
                intcode                        000008  000A12  000A1A         4       0  CODE    


UNUSED ADDRESS RANGES

        Name                Unused          Largest block    Delta
        BANK0            000080-0000FF               80
        BANK1            000100-0001FF              100
        BANK2            000200-0002FF              100
        BANK3            000300-0003FF              100
        BANK4            000400-0004FF              100
        BANK5            000500-0005FF              100
        BIGRAM           000032-0005FF              5CE
        BIGSFR           000F80-000FFF               80
        CODE             000004-000007                4
                         000A1A-007FFF             75E6
        COMRAM           000032-00007F               4E
        CONST            000004-000007                4
                         000A1A-007FFF             75E6
        EEDATA           F00000-F000FF              100
        MEDIUMCONST      000A1A-007FFF             75E6
        RAM              000080-0005FF              100
        SFR              000F80-000FFF               80
        SMALLCONST       000A1A-007FFF              100

                                  Symbol Table

_ADCON1                       (abs)        000FC1
_GIE                          (abs)        007F97
_INT0IE                       (abs)        007F94
_INT0IF                       (abs)        007F91
_INT1IE                       (abs)        007F83
_INT1IF                       (abs)        007F80
_INT2IE                       (abs)        007F84
_INT2IF                       (abs)        007F81
_INTCON                       (abs)        000FF2
_INTCON2                      (abs)        000FF1
_INTCON3                      (abs)        000FF0
_IPEN                         (abs)        007E87
_LATA                         (abs)        000F89
_LATA2                        (abs)        007C4A
_LATA3                        (abs)        007C4B
_LATA4                        (abs)        007C4C
_LATA5                        (abs)        007C4D
_LATB                         (abs)        000F8A
_LATD                         (abs)        000F8C
_PEIE                         (abs)        007F96
_PORTB                        (abs)        000F81
_T0CON                        (abs)        000FD5
_TMR0                         (abs)        000FD6
_TMR0IE                       (abs)        007F95
_TMR0IF                       (abs)        007F92
_TRISA                        (abs)        000F92
_TRISB                        (abs)        000F93
_TRISD                        (abs)        000F95
__HRAM                        (abs)        000000
__Habs1                       abs1         000000
__Hbank0                      bank0        000000
__Hbank1                      bank1        000000
__Hbank2                      bank2        000000
__Hbank3                      bank3        000000
__Hbank4                      bank4        000000
__Hbank5                      bank5        000000
__Hbigbss                     bigbss       000000
__Hbigdata                    bigdata      000000
__Hbigram                     bigram       000000
__Hbigsfr                     bigsfr       000000
__Hbss                        bss          000000
__HbssCOMRAM                  bssCOMRAM    000000
__Hcinit                      cinit        000000
__Hclrtext                    clrtext      000000
__Hcomram                     comram       000000
__Hconfig                     config       30000E
__Hconst                      const        000000
__HcstackCOMRAM               cstackCOMRAM 000000
__Hdata                       data         000000
__HdataCOMRAM                 dataCOMRAM   000000
__Heeprom_data                eeprom_data  000000
__Hfarbss                     farbss       000000
__Hfardata                    fardata      000000
__Hheap                       heap         000000
__Hibigdata                   ibigdata     000000
__Hidata                      idata        000000
__HidataCOMRAM                idataCOMRAM  000000
__Hidloc                      idloc        200008
__Hifardata                   ifardata     000000
__Hinit                       init         000012
__Hintcode                    intcode      00000E
__Hintcode_body               intcode_body 000000
__Hintcodelo                  intcodelo    00000E
__Hintentry                   intentry     000000
__Hintret                     intret       000000
__Hintsave_regs               intsave_regs 000000
__Hirdata                     irdata       000000
__Hmediumconst                mediumconst  000000
__HnvCOMRAM                   nvCOMRAM     000000
__HnvFARRAM                   nvFARRAM     000000
__Hnvbit                      nvbit        000000
__Hnvrram                     nvrram       000000
__Hparam                      rparam       000000
__Hpowerup                    powerup      00000E
__Hram                        ram          000000
__Hramtop                     ramtop       000600
__Hrbit                       rbit         000000
__Hrbss                       rbss         000000
__Hrdata                      rdata        000000
__Hreset_vec                  reset_vec    000004
__Hrparam                     rparam       000000
__Hsfr                        sfr          000000
__Hsmallconst                 smallconst   000000
__Hspace_0                    (abs)        000A1A
__Hspace_1                    (abs)        000032
__Hspace_2                    (abs)        000000
__Hspace_4                    (abs)        60000E
__Hstack                      stack        000000
__Hstruct                     struct       000000
__Htemp                       temp         000032
__Htext                       text         000000
__Htext0                      text0        000000
__Htext1                      text1        000000
__Htext10                     text10       000000
__Htext11                     text11       000000
__Htext12                     text12       000000
__Htext13                     text13       000000
__Htext14                     text14       000000
__Htext15                     text15       000000
__Htext16                     text16       000000
__Htext17                     text17       000000
__Htext18                     text18       000000
__Htext19                     text19       000000
__Htext2                      text2        000000
__Htext3                      text3        000000
__Htext4                      text4        000000
__Htext5                      text5        000000
__Htext6                      text6        000000
__Htext8                      text8        000000
__Htext9                      text9        000000
__LRAM                        (abs)        000001
__Labs1                       abs1         000000
__Lbank0                      bank0        000000
__Lbank1                      bank1        000000
__Lbank2                      bank2        000000
__Lbank3                      bank3        000000
__Lbank4                      bank4        000000
__Lbank5                      bank5        000000
__Lbigbss                     bigbss       000000
__Lbigdata                    bigdata      000000
__Lbigram                     bigram       000000
__Lbigsfr                     bigsfr       000000
__Lbss                        bss          000000
__LbssCOMRAM                  bssCOMRAM    000000
__Lcinit                      cinit        000000
__Lclrtext                    clrtext      000000
__Lcomram                     comram       000000
__Lconfig                     config       000000
__Lconst                      const        000000
__LcstackCOMRAM               cstackCOMRAM 000000
__Ldata                       data         000000
__LdataCOMRAM                 dataCOMRAM   000000
__Leeprom_data                eeprom_data  000000
__Lfarbss                     farbss       000000
__Lfardata                    fardata      000000
__Lheap                       heap         000000
__Libigdata                   ibigdata     000000
__Lidata                      idata        000000
__LidataCOMRAM                idataCOMRAM  000000
__Lidloc                      idloc        000000
__Lifardata                   ifardata     000000
__Linit                       init         00000E
__Lintcode                    intcode      000008
__Lintcode_body               intcode_body 000000
__Lintcodelo                  intcodelo    00000E
__Lintentry                   intentry     000000
__Lintret                     intret       000000
__Lintsave_regs               intsave_regs 000000
__Lirdata                     irdata       000000
__Lmediumconst                mediumconst  000000
__LnvCOMRAM                   nvCOMRAM     000000
__LnvFARRAM                   nvFARRAM     000000
__Lnvbit                      nvbit        000000
__Lnvrram                     nvrram       000000
__Lparam                      rparam       000000
__Lpowerup                    powerup      00000E
__Lram                        ram          000000
__Lramtop                     ramtop       000600
__Lrbit                       rbit         000000
__Lrbss                       rbss         000000
__Lrdata                      rdata        000000
__Lreset_vec                  reset_vec    000000
__Lrparam                     rparam       000000
__Lsfr                        sfr          000000
__Lsmallconst                 smallconst   000000
__Lspace_0                    (abs)        000000
__Lspace_1                    (abs)        000000
__Lspace_2                    (abs)        000000
__Lspace_4                    (abs)        000000
__Lstack                      stack        000000
__Lstruct                     struct       000000
__Ltemp                       temp         000031
__Ltext                       text         000000
__Ltext0                      text0        000000
__Ltext1                      text1        000000
__Ltext10                     text10       000000
__Ltext11                     text11       000000
__Ltext12                     text12       000000
__Ltext13                     text13       000000
__Ltext14                     text14       000000
__Ltext15                     text15       000000
__Ltext16                     text16       000000
__Ltext17                     text17       000000
__Ltext18                     text18       000000
__Ltext19                     text19       000000
__Ltext2                      text2        000000
__Ltext3                      text3        000000
__Ltext4                      text4        000000
__Ltext5                      text5        000000
__Ltext6                      text6        000000
__Ltext8                      text8        000000
__Ltext9                      text9        000000
__S0                          (abs)        000A1A
__S1                          (abs)        000032
__S4                          (abs)        000000
__S5                          (abs)        000000
___heap_hi                    (abs)        000000
___heap_lo                    (abs)        000000
___inthi_sp                   stack        000000
___intlo_sp                   stack        000000
___param_bank                 (abs)        000000
___rparam_used                (abs)        000001
___sp                         stack        000000
__accesstop                   (abs)        000080
__activetblptr                (abs)        000002
__end_of__initialization      cinit        000912
__end_of_cont1_crescente      text16       000312
__end_of_cont1_decrescente    text15       000192
__end_of_cont2_crescente      text13       00047A
__end_of_cont2_decrescente    text12       0005D2
__end_of_contador_displays_01 text14       00097C
__end_of_contador_displays_02 text11       00094E
__end_of_disable_interrupts   text5        000A12
__end_of_enable_interrupts    text4        000A18
__end_of_f_int0               text19       0008E6
__end_of_f_int1               text18       00089E
__end_of_f_int2               text17       000856
__end_of_f_interrupt_high     intcode_body 0007C4
__end_of_f_timers             text8        00072C
__end_of_interrupt_init       text3        0009FA
__end_of_loop                 text6        000A1A
__end_of_main                 text0        000A0A
__end_of_mux_display          text10       000682
__end_of_read_keyb            text9        00080E
__end_of_setup                text1        0009A6
__end_of_setup_io             text2        0009C4
__initialization              cinit        0008E6
__mediumconst                 mediumconst  000000
__pbssCOMRAM                  bssCOMRAM    00001D
__pcinit                      cinit        0008E6
__pcstackCOMRAM               cstackCOMRAM 00002D
__pdataCOMRAM                 dataCOMRAM   000001
__pidataCOMRAM                idataCOMRAM  0009C4
__pintcode                    intcode      000008
__pintcode_body               intcode_body 00072C
__pnvCOMRAM                   nvCOMRAM     000029
__ptext0                      text0        0009FA
__ptext1                      text1        00097C
__ptext10                     text10       0005D2
__ptext11                     text11       000920
__ptext12                     text12       00047A
__ptext13                     text13       000312
__ptext14                     text14       00094E
__ptext15                     text15       000012
__ptext16                     text16       000192
__ptext17                     text17       00080E
__ptext18                     text18       000856
__ptext19                     text19       00089E
__ptext2                      text2        0009A6
__ptext3                      text3        0009E0
__ptext4                      text4        000A12
__ptext5                      text5        000A0A
__ptext6                      text6        000A18
__ptext8                      text8        000682
__ptext9                      text9        0007C4
__ramtop                      ramtop       000600
__smallconst                  smallconst   000000
_cont1_crescente              text16       000192
_cont1_decrescente            text15       000012
_cont2_crescente              text13       000312
_cont2_decrescente            text12       00047A
_contador_displays_01         text14       00094E
_contador_displays_02         text11       000920
_conv7seg                     dataCOMRAM   000001
_disable_interrupts           text5        000A0A
_display1                     bssCOMRAM    000028
_display2                     bssCOMRAM    000027
_display3                     bssCOMRAM    000026
_display4                     bssCOMRAM    000025
_enable_interrupts            text4        000A12
_estado_sequencia01           dataCOMRAM   00001C
_estado_sequencia02           bssCOMRAM    000024
_f_int0                       text19       00089E
_f_int1                       text18       000856
_f_int2                       text17       00080E
_f_interrupt_high             intcode      000008
_f_timers                     text8        000682
_interrupt_init               text3        0009E0
_loop                         text6        000A18
_main                         text0        0009FA
_mux_display                  text10       0005D2
_pausa_ou_continua            bssCOMRAM    000021
_read_keyb                    text9        0007C4
_sequencia_1                  bssCOMRAM    000023
_sequencia_2                  bssCOMRAM    000022
_setup                        text1        00097C
_setup_io                     text2        0009A6
_temporizador1                nvCOMRAM     00002B
_temporizador2                nvCOMRAM     000029
btemp                         temp         000031
end_of_initialization         cinit        000912
f_int0@estado                 bssCOMRAM    00001F
f_int1@estado                 bssCOMRAM    00001E
f_int2@estado                 bssCOMRAM    00001D
f_timers@counter0             dataCOMRAM   000018
f_timers@counter1             dataCOMRAM   000016
f_timers@counter2             dataCOMRAM   000014
f_timers@counter3             dataCOMRAM   000012
int$flags                     temp         000031
int_func                      intcode_body 00072C
intlevel0                     text         000000
intlevel1                     text         000000
intlevel2                     text         000000
intlevel3                     text         000000
isa$std                       (abs)        000001
isa$xinst                     (abs)        000000
mux_display@estado            bssCOMRAM    000020
read_keyb@dado                cstackCOMRAM 00002D
stackhi                       (abs)        000000
stacklo                       (abs)        000000
start                         init         00000E
start_initialization          cinit        0008E6
ttemp5                        temp         000032
ttemp6                        temp         000035
ttemp7                        temp         000039
wtemp8                        temp         000032


MODULE INFORMATION

Module		Function		Class		Link	Load	Size
shared
		__initialization		CODE           	08E6	0000	44

shared estimated size: 44

main.c
		_cont1_crescente		CODE           	0192	0000	384
		_loop          		CODE           	0A18	0000	2
		_disable_interrupts		CODE           	0A0A	0000	8
		_f_timers      		CODE           	0682	0000	170
		_cont2_crescente		CODE           	0312	0000	360
		_enable_interrupts		CODE           	0A12	0000	6
		_main          		CODE           	09FA	0000	16
		_f_int2        		CODE           	080E	0000	72
		_cont1_decrescente		CODE           	0012	0000	384
		_f_interrupt_high		CODE           	0008	0000	158
		_contador_displays_01		CODE           	094E	0000	46
		_contador_displays_02		CODE           	0920	0000	46
		_mux_display   		CODE           	05D2	0000	176
		_cont2_decrescente		CODE           	047A	0000	344
		_f_int0        		CODE           	089E	0000	72
		_setup_io      		CODE           	09A6	0000	30
		_setup         		CODE           	097C	0000	42
		_interrupt_init		CODE           	09E0	0000	26
		_read_keyb     		CODE           	07C4	0000	74
		_f_int1        		CODE           	0856	0000	72

main.c estimated size: 2488

