Microchip MPLAB XC8 Compiler V1.45 ()

Linker command line:

-W-3 --edf=C:\Program Files (x86)\Microchip\xc8\v1.45\dat\en_msgs.txt -cs \
  -h+dist/default/production\Trab01.X.production.sym \
  --cmf=dist/default/production\Trab01.X.production.cmf -z -Q18F4520 \
  -oC:\Users\ALUNO~1.LAP\AppData\Local\Temp\sa7c.2 \
  -Mdist/default/production/Trab01.X.production.map -E1 -ver=XC8 \
  -ASTACK=080h-05ffh -pstack=STACK -ACODE=00h-07FFFh -ACONST=00h-07FFFh \
  -ASMALLCONST=0600h-06FFhx122 -AMEDIUMCONST=0600h-07FFFh -ACOMRAM=01h-07Fh \
  -AABS1=00h-05FFh -ABIGRAM=01h-05FFh -ARAM=080h-0FFh,0100h-01FFhx5 \
  -ABANK0=080h-0FFh -ABANK1=0100h-01FFh -ABANK2=0200h-02FFh \
  -ABANK3=0300h-03FFh -ABANK4=0400h-04FFh -ABANK5=0500h-05FFh \
  -ASFR=0F80h-0FFFh -preset_vec=00h,intcode,intcodelo,powerup,init \
  -pramtop=0600h -psmallconst=SMALLCONST -pmediumconst=MEDIUMCONST \
  -pconst=CONST -AFARRAM=00h-00h -ACONFIG=0300000h-030000Dh -pconfig=CONFIG \
  -AIDLOC=0200000h-0200007h -pidloc=IDLOC -AEEDATA=0F00000h-0F000FFh \
  -peeprom_data=EEDATA \
  -prdata=COMRAM,nvrram=COMRAM,nvbit=COMRAM,rbss=COMRAM,rbit=COMRAM \
  -pfarbss=FARRAM,fardata=FARRAM,nvFARRAM=FARRAM \
  -pintsave_regs=BIGRAM,bigbss=BIGRAM,bigdata=BIGRAM -pbss=RAM \
  -pidata=CODE,irdata=CODE,ibigdata=CODE,ifardata=CODE -prparam=COMRAM \
  C:\Users\ALUNO~1.LAP\AppData\Local\Temp\sa7c.obj \
  dist/default/production\Trab01.X.production.obj 

Object code version is 3.11

Machine type is 18F4520

Call graph: (short form)




                Name                               Link     Load   Length Selector   Space Scale
C:\Users\ALUNO~1.LAP\AppData\Local\Temp\sa7c.obj
                init                                  0        0        4        0       0
                idloc                            200000   200000        8   200000       0
                config                           300000   300000        E   300000       0
dist/default/production\Trab01.X.production.obj
                text9                              7EE2     7EE2       8E     3F71       0
                text8                              7F70     7F70       90     3FB8       0
                text7                              7E58     7E58       8A     3F2C       0
                text6                              7D0E     7D0E        6     3E87       0
                text5                              7D30     7D30       1A     3E98       0
                text4                              7D1E     7D1E       12     3E8F       0
                text3                              7DE8     7DE8       70     3EF4       0
                text2                              7D9E     7D9E       4A     3ECF       0
                text1                              7D4A     7D4A       1E     3EA5       0
                text0                              7D14     7D14        A     3E8A       0
                cstackCOMRAM                         12       12        3        1       1
                dataCOMRAM                            E        E        4        1       1
                bssCOMRAM                             1        1        D        1       1
                cinit                              7D68     7D68       36     3EB4       0
                idataCOMRAM                        7D0A     7D0A        4     7D0A       0

TOTAL           Name                               Link     Load   Length     Space
        CLASS   STACK          

        CLASS   CODE           
                init                                  0        0        4         0
                text9                              7EE2     7EE2       8E         0
                text8                              7F70     7F70       90         0
                text7                              7E58     7E58       8A         0
                text6                              7D0E     7D0E        6         0
                text5                              7D30     7D30       1A         0
                text4                              7D1E     7D1E       12         0
                text3                              7DE8     7DE8       70         0
                text2                              7D9E     7D9E       4A         0
                text1                              7D4A     7D4A       1E         0
                text0                              7D14     7D14        A         0
                cinit                              7D68     7D68       36         0
                idataCOMRAM                        7D0A     7D0A        4         0

        CLASS   CONST          

        CLASS   SMALLCONST     

        CLASS   MEDIUMCONST    

        CLASS   COMRAM         
                cstackCOMRAM                         12       12        3         1
                dataCOMRAM                            E        E        4         1
                bssCOMRAM                             1        1        D         1

        CLASS   ABS1           

        CLASS   BIGRAM         

        CLASS   RAM            

        CLASS   BANK0          

        CLASS   BANK1          

        CLASS   BANK2          

        CLASS   BANK3          

        CLASS   BANK4          

        CLASS   BANK5          

        CLASS   SFR            

        CLASS   FARRAM         

        CLASS   CONFIG         
                config                           300000   300000        E         0

        CLASS   IDLOC          
                idloc                            200000   200000        8         0

        CLASS   EEDATA         



SEGMENTS        Name                           Load    Length   Top    Selector   Space  Class

                reset_vec                      000000  000004  000004         0       0  CODE    
                bssCOMRAM                      000001  000014  000015         1       1  COMRAM  
                idataCOMRAM                    007D0A  000004  007D0E      7D0A       0  CODE    
                text6                          007D0E  000006  007D14      3E87       0  CODE    
                text0                          007D14  00000A  007D1E      3E8A       0  CODE    
                text4                          007D1E  000012  007D30      3E8F       0  CODE    
                text5                          007D30  00001A  007D4A      3E98       0  CODE    
                text1                          007D4A  00001E  007D68      3EA5       0  CODE    
                cinit                          007D68  000036  007D9E      3EB4       0  CODE    
                text2                          007D9E  00004A  007DE8      3ECF       0  CODE    
                text3                          007DE8  000070  007E58      3EF4       0  CODE    
                text7                          007E58  00008A  007EE2      3F2C       0  CODE    
                text9                          007EE2  00008E  007F70      3F71       0  CODE    
                text8                          007F70  000090  008000      3FB8       0  CODE    
                idloc                          200000  000008  200008    200000       0  IDLOC   
                config                         300000  00000E  30000E    300000       0  CONFIG  


UNUSED ADDRESS RANGES

        Name                Unused          Largest block    Delta
        BANK0            000080-0000FF               80
        BANK1            000100-0001FF              100
        BANK2            000200-0002FF              100
        BANK3            000300-0003FF              100
        BANK4            000400-0004FF              100
        BANK5            000500-0005FF              100
        BIGRAM           000015-0005FF              5EB
        CODE             000004-007D09             7D06
        COMRAM           000015-00007F               6B
        CONST            000004-007D09             7D06
        EEDATA           F00000-F000FF              100
        MEDIUMCONST      000600-007D09             770A
        RAM              000080-0005FF              100
        SFR              000F80-000FFF               80
        SMALLCONST       000600-007D09              100
        STACK            000080-0005FF              580

                                  Symbol Table

_ADCON1                                (abs)        000FC1
_LATB                                  (abs)        000F8A
_LATD                                  (abs)        000F8C
_PORTB                                 (abs)        000F81
_TRISB                                 (abs)        000F93
_TRISD                                 (abs)        000F95
__CFG_BOREN$SBORDIS                    (abs)        000000
__CFG_BORV$3                           (abs)        000000
__CFG_CCP2MX$PORTC                     (abs)        000000
__CFG_CP0$OFF                          (abs)        000000
__CFG_CP1$OFF                          (abs)        000000
__CFG_CP2$OFF                          (abs)        000000
__CFG_CP3$OFF                          (abs)        000000
__CFG_CPB$OFF                          (abs)        000000
__CFG_CPD$OFF                          (abs)        000000
__CFG_EBTR0$OFF                        (abs)        000000
__CFG_EBTR1$OFF                        (abs)        000000
__CFG_EBTR2$OFF                        (abs)        000000
__CFG_EBTR3$OFF                        (abs)        000000
__CFG_EBTRB$OFF                        (abs)        000000
__CFG_FCMEN$OFF                        (abs)        000000
__CFG_IESO$OFF                         (abs)        000000
__CFG_LPT1OSC$OFF                      (abs)        000000
__CFG_LVP$OFF                          (abs)        000000
__CFG_MCLRE$ON                         (abs)        000000
__CFG_OSC$HS                           (abs)        000000
__CFG_PBADEN$ON                        (abs)        000000
__CFG_PWRT$OFF                         (abs)        000000
__CFG_STVREN$ON                        (abs)        000000
__CFG_WDT$OFF                          (abs)        000000
__CFG_WDTPS$32768                      (abs)        000000
__CFG_WRT0$OFF                         (abs)        000000
__CFG_WRT1$OFF                         (abs)        000000
__CFG_WRT2$OFF                         (abs)        000000
__CFG_WRT3$OFF                         (abs)        000000
__CFG_WRTB$OFF                         (abs)        000000
__CFG_WRTC$OFF                         (abs)        000000
__CFG_WRTD$OFF                         (abs)        000000
__CFG_XINST$OFF                        (abs)        000000
__HRAM                                 (abs)        000000
__Habs1                                abs1         000000
__Hbank0                               bank0        000000
__Hbank1                               bank1        000000
__Hbank2                               bank2        000000
__Hbank3                               bank3        000000
__Hbank4                               bank4        000000
__Hbank5                               bank5        000000
__Hbigbss                              bigbss       000000
__Hbigdata                             bigdata      000000
__Hbigram                              bigram       000000
__Hbss                                 bss          000000
__HbssCOMRAM                           bssCOMRAM    000000
__Hcinit                               cinit        000000
__Hclrtext                             clrtext      000000
__Hcomram                              comram       000000
__Hconfig                              config       30000E
__Hconst                               const        000000
__HcstackCOMRAM                        cstackCOMRAM 000000
__Hdata                                data         000000
__HdataCOMRAM                          dataCOMRAM   000000
__Heeprom_data                         eeprom_data  000000
__Hfarbss                              farbss       000000
__Hfardata                             fardata      000000
__Hibigdata                            ibigdata     000000
__Hidata                               idata        000000
__HidataCOMRAM                         idataCOMRAM  000000
__Hidloc                               idloc        200008
__Hifardata                            ifardata     000000
__Hinit                                init         000004
__Hintcode                             intcode      000000
__Hintcode_body                        intcode_body 000000
__Hintcodelo                           intcodelo    000000
__Hintentry                            intentry     000000
__Hintret                              intret       000000
__Hintsave_regs                        intsave_regs 000000
__Hirdata                              irdata       000000
__Hmediumconst                         mediumconst  000000
__HnvFARRAM                            nvFARRAM     000000
__Hnvbit                               nvbit        000000
__Hnvrram                              nvrram       000000
__Hparam                               rparam       000000
__Hpowerup                             powerup      000000
__Hram                                 ram          000000
__Hramtop                              ramtop       000600
__Hrbit                                rbit         000000
__Hrbss                                rbss         000000
__Hrdata                               rdata        000000
__Hreset_vec                           reset_vec    000000
__Hrparam                              rparam       000000
__Hsfr                                 sfr          000000
__Hsmallconst                          smallconst   000000
__Hspace_0                             (abs)        30000E
__Hspace_1                             (abs)        000015
__Hspace_2                             (abs)        000000
__Hstack                               stack        000000
__Hstruct                              struct       000000
__Htemp                                temp         000000
__Htext                                text         000000
__Htext0                               text0        000000
__Htext1                               text1        000000
__Htext2                               text2        000000
__Htext3                               text3        000000
__Htext4                               text4        000000
__Htext5                               text5        000000
__Htext6                               text6        000000
__Htext7                               text7        000000
__Htext8                               text8        000000
__Htext9                               text9        000000
__LRAM                                 (abs)        000001
__Labs1                                abs1         000000
__Lbank0                               bank0        000000
__Lbank1                               bank1        000000
__Lbank2                               bank2        000000
__Lbank3                               bank3        000000
__Lbank4                               bank4        000000
__Lbank5                               bank5        000000
__Lbigbss                              bigbss       000000
__Lbigdata                             bigdata      000000
__Lbigram                              bigram       000000
__Lbss                                 bss          000000
__LbssCOMRAM                           bssCOMRAM    000000
__Lcinit                               cinit        000000
__Lclrtext                             clrtext      000000
__Lcomram                              comram       000000
__Lconfig                              config       300000
__Lconst                               const        000000
__LcstackCOMRAM                        cstackCOMRAM 000000
__Ldata                                data         000000
__LdataCOMRAM                          dataCOMRAM   000000
__Leeprom_data                         eeprom_data  000000
__Lfarbss                              farbss       000000
__Lfardata                             fardata      000000
__Libigdata                            ibigdata     000000
__Lidata                               idata        000000
__LidataCOMRAM                         idataCOMRAM  000000
__Lidloc                               idloc        200000
__Lifardata                            ifardata     000000
__Linit                                init         000000
__Lintcode                             intcode      000000
__Lintcode_body                        intcode_body 000000
__Lintcodelo                           intcodelo    000000
__Lintentry                            intentry     000000
__Lintret                              intret       000000
__Lintsave_regs                        intsave_regs 000000
__Lirdata                              irdata       000000
__Lmediumconst                         mediumconst  000000
__LnvFARRAM                            nvFARRAM     000000
__Lnvbit                               nvbit        000000
__Lnvrram                              nvrram       000000
__Lparam                               rparam       000000
__Lpowerup                             powerup      000000
__Lram                                 ram          000000
__Lramtop                              ramtop       000600
__Lrbit                                rbit         000000
__Lrbss                                rbss         000000
__Lrdata                               rdata        000000
__Lreset_vec                           reset_vec    000000
__Lrparam                              rparam       000000
__Lsfr                                 sfr          000000
__Lsmallconst                          smallconst   000000
__Lspace_0                             (abs)        000000
__Lspace_1                             (abs)        000000
__Lspace_2                             (abs)        000000
__Lstack                               stack        000000
__Lstruct                              struct       000000
__Ltemp                                temp         000000
__Ltext                                text         000000
__Ltext0                               text0        000000
__Ltext1                               text1        000000
__Ltext2                               text2        000000
__Ltext3                               text3        000000
__Ltext4                               text4        000000
__Ltext5                               text5        000000
__Ltext6                               text6        000000
__Ltext7                               text7        000000
__Ltext8                               text8        000000
__Ltext9                               text9        000000
__S0                                   (abs)        30000E
__S1                                   (abs)        000015
__S2                                   (abs)        000000
___inthi_sp                            stack        000000
___intlo_sp                            stack        000000
___param_bank                          (abs)        000000
___rparam_used                         (abs)        000001
___sp                                  stack        000000
__accesstop                            (abs)        000080
__activetblptr                         (abs)        000002
__end_of__initialization               cinit        007D94
__end_of_acende_descendo               text9        007F70
__end_of_acende_subindo                text8        008000
__end_of_acende_subindo_e_descendo     text7        007EE2
__end_of_apagar_leds                   text6        007D14
__end_of_atraso_ms                     text5        007D4A
__end_of_loop                          text2        007DE8
__end_of_main                          text0        007D1E
__end_of_maq_1                         text4        007D30
__end_of_setup                         text1        007D68
__end_of_tecla                         text3        007E58
__initialization                       cinit        007D68
__mediumconst                          mediumconst  000000
__pbssCOMRAM                           bssCOMRAM    000001
__pcinit                               cinit        007D68
__pcstackCOMRAM                        cstackCOMRAM 000012
__pdataCOMRAM                          dataCOMRAM   00000E
__pidataCOMRAM                         idataCOMRAM  007D0A
__ptext0                               text0        007D14
__ptext1                               text1        007D4A
__ptext2                               text2        007D9E
__ptext3                               text3        007DE8
__ptext4                               text4        007D1E
__ptext5                               text5        007D30
__ptext6                               text6        007D0E
__ptext7                               text7        007E58
__ptext8                               text8        007F70
__ptext9                               text9        007EE2
__ramtop                               ramtop       000600
__size_of_acende_descendo              (abs)        000000
__size_of_acende_subindo               (abs)        000000
__size_of_acende_subindo_e_descendo    (abs)        000000
__size_of_apagar_leds                  (abs)        000000
__size_of_atraso_ms                    (abs)        000000
__size_of_loop                         (abs)        000000
__size_of_main                         (abs)        000000
__size_of_maq_1                        (abs)        000000
__size_of_setup                        (abs)        000000
__size_of_tecla                        (abs)        000000
__smallconst                           smallconst   000000
_acende_descendo                       text9        007EE2
_acende_subindo                        text8        007F70
_acende_subindo_e_descendo             text7        007E58
_apagar_leds                           text6        007D0E
_atraso_ms                             text5        007D30
_contador                              bssCOMRAM    00000D
_estado                                bssCOMRAM    00000C
_estado_de_operacao                    bssCOMRAM    000007
_f_direcao                             bssCOMRAM    00000A
_f_on_off                              bssCOMRAM    000009
_loop                                  text2        007D9E
_main                                  text0        007D14
_maq_1                                 text4        007D1E
_modo                                  bssCOMRAM    000008
_saida                                 bssCOMRAM    00000B
_setup                                 text1        007D4A
_tecla                                 text3        007DE8
acende_descendo@contador               dataCOMRAM   00000F
acende_descendo@estado                 bssCOMRAM    000006
acende_subindo@contador                dataCOMRAM   00000E
acende_subindo@estado                  bssCOMRAM    000005
acende_subindo_e_descendo@contador     bssCOMRAM    000004
acende_subindo_e_descendo@estado       bssCOMRAM    000003
acende_subindo_e_descendo@primeira_vez bssCOMRAM    000001
acende_subindo_e_descendo@sentido      bssCOMRAM    000002
atraso_ms@tempo                        cstackCOMRAM 000012
end_of_initialization                  cinit        007D94
intlevel0                              text         000000
intlevel1                              text         000000
intlevel2                              text         000000
intlevel3                              text         000000
stackhi                                (abs)        0005FF
stacklo                                (abs)        000080
start                                  init         000000
start_initialization                   cinit        007D68
tecla@d_d                              cstackCOMRAM 000014
tecla@d_o                              cstackCOMRAM 000012
tecla@dado                             cstackCOMRAM 000013
tecla@m_d                              dataCOMRAM   000011
tecla@m_o                              dataCOMRAM   000010


FUNCTION INFORMATION:

 *************** function _main *****************
 Defined at:
		line 38 in file "main.c"
 Parameters:    Size  Location     Type
		None
 Auto vars:     Size  Location     Type
		None
 Return value:  Size  Location     Type
                  2   48[None  ] int 
 Registers used:
		wreg, status,2, status,0, cstack
 Tracked objects:
		On entry : 
		On exit  : 
		Unchanged: 
 Data sizes:     COMRAM   BANK0   BANK1   BANK2   BANK3   BANK4   BANK5
      Params:         0       0       0       0       0       0       0
      Locals:         0       0       0       0       0       0       0
      Temps:          0       0       0       0       0       0       0
      Totals:         0       0       0       0       0       0       0
Total ram usage:        0 bytes
 Hardware stack levels required when called:    2
 This function calls:
		_loop
		_setup
 This function is called by:
		Startup code after reset
 This function uses a non-reentrant model


 *************** function _setup *****************
 Defined at:
		line 54 in file "main.c"
 Parameters:    Size  Location     Type
		None
 Auto vars:     Size  Location     Type
		None
 Return value:  Size  Location     Type
                  1    wreg      void 
 Registers used:
		wreg, status,2
 Tracked objects:
		On entry : 
		On exit  : 
		Unchanged: 
 Data sizes:     COMRAM   BANK0   BANK1   BANK2   BANK3   BANK4   BANK5
      Params:         0       0       0       0       0       0       0
      Locals:         0       0       0       0       0       0       0
      Temps:          0       0       0       0       0       0       0
      Totals:         0       0       0       0       0       0       0
Total ram usage:        0 bytes
 Hardware stack levels used:    1
 This function calls:
		Nothing
 This function is called by:
		_main
 This function uses a non-reentrant model


 *************** function _loop *****************
 Defined at:
		line 67 in file "main.c"
 Parameters:    Size  Location     Type
		None
 Auto vars:     Size  Location     Type
		None
 Return value:  Size  Location     Type
                  1    wreg      void 
 Registers used:
		wreg, status,2, status,0, cstack
 Tracked objects:
		On entry : 
		On exit  : 
		Unchanged: 
 Data sizes:     COMRAM   BANK0   BANK1   BANK2   BANK3   BANK4   BANK5
      Params:         0       0       0       0       0       0       0
      Locals:         0       0       0       0       0       0       0
      Temps:          0       0       0       0       0       0       0
      Totals:         0       0       0       0       0       0       0
Total ram usage:        0 bytes
 Hardware stack levels used:    1
 Hardware stack levels required when called:    1
 This function calls:
		_acende_descendo
		_acende_subindo
		_acende_subindo_e_descendo
		_apagar_leds
		_atraso_ms
		_maq_1
		_tecla
 This function is called by:
		_main
 This function uses a non-reentrant model


 *************** function _tecla *****************
 Defined at:
		line 106 in file "main.c"
 Parameters:    Size  Location     Type
		None
 Auto vars:     Size  Location     Type
  d_d             1    2[COMRAM] unsigned char 
  dado            1    1[COMRAM] unsigned char 
  d_o             1    0[COMRAM] unsigned char 
 Return value:  Size  Location     Type
                  1    wreg      void 
 Registers used:
		wreg, status,2, status,0
 Tracked objects:
		On entry : 
		On exit  : 
		Unchanged: 
 Data sizes:     COMRAM   BANK0   BANK1   BANK2   BANK3   BANK4   BANK5
      Params:         0       0       0       0       0       0       0
      Locals:         3       0       0       0       0       0       0
      Temps:          0       0       0       0       0       0       0
      Totals:         3       0       0       0       0       0       0
Total ram usage:        3 bytes
 Hardware stack levels used:    1
 This function calls:
		Nothing
 This function is called by:
		_loop
 This function uses a non-reentrant model


 *************** function _maq_1 *****************
 Defined at:
		line 94 in file "main.c"
 Parameters:    Size  Location     Type
		None
 Auto vars:     Size  Location     Type
		None
 Return value:  Size  Location     Type
                  1    wreg      void 
 Registers used:
		wreg, status,2, status,0
 Tracked objects:
		On entry : 
		On exit  : 
		Unchanged: 
 Data sizes:     COMRAM   BANK0   BANK1   BANK2   BANK3   BANK4   BANK5
      Params:         0       0       0       0       0       0       0
      Locals:         0       0       0       0       0       0       0
      Temps:          0       0       0       0       0       0       0
      Totals:         0       0       0       0       0       0       0
Total ram usage:        0 bytes
 Hardware stack levels used:    1
 This function calls:
		Nothing
 This function is called by:
		_loop
 This function uses a non-reentrant model


 *************** function _atraso_ms *****************
 Defined at:
		line 45 in file "main.c"
 Parameters:    Size  Location     Type
  tempo           2    0[COMRAM] unsigned int 
 Auto vars:     Size  Location     Type
		None
 Return value:  Size  Location     Type
                  1    wreg      void 
 Registers used:
		wreg, status,2, status,0
 Tracked objects:
		On entry : 
		On exit  : 
		Unchanged: 
 Data sizes:     COMRAM   BANK0   BANK1   BANK2   BANK3   BANK4   BANK5
      Params:         2       0       0       0       0       0       0
      Locals:         0       0       0       0       0       0       0
      Temps:          0       0       0       0       0       0       0
      Totals:         2       0       0       0       0       0       0
Total ram usage:        2 bytes
 Hardware stack levels used:    1
 This function calls:
		Nothing
 This function is called by:
		_loop
 This function uses a non-reentrant model


 *************** function _apagar_leds *****************
 Defined at:
		line 155 in file "main.c"
 Parameters:    Size  Location     Type
		None
 Auto vars:     Size  Location     Type
		None
 Return value:  Size  Location     Type
                  1    wreg      void 
 Registers used:
		wreg, status,2
 Tracked objects:
		On entry : 
		On exit  : 
		Unchanged: 
 Data sizes:     COMRAM   BANK0   BANK1   BANK2   BANK3   BANK4   BANK5
      Params:         0       0       0       0       0       0       0
      Locals:         0       0       0       0       0       0       0
      Temps:          0       0       0       0       0       0       0
      Totals:         0       0       0       0       0       0       0
Total ram usage:        0 bytes
 Hardware stack levels used:    1
 This function calls:
		Nothing
 This function is called by:
		_loop
 This function uses a non-reentrant model


 *************** function _acende_subindo_e_descendo *****************
 Defined at:
		line 285 in file "main.c"
 Parameters:    Size  Location     Type
		None
 Auto vars:     Size  Location     Type
		None
 Return value:  Size  Location     Type
                  1    wreg      void 
 Registers used:
		wreg, status,2, status,0
 Tracked objects:
		On entry : 
		On exit  : 
		Unchanged: 
 Data sizes:     COMRAM   BANK0   BANK1   BANK2   BANK3   BANK4   BANK5
      Params:         0       0       0       0       0       0       0
      Locals:         0       0       0       0       0       0       0
      Temps:          0       0       0       0       0       0       0
      Totals:         0       0       0       0       0       0       0
Total ram usage:        0 bytes
 Hardware stack levels used:    1
 This function calls:
		Nothing
 This function is called by:
		_loop
 This function uses a non-reentrant model


 *************** function _acende_subindo *****************
 Defined at:
		line 223 in file "main.c"
 Parameters:    Size  Location     Type
		None
 Auto vars:     Size  Location     Type
		None
 Return value:  Size  Location     Type
                  1    wreg      void 
 Registers used:
		wreg, status,2, status,0
 Tracked objects:
		On entry : 
		On exit  : 
		Unchanged: 
 Data sizes:     COMRAM   BANK0   BANK1   BANK2   BANK3   BANK4   BANK5
      Params:         0       0       0       0       0       0       0
      Locals:         0       0       0       0       0       0       0
      Temps:          0       0       0       0       0       0       0
      Totals:         0       0       0       0       0       0       0
Total ram usage:        0 bytes
 Hardware stack levels used:    1
 This function calls:
		Nothing
 This function is called by:
		_loop
 This function uses a non-reentrant model


 *************** function _acende_descendo *****************
 Defined at:
		line 160 in file "main.c"
 Parameters:    Size  Location     Type
		None
 Auto vars:     Size  Location     Type
		None
 Return value:  Size  Location     Type
                  1    wreg      void 
 Registers used:
		wreg, status,2, status,0
 Tracked objects:
		On entry : 
		On exit  : 
		Unchanged: 
 Data sizes:     COMRAM   BANK0   BANK1   BANK2   BANK3   BANK4   BANK5
      Params:         0       0       0       0       0       0       0
      Locals:         0       0       0       0       0       0       0
      Temps:          0       0       0       0       0       0       0
      Totals:         0       0       0       0       0       0       0
Total ram usage:        0 bytes
 Hardware stack levels used:    1
 This function calls:
		Nothing
 This function is called by:
		_loop
 This function uses a non-reentrant model



MODULE INFORMATION

Module		Function		Class		Link	Load	Size
shared
		__initialization		CODE           	7D68	0000	45

shared estimated size: 45

main.c
		_loop          		CODE           	7D9E	0000	75
		_atraso_ms     		CODE           	7D30	0000	27
		_acende_subindo_e_descendo		CODE           	7E58	0000	139
		_main          		CODE           	7D14	0000	11
		_acende_subindo		CODE           	7F70	0000	145
		_tecla         		CODE           	7DE8	0000	113
		_maq_1         		CODE           	7D1E	0000	19
		_setup         		CODE           	7D4A	0000	31
		_apagar_leds   		CODE           	7D0E	0000	7
		_acende_descendo		CODE           	7EE2	0000	143

main.c estimated size: 710

