Microchip MPLAB XC8 Compiler V2.40

Linker command line:

-W-3 \
  --edf=C:\Program Files\Microchip\xc8\v2.40\pic\dat\20220703182018_en.msgs \
  -cn -h+dist/default/production\Trab03.X.production.sym \
  --cmf=dist/default/production\Trab03.X.production.cmf -z -Q18F4520 \
  -oC:\Users\johan\AppData\Local\Temp\xcAsad0.4 --defsym=__MPLAB_BUILD=1 \
  --fixupoverflow=error -Mdist/default/production/Trab03.X.production.map \
  --md=C:\Users\johan\AppData\Local\Temp\xcAsad0.dat -E1 -ver=XC8 Compiler \
  --acfsm=1493 -ACODE=00h-07FFFh -ACONST=00h-07FFFh \
  -ASMALLCONST=0600h-06FFhx122 -AMEDIUMCONST=0600h-07FFFh -ACOMRAM=01h-07Fh \
  -AABS1=00h-05FFh -ABIGRAM=01h-05FFh -ARAM=080h-0FFh,0100h-01FFhx5 \
  -ABANK0=080h-0FFh -ABANK1=0100h-01FFh -ABANK2=0200h-02FFh \
  -ABANK3=0300h-03FFh -ABANK4=0400h-04FFh -ABANK5=0500h-05FFh \
  -ASFR=0F80h-0FFFh -ABIGSFR=0F80h-0FFFh -ACONFIG=0300000h-030000Dh \
  -AIDLOC=0200000h-0200007h -AEEDATA=0F00000h-0F000FFh -peeprom_data=EEDATA \
  -preset_vec=00h,intcode=08h,intcodelo,powerup,init -pramtop=0600h \
  -psmallconst=SMALLCONST -pmediumconst=MEDIUMCONST -pconst=CONST \
  -AFARRAM=00h-00h \
  -prdata=COMRAM,nvrram=COMRAM,nvbit=COMRAM,rbss=COMRAM,rbit=COMRAM \
  -pfarbss=FARRAM,fardata=FARRAM,nvFARRAM=FARRAM \
  -pintsave_regs=BIGRAM,bigbss=BIGRAM,bigdata=BIGRAM -pbss=RAM \
  -pidata=CODE,irdata=CODE,ibigdata=CODE,ifardata=CODE -prparam=COMRAM \
  C:\Users\johan\AppData\Local\Temp\xcAsad0.o \
  dist/default/production\Trab03.X.production.o 

Object code version is 3.11

Machine type is 18F4520



                Name                               Link     Load   Length Selector   Space Scale
C:\Users\johan\AppData\Local\Temp\xcAsad0.o
                idloc                            200000   200000        8        0       5
                config                           300000   300000        E        0       4
                init                                  E        E        4        4       0
                reset_vec                             0        0        4        0       0
dist/default/production\Trab03.X.production.o
                intcode                               8        8        6        4       0
                idloc                            200000   200000        8        0       5
                config                           300000   300000        E        0       4
                temp                                 7F       7F        1        1       1
                smallconst                          600      600        A      300       0
                text48                             2818     2818        E     1334       0
                text47                             2856     2856        4     1334       0
                text46                             23C4     23C4       66      305       0
                text45                              A34      A34      39A      305       0
                text44                              60A      60A      42A      305       0
                text43                             1D28     1D28      106      305       0
                text42                             22E8     22E8       74      305       0
                text41                             248E     248E       64      305       0
                text40                             1264     1264      1B4      305       0
                text39                             26DC     26DC       2C     1334       0
                text38                             284A     284A        8     1334       0
                text37                             27BE     27BE       22     1334       0
                text36                             2270     2270       78      305       0
                text35                             18C0     18C0      188      305       0
                text34                             1BC4     1BC4      164      305       0
                text33                             2668     2668       40     1334       0
                text32                             285C     285C        2     1334       0
                text31                             1F1C     1F1C       CA      305       0
                text30                             25E2     25E2       44      305       0
                text29                             21F6     21F6       7A      305       0
                text28                              DCE      DCE      27E      305       0
                text27                             1418     1418      198      305       0
                text26                             2594     2594       4E      305       0
                text25                             2546     2546       4E      305       0
                text24                             279C     279C       22     1334       0
                text23                             1A48     1A48      17C      305       0
                text22                             209C     209C       B2      305       0
                text21                             26A8     26A8       34     1334       0
                text20                             2842     2842        8     1334       0
                text19                             2754     2754       26     1334       0
                text18                             1738     1738      188      305       0
                text17                             214E     214E       A8      305       0
                text16                             15B0     15B0      188      305       0
                text15                             104C     104C      218      305       0
                text14                             272E     272E       26     1334       0
                text13                             1FE6     1FE6       B6      305       0
                intcode_body                       1E2E     1E2E       EE      305       0
                text11                             285A     285A        2     1334       0
                text10                             280A     280A        E     1334       0
                text9                              283A     283A        8     1334       0
                text8                              2830     2830        A     1334       0
                text7                              27E0     27E0       1A     1334       0
                text6                              2826     2826        A     1334       0
                text5                              2708     2708       26     1334       0
                text4                              235C     235C       68      305       0
                text3                              277A     277A       22     1334       0
                text2                              2852     2852        4     1334       0
                text1                              24F2     24F2       54      305       0
                text0                              27FA     27FA       10     1334       0
                cstackCOMRAM                          1        1       75        1       1
                cstackBANK0                          EA       EA        A       80       1
                cstackBANK1                         120      120        3      100       1
                bssBANK1                            100      100       20      100       1
                dataBANK0                            80       80       41       80       1
                bssBANK0                             C1       C1       29       80       1
                dataCOMRAM                           7E       7E        1        1       1
                bssCOMRAM                            76       76        8        1       1
                cinit                              242A     242A       64      305       0
                nvBANK0                              F4       F4        4       80       1
                idataBANK0                         2626     2626       41      305       0
                idataCOMRAM                        285E     285E        1     1334       0

TOTAL           Name                               Link     Load   Length     Space
        CLASS   CODE           
                intcode                               8        8        6         0
                init                                  E        E        4         0
                reset_vec                             0        0        4         0
                text48                             2818     2818        E         0
                text47                             2856     2856        4         0
                text46                             23C4     23C4       66         0
                text45                              A34      A34      39A         0
                text44                              60A      60A      42A         0
                text43                             1D28     1D28      106         0
                text42                             22E8     22E8       74         0
                text41                             248E     248E       64         0
                text40                             1264     1264      1B4         0
                text39                             26DC     26DC       2C         0
                text38                             284A     284A        8         0
                text37                             27BE     27BE       22         0
                text36                             2270     2270       78         0
                text35                             18C0     18C0      188         0
                text34                             1BC4     1BC4      164         0
                text33                             2668     2668       40         0
                text32                             285C     285C        2         0
                text31                             1F1C     1F1C       CA         0
                text30                             25E2     25E2       44         0
                text29                             21F6     21F6       7A         0
                text28                              DCE      DCE      27E         0
                text27                             1418     1418      198         0
                text26                             2594     2594       4E         0
                text25                             2546     2546       4E         0
                text24                             279C     279C       22         0
                text23                             1A48     1A48      17C         0
                text22                             209C     209C       B2         0
                text21                             26A8     26A8       34         0
                text20                             2842     2842        8         0
                text19                             2754     2754       26         0
                text18                             1738     1738      188         0
                text17                             214E     214E       A8         0
                text16                             15B0     15B0      188         0
                text15                             104C     104C      218         0
                text14                             272E     272E       26         0
                text13                             1FE6     1FE6       B6         0
                intcode_body                       1E2E     1E2E       EE         0
                text11                             285A     285A        2         0
                text10                             280A     280A        E         0
                text9                              283A     283A        8         0
                text8                              2830     2830        A         0
                text7                              27E0     27E0       1A         0
                text6                              2826     2826        A         0
                text5                              2708     2708       26         0
                text4                              235C     235C       68         0
                text3                              277A     277A       22         0
                text2                              2852     2852        4         0
                text1                              24F2     24F2       54         0
                text0                              27FA     27FA       10         0
                cinit                              242A     242A       64         0
                idataBANK0                         2626     2626       41         0
                idataCOMRAM                        285E     285E        1         0

        CLASS   CONST          

        CLASS   SMALLCONST     
                smallconst                          600      600        A         0

        CLASS   MEDIUMCONST    

        CLASS   COMRAM         
                temp                                 7F       7F        1         1
                cstackCOMRAM                          1        1       75         1
                dataCOMRAM                           7E       7E        1         1
                bssCOMRAM                            76       76        8         1

        CLASS   ABS1           

        CLASS   BIGRAM         

        CLASS   RAM            

        CLASS   BANK0          
                cstackBANK0                          EA       EA        A         1
                dataBANK0                            80       80       41         1
                bssBANK0                             C1       C1       29         1
                nvBANK0                              F4       F4        4         1

        CLASS   BANK1          
                cstackBANK1                         120      120        3         1
                bssBANK1                            100      100       20         1

        CLASS   BANK2          

        CLASS   BANK3          

        CLASS   BANK4          

        CLASS   BANK5          

        CLASS   SFR            

        CLASS   BIGSFR         

        CLASS   CONFIG         
                config                           300000   300000        E         4

        CLASS   IDLOC          
                idloc                            200000   200000        8         5

        CLASS   EEDATA         

        CLASS   FARRAM         

        CLASS   HEAP           

        CLASS   STACK          



SEGMENTS        Name                           Load    Length   Top    Selector   Space  Class

                reset_vec                      000000  000004  000004         0       0  CODE    
                cstackCOMRAM                   000001  00007F  000080         1       1  COMRAM  
                intcode                        000008  00000A  000012         4       0  CODE    
                dataBANK0                      000080  000078  0000F8        80       1  BANK0   
                bssBANK1                       000100  000023  000123       100       1  BANK1   
                smallconst                     000600  00000A  00060A       300       0  SMALLCON
                text44                         00060A  00205D  002667       305       0  CODE    
                text33                         002668  0001F7  00285F      1334       0  CODE    


UNUSED ADDRESS RANGES

        Name                Unused          Largest block    Delta
        BANK0            0000F8-0000FF                8
        BANK1            000123-0001FF               DD
        BANK2            000200-0002FF              100
        BANK3            000300-0003FF              100
        BANK4            000400-0004FF              100
        BANK5            000500-0005FF              100
        BIGRAM           0000F8-0000FF                8
                         000123-0005FF              4DD
        BIGSFR           000F80-000FFF               80
        CODE             000004-000007                4
                         000012-0005FF              5EE
                         002667-002667                1
                         00285F-007FFF             57A1
        CONST            000004-000007                4
                         000012-0005FF              5EE
                         002667-002667                1
                         00285F-007FFF             57A1
        EEDATA           F00000-F000FF              100
        MEDIUMCONST      002667-002667                1
                         00285F-007FFF             57A1
        RAM              0000F8-0000FF                8
                         000123-0005FF              100
        SFR              000F80-000FFF               80
        SMALLCONST       002667-002667                1
                         00285F-007FFF              100

                                  Symbol Table

?___aodiv                      cstackCOMRAM 000001
?___aomod                      cstackCOMRAM 000001
?___fldiv                      cstackCOMRAM 000028
?___flmul                      cstackCOMRAM 00000F
?___fltol                      cstackCOMRAM 000041
?___lwdiv                      cstackCOMRAM 000006
?___lwmod                      cstackCOMRAM 000001
?___wmul                       cstackCOMRAM 000001
?___xxtofl                     cstackCOMRAM 000001
?_abs                          cstackCOMRAM 000013
?_sprintf                      cstackCOMRAM 000059
?_vfprintf                     cstackCOMRAM 000051
ADC_maq@estado                 bssBANK0     0000DF
Read_AD@data                   cstackCOMRAM 00006E
Read_AD@pwm_aux                cstackCOMRAM 000070
_ADCON0                        (abs)        000FC2
_ADCON1                        (abs)        000FC1
_ADCON2                        (abs)        000FC0
_ADC_maq                       text46       0023C4
_ADIE                          (abs)        007CEE
_ADIF                          (abs)        007CF6
_ADRESH                        (abs)        000FC4
_AD_data                       bssBANK0     0000C9
_AD_init                       text10       00280A
_CCP1CON                       (abs)        000FBD
_CCPR1L                        (abs)        000FBE
_GIE                           (abs)        007F97
_GO                            (abs)        007E11
_INT0IE                        (abs)        007F94
_INT0IF                        (abs)        007F91
_INT1IE                        (abs)        007F83
_INT1IF                        (abs)        007F80
_INT2IE                        (abs)        007F84
_INT2IF                        (abs)        007F81
_INTCON                        (abs)        000FF2
_INTCON2                       (abs)        000FF1
_INTCON3                       (abs)        000FF0
_IPEN                          (abs)        007E87
_LATA                          (abs)        000F89
_LATA2                         (abs)        007C4A
_LATA3                         (abs)        007C4B
_LATA4                         (abs)        007C4C
_LATA5                         (abs)        007C4D
_LATB                          (abs)        000F8A
_LATD                          (abs)        000F8C
_PEIE                          (abs)        007F96
_PORTB                         (abs)        000F81
_PORTD                         (abs)        000F83
_PORTEbits                     (abs)        000F84
_PR2                           (abs)        000FCB
_Read_AD                       text23       001A48
_T0CON                         (abs)        000FD5
_T2CON                         (abs)        000FCA
_TMR0                          (abs)        000FD6
_TMR0IE                        (abs)        007F95
_TMR0IF                        (abs)        007F92
_TRISA                         (abs)        000F92
_TRISB                         (abs)        000F93
_TRISC                         (abs)        000F94
_TRISD                         (abs)        000F95
_TRISE                         (abs)        000F96
__HRAM                         (abs)        000000
__Habs1                        abs1         000000
__Hbank0                       bank0        000000
__Hbank1                       bank1        000000
__Hbank2                       bank2        000000
__Hbank3                       bank3        000000
__Hbank4                       bank4        000000
__Hbank5                       bank5        000000
__Hbigbss                      bigbss       000000
__Hbigdata                     bigdata      000000
__Hbigram                      bigram       000000
__Hbigsfr                      bigsfr       000000
__Hbss                         bss          000000
__HbssBANK0                    bssBANK0     000000
__HbssBANK1                    bssBANK1     000000
__HbssCOMRAM                   bssCOMRAM    000000
__Hcinit                       cinit        000000
__Hclrtext                     clrtext      000000
__Hcomram                      comram       000000
__Hconfig                      config       30000E
__Hconst                       const        000000
__HcstackBANK0                 cstackBANK0  000000
__HcstackBANK1                 cstackBANK1  000000
__HcstackCOMRAM                cstackCOMRAM 000000
__Hdata                        data         000000
__HdataBANK0                   dataBANK0    000000
__HdataCOMRAM                  dataCOMRAM   000000
__Heeprom_data                 eeprom_data  000000
__Hfarbss                      farbss       000000
__Hfardata                     fardata      000000
__Hheap                        heap         000000
__Hibigdata                    ibigdata     000000
__Hidata                       idata        000000
__HidataBANK0                  idataBANK0   000000
__HidataCOMRAM                 idataCOMRAM  000000
__Hidloc                       idloc        200008
__Hifardata                    ifardata     000000
__Hinit                        init         000012
__Hintcode                     intcode      00000E
__Hintcode_body                intcode_body 000000
__Hintcodelo                   intcodelo    00000E
__Hintentry                    intentry     000000
__Hintret                      intret       000000
__Hintsave_regs                intsave_regs 000000
__Hirdata                      irdata       000000
__Hmediumconst                 mediumconst  000000
__HnvBANK0                     nvBANK0      000000
__HnvFARRAM                    nvFARRAM     000000
__Hnvbit                       nvbit        000000
__Hnvrram                      nvrram       000000
__Hparam                       rparam       000000
__Hpowerup                     powerup      00000E
__Hram                         ram          000000
__Hramtop                      ramtop       000600
__Hrbit                        rbit         000000
__Hrbss                        rbss         000000
__Hrdata                       rdata        000000
__Hreset_vec                   reset_vec    000004
__Hrparam                      rparam       000000
__Hsfr                         sfr          000000
__Hsmallconst                  smallconst   00060A
__Hspace_0                     (abs)        00285F
__Hspace_1                     (abs)        000123
__Hspace_2                     (abs)        000000
__Hspace_4                     (abs)        60000E
__Hstack                       stack        000000
__Hstruct                      struct       000000
__Htemp                        temp         000080
__Htext                        text         000000
__Htext0                       text0        000000
__Htext1                       text1        000000
__Htext10                      text10       000000
__Htext11                      text11       000000
__Htext13                      text13       000000
__Htext14                      text14       000000
__Htext15                      text15       000000
__Htext16                      text16       000000
__Htext17                      text17       000000
__Htext18                      text18       000000
__Htext19                      text19       000000
__Htext2                       text2        000000
__Htext20                      text20       000000
__Htext21                      text21       000000
__Htext22                      text22       000000
__Htext23                      text23       000000
__Htext24                      text24       000000
__Htext25                      text25       000000
__Htext26                      text26       000000
__Htext27                      text27       000000
__Htext28                      text28       000000
__Htext29                      text29       000000
__Htext3                       text3        000000
__Htext30                      text30       000000
__Htext31                      text31       000000
__Htext32                      text32       000000
__Htext33                      text33       000000
__Htext34                      text34       000000
__Htext35                      text35       000000
__Htext36                      text36       000000
__Htext37                      text37       000000
__Htext38                      text38       000000
__Htext39                      text39       000000
__Htext4                       text4        000000
__Htext40                      text40       000000
__Htext41                      text41       000000
__Htext42                      text42       000000
__Htext43                      text43       000000
__Htext44                      text44       000000
__Htext45                      text45       000000
__Htext46                      text46       000000
__Htext47                      text47       000000
__Htext48                      text48       000000
__Htext5                       text5        000000
__Htext6                       text6        000000
__Htext7                       text7        000000
__Htext8                       text8        000000
__Htext9                       text9        000000
__LRAM                         (abs)        000001
__Labs1                        abs1         000000
__Lbank0                       bank0        000000
__Lbank1                       bank1        000000
__Lbank2                       bank2        000000
__Lbank3                       bank3        000000
__Lbank4                       bank4        000000
__Lbank5                       bank5        000000
__Lbigbss                      bigbss       000000
__Lbigdata                     bigdata      000000
__Lbigram                      bigram       000000
__Lbigsfr                      bigsfr       000000
__Lbss                         bss          000000
__LbssBANK0                    bssBANK0     000000
__LbssBANK1                    bssBANK1     000000
__LbssCOMRAM                   bssCOMRAM    000000
__Lcinit                       cinit        000000
__Lclrtext                     clrtext      000000
__Lcomram                      comram       000000
__Lconfig                      config       000000
__Lconst                       const        000000
__LcstackBANK0                 cstackBANK0  000000
__LcstackBANK1                 cstackBANK1  000000
__LcstackCOMRAM                cstackCOMRAM 000000
__Ldata                        data         000000
__LdataBANK0                   dataBANK0    000000
__LdataCOMRAM                  dataCOMRAM   000000
__Leeprom_data                 eeprom_data  000000
__Lfarbss                      farbss       000000
__Lfardata                     fardata      000000
__Lheap                        heap         000000
__Libigdata                    ibigdata     000000
__Lidata                       idata        000000
__LidataBANK0                  idataBANK0   000000
__LidataCOMRAM                 idataCOMRAM  000000
__Lidloc                       idloc        000000
__Lifardata                    ifardata     000000
__Linit                        init         00000E
__Lintcode                     intcode      000008
__Lintcode_body                intcode_body 000000
__Lintcodelo                   intcodelo    00000E
__Lintentry                    intentry     000000
__Lintret                      intret       000000
__Lintsave_regs                intsave_regs 000000
__Lirdata                      irdata       000000
__Lmediumconst                 mediumconst  000000
__LnvBANK0                     nvBANK0      000000
__LnvFARRAM                    nvFARRAM     000000
__Lnvbit                       nvbit        000000
__Lnvrram                      nvrram       000000
__Lparam                       rparam       000000
__Lpowerup                     powerup      00000E
__Lram                         ram          000000
__Lramtop                      ramtop       000600
__Lrbit                        rbit         000000
__Lrbss                        rbss         000000
__Lrdata                       rdata        000000
__Lreset_vec                   reset_vec    000000
__Lrparam                      rparam       000000
__Lsfr                         sfr          000000
__Lsmallconst                  smallconst   000600
__Lspace_0                     (abs)        000000
__Lspace_1                     (abs)        000000
__Lspace_2                     (abs)        000000
__Lspace_4                     (abs)        000000
__Lstack                       stack        000000
__Lstruct                      struct       000000
__Ltemp                        temp         00007F
__Ltext                        text         000000
__Ltext0                       text0        000000
__Ltext1                       text1        000000
__Ltext10                      text10       000000
__Ltext11                      text11       000000
__Ltext13                      text13       000000
__Ltext14                      text14       000000
__Ltext15                      text15       000000
__Ltext16                      text16       000000
__Ltext17                      text17       000000
__Ltext18                      text18       000000
__Ltext19                      text19       000000
__Ltext2                       text2        000000
__Ltext20                      text20       000000
__Ltext21                      text21       000000
__Ltext22                      text22       000000
__Ltext23                      text23       000000
__Ltext24                      text24       000000
__Ltext25                      text25       000000
__Ltext26                      text26       000000
__Ltext27                      text27       000000
__Ltext28                      text28       000000
__Ltext29                      text29       000000
__Ltext3                       text3        000000
__Ltext30                      text30       000000
__Ltext31                      text31       000000
__Ltext32                      text32       000000
__Ltext33                      text33       000000
__Ltext34                      text34       000000
__Ltext35                      text35       000000
__Ltext36                      text36       000000
__Ltext37                      text37       000000
__Ltext38                      text38       000000
__Ltext39                      text39       000000
__Ltext4                       text4        000000
__Ltext40                      text40       000000
__Ltext41                      text41       000000
__Ltext42                      text42       000000
__Ltext43                      text43       000000
__Ltext44                      text44       000000
__Ltext45                      text45       000000
__Ltext46                      text46       000000
__Ltext47                      text47       000000
__Ltext48                      text48       000000
__Ltext5                       text5        000000
__Ltext6                       text6        000000
__Ltext7                       text7        000000
__Ltext8                       text8        000000
__Ltext9                       text9        000000
__S0                           (abs)        00285F
__S1                           (abs)        000123
__S4                           (abs)        000000
__S5                           (abs)        000000
___aodiv                       text35       0018C0
___aodiv@counter               cstackCOMRAM 000011
___aodiv@dividend              cstackCOMRAM 000001
___aodiv@divisor               cstackCOMRAM 000009
___aodiv@quotient              cstackCOMRAM 000013
___aodiv@sign                  cstackCOMRAM 000012
___aomod                       text34       001BC4
___aomod@counter               cstackCOMRAM 000011
___aomod@dividend              cstackCOMRAM 000001
___aomod@divisor               cstackCOMRAM 000009
___aomod@sign                  cstackCOMRAM 000012
___fldiv                       text45       000A34
___fldiv@a                     cstackCOMRAM 00002C
___fldiv@aexp                  cstackCOMRAM 000040
___fldiv@b                     cstackCOMRAM 000028
___fldiv@bexp                  cstackCOMRAM 00003F
___fldiv@grs                   cstackCOMRAM 00003B
___fldiv@new_exp               cstackCOMRAM 000039
___fldiv@rem                   cstackCOMRAM 000034
___fldiv@sign                  cstackCOMRAM 000038
___flmul                       text44       00060A
___flmul@a                     cstackCOMRAM 000013
___flmul@aexp                  cstackCOMRAM 000020
___flmul@b                     cstackCOMRAM 00000F
___flmul@bexp                  cstackCOMRAM 000021
___flmul@grs                   cstackCOMRAM 00001C
___flmul@prod                  cstackCOMRAM 000022
___flmul@sign                  cstackCOMRAM 00001B
___flmul@temp                  cstackCOMRAM 000026
___fltol                       text43       001D28
___fltol@exp1                  cstackCOMRAM 00004A
___fltol@f1                    cstackCOMRAM 000041
___fltol@sign1                 cstackCOMRAM 000049
___heap_hi                     (abs)        000000
___heap_lo                     (abs)        000000
___inthi_sp                    stack        000000
___intlo_sp                    stack        000000
___lwdiv                       text42       0022E8
___lwdiv@counter               cstackCOMRAM 00000C
___lwdiv@dividend              cstackCOMRAM 000006
___lwdiv@divisor               cstackCOMRAM 000008
___lwdiv@quotient              cstackCOMRAM 00000A
___lwmod                       text41       00248E
___lwmod@counter               cstackCOMRAM 000005
___lwmod@dividend              cstackCOMRAM 000001
___lwmod@divisor               cstackCOMRAM 000003
___param_bank                  (abs)        000000
___rparam_used                 (abs)        000001
___sp                          stack        000000
___wmul                        text19       002754
___wmul@multiplicand           cstackCOMRAM 000003
___wmul@multiplier             cstackCOMRAM 000001
___wmul@product                cstackCOMRAM 000005
___xxtofl                      text40       001264
___xxtofl@arg                  cstackCOMRAM 00000B
___xxtofl@exp                  cstackCOMRAM 00000A
___xxtofl@sign                 cstackCOMRAM 000009
___xxtofl@val                  cstackCOMRAM 000001
__accesstop                    (abs)        000080
__activetblptr                 (abs)        000002
__end_of_ADC_maq               text46       00242A
__end_of_AD_init               text10       002818
__end_of_Read_AD               text23       001BC4
__end_of___aodiv               text35       001A48
__end_of___aomod               text34       001D28
__end_of___fldiv               text45       000DCE
__end_of___flmul               text44       000A34
__end_of___fltol               text43       001E2E
__end_of___lwdiv               text42       00235C
__end_of___lwmod               text41       0024F2
__end_of___wmul                text19       00277A
__end_of___xxtofl              text40       001418
__end_of__initialization       cinit        002480
__end_of_abs                   text33       0026A8
__end_of_disable_interrupts    text9        002842
__end_of_dtoa                  text28       00104C
__end_of_enable_interrupts     text8        00283A
__end_of_f_int0                text21       0026DC
__end_of_f_int1                text20       00284A
__end_of_f_int2                text18       0018C0
__end_of_f_interrupt_high      intcode_body 001F1C
__end_of_f_pwm                 text39       002708
__end_of_f_timers              text13       00209C
__end_of_fputc                 text31       001FE6
__end_of_fputs                 text30       002626
__end_of_interrupt_init        text7        0027FA
__end_of_lcd_cmd               text5        00272E
__end_of_lcd_dat               text37       0027E0
__end_of_lcd_init              text4        0023C4
__end_of_lcd_str               text36       0022E8
__end_of_lcd_wr                text6        002830
__end_of_ler_teclado           text16       001738
__end_of_loop                  text11       00285C
__end_of_main                  text0        00280A
__end_of_mux_display           text22       00214E
__end_of_pad                   text29       002270
__end_of_putch                 text32       00285E
__end_of_read_keyb             text17       0021F6
__end_of_read_keyboard         text15       001264
__end_of_select_channel        text48       002826
__end_of_setup                 text1        002546
__end_of_setup_io              text3        00279C
__end_of_show_to_LCD           text14       002754
__end_of_sprintf               text25       002594
__end_of_start_AD_conversion   text2        002856
__end_of_vfpfcnvrt             text27       0015B0
__end_of_vfprintf              text26       0025E2
__end_ofi2_lcd_cmd             text24       0027BE
__end_ofi2_lcd_wr              text38       002852
__end_ofi2_start_AD_conversion text47       00285A
__initialization               cinit        00242A
__mediumconst                  mediumconst  000000
__pbssBANK0                    bssBANK0     0000C1
__pbssBANK1                    bssBANK1     000100
__pbssCOMRAM                   bssCOMRAM    000076
__pcinit                       cinit        00242A
__pcstackBANK0                 cstackBANK0  0000EA
__pcstackBANK1                 cstackBANK1  000120
__pcstackCOMRAM                cstackCOMRAM 000001
__pdataBANK0                   dataBANK0    000080
__pdataCOMRAM                  dataCOMRAM   00007E
__pidataBANK0                  idataBANK0   002626
__pidataCOMRAM                 idataCOMRAM  00285E
__pintcode                     intcode      000008
__pintcode_body                intcode_body 001E2E
__pnvBANK0                     nvBANK0      0000F4
__psmallconst                  smallconst   000600
__ptext0                       text0        0027FA
__ptext1                       text1        0024F2
__ptext10                      text10       00280A
__ptext11                      text11       00285A
__ptext13                      text13       001FE6
__ptext14                      text14       00272E
__ptext15                      text15       00104C
__ptext16                      text16       0015B0
__ptext17                      text17       00214E
__ptext18                      text18       001738
__ptext19                      text19       002754
__ptext2                       text2        002852
__ptext20                      text20       002842
__ptext21                      text21       0026A8
__ptext22                      text22       00209C
__ptext23                      text23       001A48
__ptext24                      text24       00279C
__ptext25                      text25       002546
__ptext26                      text26       002594
__ptext27                      text27       001418
__ptext28                      text28       000DCE
__ptext29                      text29       0021F6
__ptext3                       text3        00277A
__ptext30                      text30       0025E2
__ptext31                      text31       001F1C
__ptext32                      text32       00285C
__ptext33                      text33       002668
__ptext34                      text34       001BC4
__ptext35                      text35       0018C0
__ptext36                      text36       002270
__ptext37                      text37       0027BE
__ptext38                      text38       00284A
__ptext39                      text39       0026DC
__ptext4                       text4        00235C
__ptext40                      text40       001264
__ptext41                      text41       00248E
__ptext42                      text42       0022E8
__ptext43                      text43       001D28
__ptext44                      text44       00060A
__ptext45                      text45       000A34
__ptext46                      text46       0023C4
__ptext47                      text47       002856
__ptext48                      text48       002818
__ptext5                       text5        002708
__ptext6                       text6        002826
__ptext7                       text7        0027E0
__ptext8                       text8        002830
__ptext9                       text9        00283A
__ramtop                       ramtop       000600
__smallconst                   smallconst   000600
_abs                           text33       002668
_buffer                        bssBANK0     0000E0
_conv7seg                      dataBANK0    0000A2
_dado1                         bssCOMRAM    00007C
_dado2                         bssCOMRAM    00007B
_dado3                         bssCOMRAM    00007A
_dado4                         bssCOMRAM    000079
_dbuf                          bssBANK1     000100
_disable_interrupts            text9        00283A
_display1                      bssBANK0     0000DE
_display2                      bssBANK0     0000DD
_display3                      bssBANK0     0000DC
_display4                      bssBANK0     0000DB
_dtoa                          text28       000DCE
_dtoa$910                      cstackCOMRAM 00002E
_duty_AD                       bssBANK0     0000D7
_duty_LCD1_TECLADO             dataCOMRAM   00007E
_duty_LCD2_TECLADO             dataBANK0    0000C0
_duty_LCD3_TECLADO             dataBANK0    0000BF
_duty_LCD4_TECLADO             dataBANK0    0000BE
_duty_teclado                  bssBANK0     0000C1
_enable_interrupts             text8        002830
_estado_sequencia01            bssBANK0     0000DA
_estado_sequencia02            bssBANK0     0000D9
_f_int0                        text21       0026A8
_f_int1                        text20       002842
_f_int2                        text18       001738
_f_interrupt_high              intcode      000008
_f_pwm                         text39       0026DC
_f_timers                      text13       001FE6
_flags                         bssBANK0     0000D5
_fputc                         text31       001F1C
_fputs                         text30       0025E2
_i                             bssCOMRAM    00007D
_interrupt_init                text7        0027E0
_lcd_cmd                       text5        002708
_lcd_dat                       text37       0027BE
_lcd_init                      text4        00235C
_lcd_str                       text36       002270
_lcd_wr                        text6        002826
_ler_teclado                   text16       0015B0
_linha1                        dataBANK0    000091
_linha2                        dataBANK0    000080
_loop                          text11       00285A
_main                          text0        0027FA
_memoria_dado                  bssBANK0     0000D6
_mux_display                   text22       00209C
_pad                           text29       0021F6
_porcentagem                   bssBANK0     0000D3
_prec                          bssBANK0     0000CF
_putch                         text32       00285C
_pwm_ventoinha                 bssCOMRAM    000076
_read_keyb                     text17       00214E
_read_keyboard                 text15       00104C
_select_channel                text48       002818
_setup                         text1        0024F2
_setup_io                      text3        00277A
_show_to_LCD                   text14       00272E
_sprintf                       text25       002546
_start_AD_conversion           text2        002852
_temporizador1                 nvBANK0      0000F6
_temporizador2                 nvBANK0      0000F4
_vfpfcnvrt                     text27       001418
_vfprintf                      text26       002594
_width                         bssBANK0     0000CD
abs@a                          cstackCOMRAM 000013
btemp                          temp         00007F
dtoa@d                         cstackCOMRAM 00001E
dtoa@fp                        cstackCOMRAM 00001C
dtoa@i                         cstackCOMRAM 00003C
dtoa@n                         cstackCOMRAM 000034
dtoa@p                         cstackCOMRAM 000030
dtoa@s                         cstackCOMRAM 00003E
dtoa@w                         cstackCOMRAM 000032
end_of_initialization          cinit        002480
f_int2@duty_normalized         bssBANK0     0000D1
f_pwm@duty                     cstackCOMRAM 000001
f_timers@counter0              dataBANK0    0000B9
f_timers@counter1              dataBANK0    0000B7
f_timers@counter2              dataBANK0    0000B5
f_timers@counter3              dataBANK0    0000B3
fputc@c                        cstackCOMRAM 000001
fputc@fp                       cstackCOMRAM 000003
fputs@c                        cstackCOMRAM 00000E
fputs@fp                       cstackCOMRAM 00000C
fputs@i                        cstackCOMRAM 00000F
fputs@s                        cstackCOMRAM 00000A
i2_lcd_cmd                     text24       00279C
i2_lcd_wr                      text38       00284A
i2_start_AD_conversion         text47       002856
i2lcd_cmd@val                  cstackCOMRAM 000002
i2lcd_wr@val                   cstackCOMRAM 000001
int$flags                      temp         00007F
int_func                       intcode_body 001E2E
intlevel0                      text         000000
intlevel1                      text         000000
intlevel2                      text         000000
intlevel3                      text         000000
isa$std                        (abs)        000001
isa$xinst                      (abs)        000000
lcd_cmd@val                    cstackBANK1  000121
lcd_dat@val                    cstackCOMRAM 000002
lcd_str@i                      cstackCOMRAM 000007
lcd_str@str                    cstackCOMRAM 000003
lcd_wr@val                     cstackBANK1  000120
ler_teclado@entrada            cstackCOMRAM 000008
ler_teclado@i                  cstackCOMRAM 000001
ler_teclado@i_390              cstackCOMRAM 000003
ler_teclado@i_391              cstackCOMRAM 000005
ler_teclado@saida              cstackCOMRAM 000007
mux_display@estado             bssBANK0     0000D8
pad@buf                        cstackCOMRAM 000013
pad@fp                         cstackCOMRAM 000011
pad@i                          cstackCOMRAM 000018
pad@p                          cstackCOMRAM 000015
pad@w                          cstackCOMRAM 00001A
read_keyb@dado                 cstackCOMRAM 000075
read_keyb@dado_RB3             cstackCOMRAM 000072
read_keyb@dado_RB4             cstackCOMRAM 000073
read_keyb@dado_RB5             cstackCOMRAM 000074
read_keyb@m_dado_RB3           dataBANK0    0000BD
read_keyb@m_dado_RB4           dataBANK0    0000BC
read_keyb@m_dado_RB5           dataBANK0    0000BB
read_keyboard@dado             bssCOMRAM    000078
read_keyboard@i                cstackCOMRAM 00000B
select_channel@channel         cstackCOMRAM 000001
sprintf@ap                     cstackCOMRAM 00005F
sprintf@f                      cstackCOMRAM 000061
sprintf@fmt                    cstackCOMRAM 00005B
sprintf@s                      cstackCOMRAM 000059
stackhi                        (abs)        000000
stacklo                        (abs)        000000
start                          init         00000E
start_initialization           cinit        00242A
ttemp5                         temp         000080
ttemp6                         temp         000083
ttemp7                         temp         000087
vfpfcnvrt@ap                   cstackCOMRAM 000043
vfpfcnvrt@convarg              cstackCOMRAM 000047
vfpfcnvrt@cp                   cstackCOMRAM 00004F
vfpfcnvrt@fmt                  cstackCOMRAM 000041
vfpfcnvrt@fp                   cstackCOMRAM 00003F
vfprintf@ap                    cstackCOMRAM 000055
vfprintf@cfmt                  cstackCOMRAM 000057
vfprintf@fmt                   cstackCOMRAM 000053
vfprintf@fp                    cstackCOMRAM 000051
wtemp8                         temp         000080


MODULE INFORMATION

Module		Function		Class		Link	Load	Size
C:\Program Files\Microchip\xc8\v2.40\pic\sources\c99\common\sprcmul.c
		___flmul       		CODE           	060A	0000	1066

C:\Program Files\Microchip\xc8\v2.40\pic\sources\c99\common\sprcmul.c estimated size: 1066

C:\Program Files\Microchip\xc8\v2.40\pic\sources\c99\common\nf_fputc.c
		_fputc         		CODE           	1F1C	0000	202

C:\Program Files\Microchip\xc8\v2.40\pic\sources\c99\common\nf_fputc.c estimated size: 202

C:\Program Files\Microchip\xc8\v2.40\pic\sources\c99\common\sprcdiv.c
		___fldiv       		CODE           	0A34	0000	922

C:\Program Files\Microchip\xc8\v2.40\pic\sources\c99\common\sprcdiv.c estimated size: 922

C:\Program Files\Microchip\xc8\v2.40\pic\sources\c99\common\nf_sprintf.c
		_sprintf       		CODE           	2546	0000	78

C:\Program Files\Microchip\xc8\v2.40\pic\sources\c99\common\nf_sprintf.c estimated size: 78

C:\Program Files\Microchip\xc8\v2.40\pic\sources\c99\common\lwdiv.c
		___lwdiv       		CODE           	22E8	0000	116

C:\Program Files\Microchip\xc8\v2.40\pic\sources\c99\common\lwdiv.c estimated size: 116

C:\Program Files\Microchip\xc8\v2.40\pic\sources\c99\common\fltol.c
		___fltol       		CODE           	1D28	0000	262

C:\Program Files\Microchip\xc8\v2.40\pic\sources\c99\common\fltol.c estimated size: 262

C:\Program Files\Microchip\xc8\v2.40\pic\sources\c99\common\Umul16.c
		___wmul        		CODE           	2754	0000	38

C:\Program Files\Microchip\xc8\v2.40\pic\sources\c99\common\Umul16.c estimated size: 38

teclado.c
		_ler_teclado   		CODE           	15B0	0000	392

teclado.c estimated size: 392

C:\Program Files\Microchip\xc8\v2.40\pic\sources\c99\common\abs.c
		_abs           		CODE           	2668	0000	64

C:\Program Files\Microchip\xc8\v2.40\pic\sources\c99\common\abs.c estimated size: 64

IO.c
		_setup_io      		CODE           	277A	0000	34
		_setup         		CODE           	24F2	0000	84

IO.c estimated size: 118

C:\Program Files\Microchip\xc8\v2.40\pic\sources\c99\common\xxtofl.c
		___xxtofl      		CODE           	1264	0000	436

C:\Program Files\Microchip\xc8\v2.40\pic\sources\c99\common\xxtofl.c estimated size: 436

C:\Program Files\Microchip\xc8\v2.40\pic\sources\c99\common\nf_fputs.c
		_fputs         		CODE           	25E2	0000	68

C:\Program Files\Microchip\xc8\v2.40\pic\sources\c99\common\nf_fputs.c estimated size: 68

C:\Program Files\Microchip\xc8\v2.40\pic\sources\c99\common\aomod.c
		___aomod       		CODE           	1BC4	0000	356

C:\Program Files\Microchip\xc8\v2.40\pic\sources\c99\common\aomod.c estimated size: 356

shared
		i2_start_AD_conversion		CODE           	2856	0000	4
		__initialization		CODE           	242A	0000	86
		i2_lcd_wr      		CODE           	284A	0000	8
		i2_lcd_cmd     		CODE           	279C	0000	34

shared estimated size: 132

Interrupt.c
		_disable_interrupts		CODE           	283A	0000	8
		_f_timers      		CODE           	1FE6	0000	182
		_enable_interrupts		CODE           	2830	0000	10
		_f_interrupt_high		CODE           	0008	0000	244
		_interrupt_init		CODE           	27E0	0000	26

Interrupt.c estimated size: 470

Display.c
		_mux_display   		CODE           	209C	0000	178

Display.c estimated size: 178

ADC.c
		_ADC_maq       		CODE           	23C4	0000	102
		_AD_init       		CODE           	280A	0000	14
		_select_channel		CODE           	2818	0000	14
		_start_AD_conversion		CODE           	2852	0000	4

ADC.c estimated size: 134

C:\Program Files\Microchip\xc8\v2.40\pic\sources\c99\common\lwmod.c
		___lwmod       		CODE           	248E	0000	100

C:\Program Files\Microchip\xc8\v2.40\pic\sources\c99\common\lwmod.c estimated size: 100

C:\Program Files\Microchip\xc8\v2.40\pic\sources\c99\common\putch.c
		_putch         		CODE           	285C	0000	2

C:\Program Files\Microchip\xc8\v2.40\pic\sources\c99\common\putch.c estimated size: 2

lcd.c
		_lcd_cmd       		CODE           	2708	0000	38
		_lcd_dat       		CODE           	27BE	0000	34
		_lcd_wr        		CODE           	2826	0000	10
		_lcd_str       		CODE           	2270	0000	120
		_lcd_init      		CODE           	235C	0000	104

lcd.c estimated size: 306

C:\Program Files\Microchip\xc8\v2.40\pic\sources\c99\common\doprnt.c
		_vfpfcnvrt     		CODE           	1418	0000	408
		_pad           		CODE           	21F6	0000	122
		_dtoa          		CODE           	0DCE	0000	638
		_vfprintf      		CODE           	2594	0000	78

C:\Program Files\Microchip\xc8\v2.40\pic\sources\c99\common\doprnt.c estimated size: 1246

main.c
		_f_pwm         		CODE           	26DC	0000	44
		_read_keyboard 		CODE           	104C	0000	536
		_loop          		CODE           	285A	0000	2
		_show_to_LCD   		CODE           	272E	0000	38
		_main          		CODE           	27FA	0000	16
		_f_int2        		CODE           	1738	0000	392
		_Read_AD       		CODE           	1A48	0000	380
		_f_int0        		CODE           	26A8	0000	52
		_read_keyb     		CODE           	214E	0000	168
		_f_int1        		CODE           	2842	0000	8

main.c estimated size: 1636

C:\Program Files\Microchip\xc8\v2.40\pic\sources\c99\common\aodiv.c
		___aodiv       		CODE           	18C0	0000	392

C:\Program Files\Microchip\xc8\v2.40\pic\sources\c99\common\aodiv.c estimated size: 392

